// Vitest Snapshot v1, https://vitest.dev/guide/snapshot.html

exports[`armor-sets catalog (interlude) matches snapshot 1`] = `
[
  {
    "bonusSkill": {
      "description": "Increases P. Def. and Max HP.",
      "effects": [
        {
          "op": "mul",
          "stat": "pDef",
          "value": 1.02,
        },
        {
          "op": "add",
          "stat": "maxHp",
          "value": 41,
        },
      ],
      "iconFile": null,
      "id": 3500,
      "level": 1,
      "name": "Wooden Set",
      "operateType": "OP_PASSIVE",
      "power": null,
      "skillType": "BUFF",
      "target": "TARGET_SELF",
    },
    "id": 1,
    "name": "Wooden Set",
    "pieces": {
      "chest": {
        "iconFile": "armor_t06_u_i00.png",
        "itemId": 23,
        "name": "Wooden Breastplate",
      },
      "head": {
        "iconFile": "armor_leather_helmet_i00.png",
        "itemId": 43,
        "name": "Wooden Helmet",
      },
      "legs": {
        "iconFile": "armor_t06_l_i00.png",
        "itemId": 2386,
        "name": "Wooden Gaiters",
      },
    },
  },
  {
    "bonusSkill": {
      "description": "Increases Casting Spd.",
      "effects": [
        {
          "op": "mul",
          "stat": "mAtkSpd",
          "value": 1.15,
        },
      ],
      "iconFile": null,
      "id": 3501,
      "level": 1,
      "name": "Devotion Set",
      "operateType": "OP_PASSIVE",
      "power": null,
      "skillType": "BUFF",
      "target": "TARGET_SELF",
    },
    "id": 2,
    "name": "Devotion Set",
    "pieces": {
      "chest": {
        "iconFile": "armor_t55_u_i00.png",
        "itemId": 1101,
        "name": "Tunic of Devotion",
      },
      "head": {
        "iconFile": "armor_leather_helmet_i00.png",
        "itemId": 44,
        "name": "Leather Helmet",
      },
      "legs": {
        "iconFile": "armor_t55_l_i00.png",
        "itemId": 1104,
        "name": "Stockings of Devotion",
      },
    },
  },
  {
    "bonusSkill": {
      "description": "Increases resistance to poison attack.",
      "iconFile": null,
      "id": 3502,
      "level": 1,
      "name": "Mithril Heavy Armor Set",
      "operateType": "OP_PASSIVE",
      "power": null,
      "skillType": "BUFF",
      "target": "TARGET_SELF",
    },
    "enchant6BonusSkill": {
      "description": "Increases P. Def. and MP regeneration by enchanting set items.",
      "effects": [
        {
          "op": "add",
          "stat": "pDef",
          "value": 25,
        },
        {
          "op": "add",
          "stat": "regMp",
          "value": 2,
        },
      ],
      "iconFile": null,
      "id": 3611,
      "level": 1,
      "name": "Enchant Heavy Armor (Grade D)",
      "operateType": "OP_PASSIVE",
      "power": null,
      "skillType": "BUFF",
      "target": "TARGET_SELF",
    },
    "id": 3,
    "name": "Mithril Robe Set",
    "pieces": {
      "chest": {
        "iconFile": "armor_t19_u_i00.png",
        "itemId": 58,
        "name": "Mithril Breastplate",
      },
      "head": {
        "iconFile": "armor_helmet_i00.png",
        "itemId": 47,
        "name": "Helmet",
      },
      "legs": {
        "iconFile": "armor_t19_l_i00.png",
        "itemId": 59,
        "name": "Mithril Gaiters",
      },
    },
    "shield": {
      "bonusSkill": {
        "description": "Increases maximum HP.",
        "effects": [
          {
            "op": "add",
            "stat": "maxHp",
            "value": 126,
          },
        ],
        "iconFile": null,
        "id": 3543,
        "level": 1,
        "name": "Equipped with Shield",
        "operateType": "OP_PASSIVE",
        "power": null,
        "skillType": "BUFF",
        "target": "TARGET_SELF",
      },
      "piece": {
        "iconFile": "shield_hoplon_i00.png",
        "itemId": 628,
        "name": "Hoplon",
      },
    },
  },
  {
    "bonusSkill": {
      "description": "Increases P. Def. and Max HP.",
      "effects": [
        {
          "op": "mul",
          "stat": "pDef",
          "value": 1.05,
        },
        {
          "op": "add",
          "stat": "maxHp",
          "value": 153,
        },
      ],
      "iconFile": null,
      "id": 3506,
      "level": 1,
      "name": "Brigandine Set",
      "operateType": "OP_PASSIVE",
      "power": null,
      "skillType": "BUFF",
      "target": "TARGET_SELF",
    },
    "enchant6BonusSkill": {
      "description": "Increases P. Def. and MP regeneration by enchanting set items.",
      "effects": [
        {
          "op": "add",
          "stat": "pDef",
          "value": 25,
        },
        {
          "op": "add",
          "stat": "regMp",
          "value": 2,
        },
      ],
      "iconFile": null,
      "id": 3611,
      "level": 1,
      "name": "Enchant Heavy Armor (Grade D)",
      "operateType": "OP_PASSIVE",
      "power": null,
      "skillType": "BUFF",
      "target": "TARGET_SELF",
    },
    "id": 4,
    "name": "Brigandine Set",
    "pieces": {
      "chest": {
        "iconFile": "armor_t43_u_i00.png",
        "itemId": 352,
        "name": "Brigandine Tunic",
      },
      "head": {
        "iconFile": "armor_leather_helmet_i00.png",
        "itemId": 2411,
        "name": "Brigandine Helmet",
      },
      "legs": {
        "iconFile": "armor_t43_l_i00.png",
        "itemId": 2378,
        "name": "Brigandine Gaiters",
      },
    },
    "shield": {
      "bonusSkill": {
        "description": "Increases maximum HP.",
        "effects": [
          {
            "op": "add",
            "stat": "maxHp",
            "value": 20,
          },
        ],
        "iconFile": null,
        "id": 3544,
        "level": 1,
        "name": "Equipped with Shield",
        "operateType": "OP_PASSIVE",
        "power": null,
        "skillType": "BUFF",
        "target": "TARGET_SELF",
      },
      "piece": {
        "iconFile": "shield_brigandine_shield_i00.png",
        "itemId": 2493,
        "name": "Brigandine Shield",
      },
    },
  },
  {
    "bonusSkill": {
      "description": "Increases Maximum MP.",
      "effects": [
        {
          "op": "add",
          "stat": "maxMp",
          "value": 80,
        },
      ],
      "iconFile": null,
      "id": 3503,
      "level": 1,
      "name": "Reinforced Leather Set",
      "operateType": "OP_PASSIVE",
      "power": null,
      "skillType": "BUFF",
      "target": "TARGET_SELF",
    },
    "enchant6BonusSkill": {
      "description": "Increases M. Def. and Evasion by enchanting set items.",
      "effects": [
        {
          "op": "add",
          "stat": "rEvas",
          "value": 2,
        },
        {
          "op": "add",
          "stat": "mDef",
          "value": 12,
        },
      ],
      "iconFile": null,
      "id": 3612,
      "level": 1,
      "name": "Enchant Light Armor (Grade D)",
      "operateType": "OP_PASSIVE",
      "power": null,
      "skillType": "BUFF",
      "target": "TARGET_SELF",
    },
    "id": 5,
    "name": "Reinforced Leather Set",
    "pieces": {
      "chest": {
        "iconFile": "armor_t13_u_i00.png",
        "itemId": 394,
        "name": "Reinforced Leather Shirt",
      },
      "feet": {
        "iconFile": "armor_t13_b_i00.png",
        "itemId": 2422,
        "name": "Reinforced Leather Boots",
      },
      "legs": {
        "iconFile": "armor_t13_l_i00.png",
        "itemId": 416,
        "name": "Reinforced Leather Gaiters",
      },
    },
  },
  {
    "bonusSkill": {
      "description": "Increases Maximum MP.",
      "effects": [
        {
          "op": "add",
          "stat": "maxMp",
          "value": 92,
        },
      ],
      "iconFile": null,
      "id": 3505,
      "level": 1,
      "name": "Manticore Set",
      "operateType": "OP_PASSIVE",
      "power": null,
      "skillType": "BUFF",
      "target": "TARGET_SELF",
    },
    "enchant6BonusSkill": {
      "description": "Increases M. Def. and Evasion by enchanting set items.",
      "effects": [
        {
          "op": "add",
          "stat": "rEvas",
          "value": 2,
        },
        {
          "op": "add",
          "stat": "mDef",
          "value": 12,
        },
      ],
      "iconFile": null,
      "id": 3612,
      "level": 1,
      "name": "Enchant Light Armor (Grade D)",
      "operateType": "OP_PASSIVE",
      "power": null,
      "skillType": "BUFF",
      "target": "TARGET_SELF",
    },
    "id": 6,
    "name": "Manticore Skin Set",
    "pieces": {
      "chest": {
        "iconFile": "armor_t42_u_i00.png",
        "itemId": 395,
        "name": "Manticore Skin Shirt",
      },
      "feet": {
        "iconFile": "armor_t42_b_i00.png",
        "itemId": 2424,
        "name": "Manticore Skin Boots",
      },
      "legs": {
        "iconFile": "armor_t42_l_i00.png",
        "itemId": 417,
        "name": "Manticore Skin Gaiters",
      },
    },
  },
  {
    "bonusSkill": {
      "description": "Decreases MP regeneration and increases M. Atk.",
      "effects": [
        {
          "op": "mul",
          "stat": "mAtk",
          "value": 1.1,
        },
        {
          "op": "mul",
          "stat": "regMp",
          "value": 0.95,
        },
      ],
      "iconFile": null,
      "id": 3504,
      "level": 1,
      "name": "Knowledge Set",
      "operateType": "OP_PASSIVE",
      "power": null,
      "skillType": "BUFF",
      "target": "TARGET_SELF",
    },
    "enchant6BonusSkill": {
      "description": "Increases P. Def. and weight capacity by enchanting set items.",
      "effects": [
        {
          "op": "mul",
          "stat": "maxLoad",
          "value": 1.3,
        },
        {
          "op": "add",
          "stat": "pDef",
          "value": 16,
        },
      ],
      "iconFile": null,
      "id": 3613,
      "level": 1,
      "name": "Enchant Robe (Grade D)",
      "operateType": "OP_PASSIVE",
      "power": null,
      "skillType": "BUFF",
      "target": "TARGET_SELF",
    },
    "id": 7,
    "name": "Knowledge Set",
    "pieces": {
      "chest": {
        "iconFile": "armor_t41_u_i00.png",
        "itemId": 436,
        "name": "Tunic of Knowledge",
      },
      "gloves": {
        "iconFile": "armor_t41_g_i00.png",
        "itemId": 2447,
        "name": "Gloves of Knowledge",
      },
      "legs": {
        "iconFile": "armor_t41_l_i00.png",
        "itemId": 469,
        "name": "Stockings of Knowledge",
      },
    },
  },
  {
    "bonusSkill": {
      "description": "Increases Speed. INT-1, WIT+1.",
      "effects": [
        {
          "op": "add",
          "stat": "runSpd",
          "value": 7,
        },
        {
          "op": "add",
          "stat": "WIT",
          "value": 1,
        },
      ],
      "iconFile": null,
      "id": 3507,
      "level": 1,
      "name": "Elven Mithril Set",
      "operateType": "OP_PASSIVE",
      "power": null,
      "skillType": "BUFF",
      "target": "TARGET_SELF",
    },
    "enchant6BonusSkill": {
      "description": "Increases P. Def. and weight capacity by enchanting set items.",
      "effects": [
        {
          "op": "mul",
          "stat": "maxLoad",
          "value": 1.3,
        },
        {
          "op": "add",
          "stat": "pDef",
          "value": 16,
        },
      ],
      "iconFile": null,
      "id": 3613,
      "level": 1,
      "name": "Enchant Robe (Grade D)",
      "operateType": "OP_PASSIVE",
      "power": null,
      "skillType": "BUFF",
      "target": "TARGET_SELF",
    },
    "id": 8,
    "name": "Mithril Robe Set",
    "pieces": {
      "chest": {
        "iconFile": "armor_t51_u_i00.png",
        "itemId": 437,
        "name": "Mithril Tunic",
      },
      "gloves": {
        "iconFile": "armor_t51_g_i00.png",
        "itemId": 2450,
        "name": "Elven Mithril Gloves",
      },
      "legs": {
        "iconFile": "armor_t51_l_i00.png",
        "itemId": 470,
        "name": "Mithril Stockings",
      },
    },
  },
  {
    "bonusSkill": {
      "description": "Increases resistance to Dagger attacks.",
      "effects": [
        {
          "op": "mul",
          "stat": "daggerWpnVuln",
          "value": 0.9476,
        },
      ],
      "iconFile": null,
      "id": 3509,
      "level": 1,
      "name": "Chain Mail Set",
      "operateType": "OP_PASSIVE",
      "power": null,
      "skillType": "BUFF",
      "target": "TARGET_SELF",
    },
    "enchant6BonusSkill": {
      "description": "Increases P. Def. and MP regeneration by enchanting set items.",
      "effects": [
        {
          "op": "add",
          "stat": "pDef",
          "value": 38,
        },
        {
          "op": "add",
          "stat": "regMp",
          "value": 2,
        },
      ],
      "iconFile": null,
      "id": 3614,
      "level": 1,
      "name": "Enchant Heavy Armor (Grade C)",
      "operateType": "OP_PASSIVE",
      "power": null,
      "skillType": "BUFF",
      "target": "TARGET_SELF",
    },
    "id": 9,
    "name": "Chain Mail Set",
    "pieces": {
      "chest": {
        "iconFile": "armor_t48_u_i00.png",
        "itemId": 354,
        "name": "Chain Mail Shirt",
      },
      "head": {
        "iconFile": "armor_leather_helmet_i00.png",
        "itemId": 2413,
        "name": "Chain Hood",
      },
      "legs": {
        "iconFile": "armor_t48_l_i00.png",
        "itemId": 381,
        "name": "Chain Gaiters",
      },
    },
    "shield": {
      "bonusSkill": {
        "description": "Increases maximum HP.",
        "effects": [
          {
            "op": "add",
            "stat": "maxHp",
            "value": 198,
          },
        ],
        "iconFile": null,
        "id": 3545,
        "level": 1,
        "name": "Equipped with Shield",
        "operateType": "OP_PASSIVE",
        "power": null,
        "skillType": "BUFF",
        "target": "TARGET_SELF",
      },
      "piece": {
        "iconFile": "shield_chain_shield_i00.png",
        "itemId": 2495,
        "name": "Chain Shield",
      },
    },
  },
  {
    "bonusSkill": {
      "description": "Increases your weight capacity.",
      "effects": [
        {
          "op": "add",
          "stat": "maxLoad",
          "value": 5795,
        },
      ],
      "iconFile": null,
      "id": 3512,
      "level": 1,
      "name": "Composite Heavy Armor Set",
      "operateType": "OP_PASSIVE",
      "power": null,
      "skillType": "BUFF",
      "target": "TARGET_SELF",
    },
    "enchant6BonusSkill": {
      "description": "Increases P. Def. and MP regeneration by enchanting set items.",
      "effects": [
        {
          "op": "add",
          "stat": "pDef",
          "value": 38,
        },
        {
          "op": "add",
          "stat": "regMp",
          "value": 2,
        },
      ],
      "iconFile": null,
      "id": 3614,
      "level": 1,
      "name": "Enchant Heavy Armor (Grade C)",
      "operateType": "OP_PASSIVE",
      "power": null,
      "skillType": "BUFF",
      "target": "TARGET_SELF",
    },
    "id": 10,
    "name": "Composite Set",
    "pieces": {
      "chest": {
        "iconFile": "armor_t61_ul_i00.png",
        "itemId": 60,
        "name": "Composite Armor",
      },
      "head": {
        "iconFile": "armor_leather_helmet_i00.png",
        "itemId": 517,
        "name": "Composite Helmet",
      },
    },
    "shield": {
      "bonusSkill": {
        "description": "Increases M. Def.",
        "effects": [
          {
            "op": "mul",
            "stat": "mDef",
            "value": 1.0526,
          },
        ],
        "iconFile": null,
        "id": 3546,
        "level": 1,
        "name": "Equipped with Shield",
        "operateType": "OP_PASSIVE",
        "power": null,
        "skillType": "BUFF",
        "target": "TARGET_SELF",
      },
      "piece": {
        "iconFile": "shield_composite_shield_i00.png",
        "itemId": 107,
        "name": "Composite Shield",
      },
    },
  },
  {
    "bonusSkill": {
      "description": "Increases maximum HP.",
      "effects": [
        {
          "op": "add",
          "stat": "maxHp",
          "value": 270,
        },
      ],
      "iconFile": null,
      "id": 3516,
      "level": 1,
      "name": "Full Plate Set",
      "operateType": "OP_PASSIVE",
      "power": null,
      "skillType": "BUFF",
      "target": "TARGET_SELF",
    },
    "enchant6BonusSkill": {
      "description": "Increases P. Def. and MP regeneration by enchanting set items.",
      "effects": [
        {
          "op": "add",
          "stat": "pDef",
          "value": 38,
        },
        {
          "op": "add",
          "stat": "regMp",
          "value": 2,
        },
      ],
      "iconFile": null,
      "id": 3614,
      "level": 1,
      "name": "Enchant Heavy Armor (Grade C)",
      "operateType": "OP_PASSIVE",
      "power": null,
      "skillType": "BUFF",
      "target": "TARGET_SELF",
    },
    "id": 11,
    "name": "Full Plate Set",
    "pieces": {
      "chest": {
        "iconFile": "armor_t62_ul_i00.png",
        "itemId": 356,
        "name": "Full Plate Armor",
      },
      "head": {
        "iconFile": "armor_leather_helmet_i00.png",
        "itemId": 2414,
        "name": "Full Plate Helmet",
      },
    },
    "shield": {
      "bonusSkill": {
        "description": "Increases shield defense rate.",
        "effects": [
          {
            "op": "mul",
            "stat": "rShld",
            "value": 1.0525,
          },
        ],
        "iconFile": null,
        "id": 3547,
        "level": 1,
        "name": "Equipped with Shield",
        "operateType": "OP_PASSIVE",
        "power": null,
        "skillType": "BUFF",
        "target": "TARGET_SELF",
      },
      "piece": {
        "iconFile": "shield_full_plate_shield_i00.png",
        "itemId": 2497,
        "name": "Full Plate Shield",
      },
    },
  },
  {
    "bonusSkill": {
      "description": "Increases Evasion.",
      "effects": [
        {
          "op": "add",
          "stat": "rEvas",
          "value": 4,
        },
      ],
      "iconFile": null,
      "id": 3508,
      "level": 1,
      "name": "Mithril Light Armor Set",
      "operateType": "OP_PASSIVE",
      "power": null,
      "skillType": "BUFF",
      "target": "TARGET_SELF",
    },
    "enchant6BonusSkill": {
      "description": "Increases M. Def. and Evasion by enchanting set items.",
      "effects": [
        {
          "op": "add",
          "stat": "rEvas",
          "value": 2,
        },
        {
          "op": "add",
          "stat": "mDef",
          "value": 20,
        },
      ],
      "iconFile": null,
      "id": 3615,
      "level": 1,
      "name": "Enchant Light Armor (Grade C)",
      "operateType": "OP_PASSIVE",
      "power": null,
      "skillType": "BUFF",
      "target": "TARGET_SELF",
    },
    "id": 12,
    "name": "Mithril Light Set",
    "pieces": {
      "chest": {
        "iconFile": "armor_t47_u_i00.png",
        "itemId": 397,
        "name": "Mithril Shirt",
      },
      "feet": {
        "iconFile": "armor_t47_b_i00.png",
        "itemId": 62,
        "name": "Mithril Boots",
      },
      "legs": {
        "iconFile": "armor_t47_l_i00.png",
        "itemId": 2387,
        "name": "Tempered Mithril Gaiters",
      },
    },
  },
  {
    "bonusSkill": {
      "description": "STR+4, CON-1.",
      "effects": [
        {
          "op": "add",
          "stat": "STR",
          "value": 4,
        },
      ],
      "iconFile": null,
      "id": 3511,
      "level": 1,
      "name": "Plated Leather Set",
      "operateType": "OP_PASSIVE",
      "power": null,
      "skillType": "BUFF",
      "target": "TARGET_SELF",
    },
    "enchant6BonusSkill": {
      "description": "Increases M. Def. and Evasion by enchanting set items.",
      "effects": [
        {
          "op": "add",
          "stat": "rEvas",
          "value": 2,
        },
        {
          "op": "add",
          "stat": "mDef",
          "value": 20,
        },
      ],
      "iconFile": null,
      "id": 3615,
      "level": 1,
      "name": "Enchant Light Armor (Grade C)",
      "operateType": "OP_PASSIVE",
      "power": null,
      "skillType": "BUFF",
      "target": "TARGET_SELF",
    },
    "id": 13,
    "name": "Plated Leather Set",
    "pieces": {
      "chest": {
        "iconFile": "armor_t47_u_i00.png",
        "itemId": 398,
        "name": "Plated Leather",
      },
      "feet": {
        "iconFile": "armor_t47_b_i00.png",
        "itemId": 2431,
        "name": "Plated Leather Boots",
      },
      "legs": {
        "iconFile": "armor_t47_l_i00.png",
        "itemId": 418,
        "name": "Plated Leather Gaiters",
      },
    },
  },
  {
    "bonusSkill": {
      "description": "Increases P. Def.",
      "effects": [
        {
          "op": "mul",
          "stat": "pDef",
          "value": 1.0524,
        },
      ],
      "iconFile": null,
      "id": 3514,
      "level": 1,
      "name": "Theca Leather Light Armor Set",
      "operateType": "OP_PASSIVE",
      "power": null,
      "skillType": "BUFF",
      "target": "TARGET_SELF",
    },
    "enchant6BonusSkill": {
      "description": "Increases M. Def. and Evasion by enchanting set items.",
      "effects": [
        {
          "op": "add",
          "stat": "rEvas",
          "value": 2,
        },
        {
          "op": "add",
          "stat": "mDef",
          "value": 20,
        },
      ],
      "iconFile": null,
      "id": 3615,
      "level": 1,
      "name": "Enchant Light Armor (Grade C)",
      "operateType": "OP_PASSIVE",
      "power": null,
      "skillType": "BUFF",
      "target": "TARGET_SELF",
    },
    "id": 14,
    "name": "Theca Leather Set",
    "pieces": {
      "chest": {
        "iconFile": "armor_t63_u_i00.png",
        "itemId": 400,
        "name": "Theca Leather Armor",
      },
      "feet": {
        "iconFile": "armor_t63_b_i00.png",
        "itemId": 2436,
        "name": "Theca Leather Boots",
      },
      "legs": {
        "iconFile": "armor_t63_l_i00.png",
        "itemId": 420,
        "name": "Theca Leather Gaiters",
      },
    },
  },
  {
    "bonusSkill": {
      "description": "Increases M. Def.",
      "effects": [
        {
          "op": "mul",
          "stat": "mDef",
          "value": 1.0524,
        },
      ],
      "iconFile": null,
      "id": 3515,
      "level": 1,
      "name": "Drake Leather Set",
      "operateType": "OP_PASSIVE",
      "power": null,
      "skillType": "BUFF",
      "target": "TARGET_SELF",
    },
    "enchant6BonusSkill": {
      "description": "Increases M. Def. and Evasion by enchanting set items.",
      "effects": [
        {
          "op": "add",
          "stat": "rEvas",
          "value": 2,
        },
        {
          "op": "add",
          "stat": "mDef",
          "value": 20,
        },
      ],
      "iconFile": null,
      "id": 3615,
      "level": 1,
      "name": "Enchant Light Armor (Grade C)",
      "operateType": "OP_PASSIVE",
      "power": null,
      "skillType": "BUFF",
      "target": "TARGET_SELF",
    },
    "id": 15,
    "name": "Drake Leather Set",
    "pieces": {
      "chest": {
        "iconFile": "armor_t21_ul_i00.png",
        "itemId": 401,
        "name": "Drake Leather Armor",
      },
      "feet": {
        "iconFile": "armor_t21_b_i00.png",
        "itemId": 2437,
        "name": "Drake Leather Boots",
      },
    },
  },
  {
    "bonusSkill": {
      "description": "Increases P. Def. and Casting Spd.",
      "effects": [
        {
          "op": "mul",
          "stat": "pDef",
          "value": 1.0524,
        },
        {
          "op": "mul",
          "stat": "mAtkSpd",
          "value": 1.15,
        },
      ],
      "iconFile": null,
      "id": 3510,
      "level": 1,
      "name": "Karmian Set",
      "operateType": "OP_PASSIVE",
      "power": null,
      "skillType": "BUFF",
      "target": "TARGET_SELF",
    },
    "enchant6BonusSkill": {
      "description": "Increases P. Def. and weight capacity by enchanting set items.",
      "effects": [
        {
          "op": "mul",
          "stat": "maxLoad",
          "value": 1.3,
        },
        {
          "op": "add",
          "stat": "pDef",
          "value": 24,
        },
      ],
      "iconFile": null,
      "id": 3616,
      "level": 1,
      "name": "Enchant Robe (Grade C)",
      "operateType": "OP_PASSIVE",
      "power": null,
      "skillType": "BUFF",
      "target": "TARGET_SELF",
    },
    "id": 16,
    "name": "Karmian Set",
    "pieces": {
      "chest": {
        "iconFile": "armor_t53_u_i00.png",
        "itemId": 439,
        "name": "Karmian Tunic",
      },
      "gloves": {
        "iconFile": "armor_t53_g_i00.png",
        "itemId": 2454,
        "name": "Karmian Gloves",
      },
      "legs": {
        "iconFile": "armor_t53_l_i00.png",
        "itemId": 471,
        "name": "Karmian Stockings",
      },
    },
  },
  {
    "bonusSkill": {
      "description": "Reduces maximum HP. INT+4, WIT-1.",
      "effects": [
        {
          "op": "add",
          "stat": "INT",
          "value": 4,
        },
      ],
      "iconFile": null,
      "id": 3513,
      "level": 1,
      "name": "Demon's Set",
      "operateType": "OP_PASSIVE",
      "power": null,
      "skillType": "BUFF",
      "target": "TARGET_SELF",
    },
    "enchant6BonusSkill": {
      "description": "Increases P. Def. and weight capacity by enchanting set items.",
      "effects": [
        {
          "op": "mul",
          "stat": "maxLoad",
          "value": 1.3,
        },
        {
          "op": "add",
          "stat": "pDef",
          "value": 24,
        },
      ],
      "iconFile": null,
      "id": 3616,
      "level": 1,
      "name": "Enchant Robe (Grade C)",
      "operateType": "OP_PASSIVE",
      "power": null,
      "skillType": "BUFF",
      "target": "TARGET_SELF",
    },
    "id": 17,
    "name": "Demon Set",
    "pieces": {
      "chest": {
        "iconFile": "armor_t54_u_i00.png",
        "itemId": 441,
        "name": "Demon's Tunic",
      },
      "gloves": {
        "iconFile": "armor_t54_g_i00.png",
        "itemId": 2459,
        "name": "Demon's Gloves",
      },
      "legs": {
        "iconFile": "armor_t54_l_i00.png",
        "itemId": 472,
        "name": "Demon's Stockings",
      },
    },
  },
  {
    "bonusSkill": {
      "description": "Increases P. Def. and Max MP. INT-1, WIT+1.",
      "effects": [
        {
          "op": "mul",
          "stat": "pDef",
          "value": 1.0524,
        },
        {
          "op": "add",
          "stat": "maxMp",
          "value": 171,
        },
        {
          "op": "add",
          "stat": "WIT",
          "value": 1,
        },
      ],
      "iconFile": null,
      "id": 3517,
      "level": 1,
      "name": "Divine Set",
      "operateType": "OP_PASSIVE",
      "power": null,
      "skillType": "BUFF",
      "target": "TARGET_SELF",
    },
    "enchant6BonusSkill": {
      "description": "Increases P. Def. and weight capacity by enchanting set items.",
      "effects": [
        {
          "op": "mul",
          "stat": "maxLoad",
          "value": 1.3,
        },
        {
          "op": "add",
          "stat": "pDef",
          "value": 24,
        },
      ],
      "iconFile": null,
      "id": 3616,
      "level": 1,
      "name": "Enchant Robe (Grade C)",
      "operateType": "OP_PASSIVE",
      "power": null,
      "skillType": "BUFF",
      "target": "TARGET_SELF",
    },
    "id": 18,
    "name": "Divine Set",
    "pieces": {
      "chest": {
        "iconFile": "armor_t57_u_i00.png",
        "itemId": 442,
        "name": "Divine Tunic",
      },
      "gloves": {
        "iconFile": "armor_t57_g_i00.png",
        "itemId": 2463,
        "name": "Divine Gloves",
      },
      "legs": {
        "iconFile": "armor_t57_l_i00.png",
        "itemId": 473,
        "name": "Divine Stockings",
      },
    },
  },
  {
    "bonusSkill": {
      "description": "Increases P. Def. and Max HP.",
      "effects": [
        {
          "op": "mul",
          "stat": "pDef",
          "value": 1.0524,
        },
        {
          "op": "add",
          "stat": "maxHp",
          "value": 294,
        },
      ],
      "iconFile": null,
      "id": 3518,
      "level": 1,
      "name": "Zubei's Heavy Armor Set",
      "operateType": "OP_PASSIVE",
      "power": null,
      "skillType": "BUFF",
      "target": "TARGET_SELF",
    },
    "enchant6BonusSkill": {
      "description": "Increases P. Def. and MP regeneration by enchanting set items.",
      "effects": [
        {
          "op": "add",
          "stat": "pDef",
          "value": 44,
        },
        {
          "op": "add",
          "stat": "regMp",
          "value": 2,
        },
      ],
      "iconFile": null,
      "id": 3617,
      "level": 1,
      "name": "Enchant Heavy Armor (Grade B)",
      "operateType": "OP_PASSIVE",
      "power": null,
      "skillType": "BUFF",
      "target": "TARGET_SELF",
    },
    "id": 19,
    "name": "Zubei Heavy Set",
    "pieces": {
      "chest": {
        "iconFile": "armor_t64_u_i00.png",
        "itemId": 357,
        "name": "Zubei's Breastplate",
      },
      "feet": {
        "iconFile": "armor_t64_b_i00.png",
        "itemId": 5726,
        "name": "Zubei's Boots - Heavy Armor",
      },
      "gloves": {
        "iconFile": "armor_t64_g_i00.png",
        "itemId": 5710,
        "name": "Zubei's Gauntlets - Heavy Armor",
      },
      "head": {
        "iconFile": "armor_helmet_i00.png",
        "itemId": 503,
        "name": "Zubei's Helmet",
      },
      "legs": {
        "iconFile": "armor_t64_l_i00.png",
        "itemId": 383,
        "name": "Zubei's Gaiters",
      },
    },
  },
  {
    "bonusSkill": {
      "description": "Increases Evasion.",
      "effects": [
        {
          "op": "add",
          "stat": "rEvas",
          "value": 4,
        },
      ],
      "iconFile": null,
      "id": 3520,
      "level": 1,
      "name": "Zubei's Leather Shirt Light Armor Set",
      "operateType": "OP_PASSIVE",
      "power": null,
      "skillType": "BUFF",
      "target": "TARGET_SELF",
    },
    "enchant6BonusSkill": {
      "description": "Increases M. Def. and Evasion by enchanting set items.",
      "effects": [
        {
          "op": "add",
          "stat": "rEvas",
          "value": 2,
        },
        {
          "op": "add",
          "stat": "mDef",
          "value": 24,
        },
      ],
      "iconFile": null,
      "id": 3618,
      "level": 1,
      "name": "Enchant Light Armor (Grade B)",
      "operateType": "OP_PASSIVE",
      "power": null,
      "skillType": "BUFF",
      "target": "TARGET_SELF",
    },
    "id": 20,
    "name": "Zubei Light Set",
    "pieces": {
      "chest": {
        "iconFile": "armor_t65_u_i00.png",
        "itemId": 2384,
        "name": "Zubei's Leather Shirt",
      },
      "feet": {
        "iconFile": "armor_t65_b_i00.png",
        "itemId": 5727,
        "name": "Zubei's Boots - Light Armor",
      },
      "gloves": {
        "iconFile": "armor_t65_g_i00.png",
        "itemId": 5711,
        "name": "Zubei's Gauntlets - Light Armor",
      },
      "head": {
        "iconFile": "armor_helmet_i00.png",
        "itemId": 503,
        "name": "Zubei's Helmet",
      },
      "legs": {
        "iconFile": "armor_t65_l_i00.png",
        "itemId": 2388,
        "name": "Zubei's Leather Gaiters",
      },
    },
  },
  {
    "bonusSkill": {
      "description": "Decreases MP regeneration and increases M. Atk.",
      "effects": [
        {
          "op": "mul",
          "stat": "mAtk",
          "value": 1.1,
        },
        {
          "op": "mul",
          "stat": "regMp",
          "value": 0.95,
        },
      ],
      "iconFile": null,
      "id": 3522,
      "level": 1,
      "name": "Tunic of Zubei Robe Set",
      "operateType": "OP_PASSIVE",
      "power": null,
      "skillType": "BUFF",
      "target": "TARGET_SELF",
    },
    "enchant6BonusSkill": {
      "description": "Increases P. Def. and weight capacity by enchanting set items.",
      "effects": [
        {
          "op": "mul",
          "stat": "maxLoad",
          "value": 1.3,
        },
        {
          "op": "add",
          "stat": "pDef",
          "value": 28,
        },
      ],
      "iconFile": null,
      "id": 3619,
      "level": 1,
      "name": "Enchant Robe (Grade B)",
      "operateType": "OP_PASSIVE",
      "power": null,
      "skillType": "BUFF",
      "target": "TARGET_SELF",
    },
    "id": 21,
    "name": "Zubei Robe Set",
    "pieces": {
      "chest": {
        "iconFile": "armor_t56_u_i00.png",
        "itemId": 2397,
        "name": "Tunic of Zubei",
      },
      "feet": {
        "iconFile": "armor_t56_b_i00.png",
        "itemId": 5728,
        "name": "Zubei's Boots - Robe",
      },
      "gloves": {
        "iconFile": "armor_t56_g_i00.png",
        "itemId": 5712,
        "name": "Zubei's Gauntlets - Robe",
      },
      "head": {
        "iconFile": "armor_helmet_i00.png",
        "itemId": 503,
        "name": "Zubei's Helmet",
      },
      "legs": {
        "iconFile": "armor_t56_l_i00.png",
        "itemId": 2402,
        "name": "Stockings of Zubei",
      },
    },
  },
  {
    "bonusSkill": {
      "description": "Increases maximum HP.",
      "effects": [
        {
          "op": "add",
          "stat": "maxHp",
          "value": 294,
        },
      ],
      "iconFile": null,
      "id": 3519,
      "level": 1,
      "name": "Avadon Breastplate Heavy Armor Set",
      "operateType": "OP_PASSIVE",
      "power": null,
      "skillType": "BUFF",
      "target": "TARGET_SELF",
    },
    "enchant6BonusSkill": {
      "description": "Increases P. Def. and MP regeneration by enchanting set items.",
      "effects": [
        {
          "op": "add",
          "stat": "pDef",
          "value": 44,
        },
        {
          "op": "add",
          "stat": "regMp",
          "value": 2,
        },
      ],
      "iconFile": null,
      "id": 3617,
      "level": 1,
      "name": "Enchant Heavy Armor (Grade B)",
      "operateType": "OP_PASSIVE",
      "power": null,
      "skillType": "BUFF",
      "target": "TARGET_SELF",
    },
    "id": 22,
    "name": "Avadon Heavy Set",
    "pieces": {
      "chest": {
        "iconFile": "armor_t66_u_i00.png",
        "itemId": 2376,
        "name": "Avadon Breastplate",
      },
      "feet": {
        "iconFile": "armor_t66_b_i00.png",
        "itemId": 5730,
        "name": "Avadon Boots - Heavy Armor",
      },
      "gloves": {
        "iconFile": "armor_t66_g_i00.png",
        "itemId": 5714,
        "name": "Avadon Gloves - Heavy Armor",
      },
      "head": {
        "iconFile": "armor_leather_helmet_i00.png",
        "itemId": 2415,
        "name": "Avadon Circlet",
      },
      "legs": {
        "iconFile": "armor_t66_l_i00.png",
        "itemId": 2379,
        "name": "Avadon Gaiters",
      },
    },
    "shield": {
      "bonusSkill": {
        "description": "Increases shield defense rate.",
        "effects": [
          {
            "op": "mul",
            "stat": "rShld",
            "value": 1.24,
          },
        ],
        "iconFile": null,
        "id": 3548,
        "level": 1,
        "name": "Equipped with Shield",
        "operateType": "OP_PASSIVE",
        "power": null,
        "skillType": "BUFF",
        "target": "TARGET_SELF",
      },
      "piece": {
        "iconFile": "shield_avadon_shield_i00.png",
        "itemId": 673,
        "name": "Avadon Shield",
      },
    },
  },
  {
    "bonusSkill": {
      "description": "Increases M. Def. and maximum weight limit.",
      "effects": [
        {
          "op": "mul",
          "stat": "mDef",
          "value": 1.0525,
        },
        {
          "op": "add",
          "stat": "maxLoad",
          "value": 5795,
        },
      ],
      "iconFile": null,
      "id": 3521,
      "level": 1,
      "name": "Avadon Light Armor Set",
      "operateType": "OP_PASSIVE",
      "power": null,
      "skillType": "BUFF",
      "target": "TARGET_SELF",
    },
    "enchant6BonusSkill": {
      "description": "Increases M. Def. and Evasion by enchanting set items.",
      "effects": [
        {
          "op": "add",
          "stat": "rEvas",
          "value": 2,
        },
        {
          "op": "add",
          "stat": "mDef",
          "value": 24,
        },
      ],
      "iconFile": null,
      "id": 3618,
      "level": 1,
      "name": "Enchant Light Armor (Grade B)",
      "operateType": "OP_PASSIVE",
      "power": null,
      "skillType": "BUFF",
      "target": "TARGET_SELF",
    },
    "id": 23,
    "name": "Avadon Light Set",
    "pieces": {
      "chest": {
        "iconFile": "armor_t67_ul_i00.png",
        "itemId": 2390,
        "name": "Avadon Leather Armor",
      },
      "feet": {
        "iconFile": "armor_t67_b_i00.png",
        "itemId": 5731,
        "name": "Avadon Boots - Light Armor",
      },
      "gloves": {
        "iconFile": "armor_t67_g_i00.png",
        "itemId": 5715,
        "name": "Avadon Gloves - Light Armor",
      },
      "head": {
        "iconFile": "armor_leather_helmet_i00.png",
        "itemId": 2415,
        "name": "Avadon Circlet",
      },
    },
  },
  {
    "bonusSkill": {
      "description": "Increases P. Def. and Casting Spd.",
      "effects": [
        {
          "op": "mul",
          "stat": "pDef",
          "value": 1.0547,
        },
        {
          "op": "mul",
          "stat": "mAtkSpd",
          "value": 1.15,
        },
      ],
      "iconFile": null,
      "id": 3523,
      "level": 1,
      "name": "Avadon Robe Set",
      "operateType": "OP_PASSIVE",
      "power": null,
      "skillType": "BUFF",
      "target": "TARGET_SELF",
    },
    "enchant6BonusSkill": {
      "description": "Increases P. Def. and weight capacity by enchanting set items.",
      "effects": [
        {
          "op": "mul",
          "stat": "maxLoad",
          "value": 1.3,
        },
        {
          "op": "add",
          "stat": "pDef",
          "value": 28,
        },
      ],
      "iconFile": null,
      "id": 3619,
      "level": 1,
      "name": "Enchant Robe (Grade B)",
      "operateType": "OP_PASSIVE",
      "power": null,
      "skillType": "BUFF",
      "target": "TARGET_SELF",
    },
    "id": 24,
    "name": "Avadon Robe Set",
    "pieces": {
      "chest": {
        "iconFile": "armor_t59_ul_i00.png",
        "itemId": 2406,
        "name": "Avadon Robe",
      },
      "feet": {
        "iconFile": "armor_t59_b_i00.png",
        "itemId": 5732,
        "name": "Avadon Boots - Robe",
      },
      "gloves": {
        "iconFile": "armor_t59_g_i00.png",
        "itemId": 5716,
        "name": "Avadon Gloves - Robe",
      },
      "head": {
        "iconFile": "armor_leather_helmet_i00.png",
        "itemId": 2415,
        "name": "Avadon Circlet",
      },
    },
  },
  {
    "bonusSkill": {
      "description": "Increases Speed and HP recovery rate. STR+3, CON-1, DEX-2.",
      "effects": [
        {
          "op": "mul",
          "stat": "regHp",
          "value": 1.0524,
        },
        {
          "op": "add",
          "stat": "runSpd",
          "value": 7,
        },
        {
          "op": "add",
          "stat": "STR",
          "value": 3,
        },
      ],
      "iconFile": null,
      "id": 3524,
      "level": 1,
      "name": "Blue Wolf Heavy Armor Set",
      "operateType": "OP_PASSIVE",
      "power": null,
      "skillType": "BUFF",
      "target": "TARGET_SELF",
    },
    "enchant6BonusSkill": {
      "description": "Increases P. Def. and MP regeneration by enchanting set items.",
      "effects": [
        {
          "op": "add",
          "stat": "pDef",
          "value": 44,
        },
        {
          "op": "add",
          "stat": "regMp",
          "value": 2,
        },
      ],
      "iconFile": null,
      "id": 3617,
      "level": 1,
      "name": "Enchant Heavy Armor (Grade B)",
      "operateType": "OP_PASSIVE",
      "power": null,
      "skillType": "BUFF",
      "target": "TARGET_SELF",
    },
    "id": 25,
    "name": "Blue Wolf Heavy Set",
    "pieces": {
      "chest": {
        "iconFile": "armor_t68_u_i00.png",
        "itemId": 358,
        "name": "Blue Wolf Breastplate",
      },
      "feet": {
        "iconFile": "armor_t68_b_i00.png",
        "itemId": 5734,
        "name": "Blue Wolf Boots - Heavy Armor",
      },
      "gloves": {
        "iconFile": "armor_t68_g_i00.png",
        "itemId": 5718,
        "name": "Blue Wolf Gloves - Heavy Armor",
      },
      "head": {
        "iconFile": "armor_leather_helmet_i00.png",
        "itemId": 2416,
        "name": "Blue Wolf Helmet",
      },
      "legs": {
        "iconFile": "armor_t68_l_i00.png",
        "itemId": 2380,
        "name": "Blue Wolf Gaiters",
      },
    },
  },
  {
    "bonusSkill": {
      "description": "Increases P. Def. and Casting Spd. INT-2, MEN+3, WIT-1.",
      "effects": [
        {
          "op": "mul",
          "stat": "pDef",
          "value": 1.0524,
        },
        {
          "op": "mul",
          "stat": "mAtkSpd",
          "value": 1.15,
        },
        {
          "op": "add",
          "stat": "MEN",
          "value": 3,
        },
      ],
      "iconFile": null,
      "id": 3526,
      "level": 1,
      "name": "Blue Wolf Light Armor Set",
      "operateType": "OP_PASSIVE",
      "power": null,
      "skillType": "BUFF",
      "target": "TARGET_SELF",
    },
    "enchant6BonusSkill": {
      "description": "Increases M. Def. and Evasion by enchanting set items.",
      "effects": [
        {
          "op": "add",
          "stat": "rEvas",
          "value": 2,
        },
        {
          "op": "add",
          "stat": "mDef",
          "value": 24,
        },
      ],
      "iconFile": null,
      "id": 3618,
      "level": 1,
      "name": "Enchant Light Armor (Grade B)",
      "operateType": "OP_PASSIVE",
      "power": null,
      "skillType": "BUFF",
      "target": "TARGET_SELF",
    },
    "id": 26,
    "name": "Blue Wolf Light Set",
    "pieces": {
      "chest": {
        "iconFile": "armor_t69_ul_i00.png",
        "itemId": 2391,
        "name": "Blue Wolf Leather Armor",
      },
      "feet": {
        "iconFile": "armor_t69_b_i00.png",
        "itemId": 5735,
        "name": "Blue Wolf Boots - Light Armor",
      },
      "gloves": {
        "iconFile": "armor_t69_g_i00.png",
        "itemId": 5719,
        "name": "Blue Wolf Gloves - Light Armor",
      },
      "head": {
        "iconFile": "armor_leather_helmet_i00.png",
        "itemId": 2416,
        "name": "Blue Wolf Helmet",
      },
    },
  },
  {
    "bonusSkill": {
      "description": "Increases Max MP and MP recovery rate. INT-2, MEN-1, WIT+3.",
      "effects": [
        {
          "op": "mul",
          "stat": "regMp",
          "value": 1.0524,
        },
        {
          "op": "add",
          "stat": "maxMp",
          "value": 206,
        },
        {
          "op": "add",
          "stat": "WIT",
          "value": 3,
        },
      ],
      "iconFile": null,
      "id": 3528,
      "level": 1,
      "name": "Blue Wolf Robe Set",
      "operateType": "OP_PASSIVE",
      "power": null,
      "skillType": "BUFF",
      "target": "TARGET_SELF",
    },
    "enchant6BonusSkill": {
      "description": "Increases P. Def. and weight capacity by enchanting set items.",
      "effects": [
        {
          "op": "mul",
          "stat": "maxLoad",
          "value": 1.3,
        },
        {
          "op": "add",
          "stat": "pDef",
          "value": 28,
        },
      ],
      "iconFile": null,
      "id": 3619,
      "level": 1,
      "name": "Enchant Robe (Grade B)",
      "operateType": "OP_PASSIVE",
      "power": null,
      "skillType": "BUFF",
      "target": "TARGET_SELF",
    },
    "id": 27,
    "name": "Blue Wolf Robe Set",
    "pieces": {
      "chest": {
        "iconFile": "armor_t70_u_i00.png",
        "itemId": 2398,
        "name": "Blue Wolf Tunic",
      },
      "feet": {
        "iconFile": "armor_t70_b_i00.png",
        "itemId": 5736,
        "name": "Blue Wolf Boots - Robe",
      },
      "gloves": {
        "iconFile": "armor_t70_g_i00.png",
        "itemId": 5720,
        "name": "Blue Wolf Gloves - Robe",
      },
      "head": {
        "iconFile": "armor_leather_helmet_i00.png",
        "itemId": 2416,
        "name": "Blue Wolf Helmet",
      },
      "legs": {
        "iconFile": "armor_t70_l_i00.png",
        "itemId": 2403,
        "name": "Blue Wolf Stockings",
      },
    },
  },
  {
    "bonusSkill": {
      "description": "Increases Max HP and lung capacity. STR-3, CON+3.",
      "effects": [
        {
          "op": "add",
          "stat": "maxHp",
          "value": 320,
        },
        {
          "op": "add",
          "stat": "breath",
          "value": 200,
        },
        {
          "op": "add",
          "stat": "CON",
          "value": 3,
        },
      ],
      "iconFile": null,
      "id": 3525,
      "level": 1,
      "name": "Doom Heavy Armor Set",
      "operateType": "OP_PASSIVE",
      "power": null,
      "skillType": "BUFF",
      "target": "TARGET_SELF",
    },
    "enchant6BonusSkill": {
      "description": "Increases P. Def. and MP regeneration by enchanting set items.",
      "effects": [
        {
          "op": "add",
          "stat": "pDef",
          "value": 44,
        },
        {
          "op": "add",
          "stat": "regMp",
          "value": 2,
        },
      ],
      "iconFile": null,
      "id": 3617,
      "level": 1,
      "name": "Enchant Heavy Armor (Grade B)",
      "operateType": "OP_PASSIVE",
      "power": null,
      "skillType": "BUFF",
      "target": "TARGET_SELF",
    },
    "id": 28,
    "name": "Doom Heavy Set",
    "pieces": {
      "chest": {
        "iconFile": "armor_t71_ul_i00.png",
        "itemId": 2381,
        "name": "Doom Plate Armor",
      },
      "feet": {
        "iconFile": "armor_t71_b_i00.png",
        "itemId": 5738,
        "name": "Doom Boots - Heavy Armor",
      },
      "gloves": {
        "iconFile": "armor_t71_g_i00.png",
        "itemId": 5722,
        "name": "Doom Gloves - Heavy Armor",
      },
      "head": {
        "iconFile": "armor_leather_helmet_i00.png",
        "itemId": 2417,
        "name": "Doom Helmet",
      },
    },
    "shield": {
      "bonusSkill": {
        "description": "Increases shield defense rate.",
        "effects": [
          {
            "op": "mul",
            "stat": "rShld",
            "value": 1.24,
          },
        ],
        "iconFile": null,
        "id": 3549,
        "level": 1,
        "name": "Equipped with Shield",
        "operateType": "OP_PASSIVE",
        "power": null,
        "skillType": "BUFF",
        "target": "TARGET_SELF",
      },
      "piece": {
        "iconFile": "shield_doom_shield_i00.png",
        "itemId": 110,
        "name": "Doom Shield",
      },
    },
  },
  {
    "bonusSkill": {
      "description": "Increases lung capacity, P. Atk., MP recovery rate and resistance to poison attacks. STR-1, CON-2, DEX+3.",
      "effects": [
        {
          "op": "mul",
          "stat": "pAtk",
          "value": 1.027,
        },
        {
          "op": "mul",
          "stat": "regMp",
          "value": 1.025,
        },
        {
          "op": "add",
          "stat": "breath",
          "value": 200,
        },
        {
          "op": "add",
          "stat": "DEX",
          "value": 3,
        },
      ],
      "iconFile": null,
      "id": 3527,
      "level": 1,
      "name": "Doom Light Armor Set",
      "operateType": "OP_PASSIVE",
      "power": null,
      "skillType": "BUFF",
      "target": "TARGET_SELF",
    },
    "enchant6BonusSkill": {
      "description": "Increases M. Def. and Evasion by enchanting set items.",
      "effects": [
        {
          "op": "add",
          "stat": "rEvas",
          "value": 2,
        },
        {
          "op": "add",
          "stat": "mDef",
          "value": 24,
        },
      ],
      "iconFile": null,
      "id": 3618,
      "level": 1,
      "name": "Enchant Light Armor (Grade B)",
      "operateType": "OP_PASSIVE",
      "power": null,
      "skillType": "BUFF",
      "target": "TARGET_SELF",
    },
    "id": 29,
    "name": "Doom Light Set",
    "pieces": {
      "chest": {
        "iconFile": "armor_t72_ul_i00.png",
        "itemId": 2392,
        "name": "Leather Armor of Doom",
      },
      "feet": {
        "iconFile": "armor_t72_b_i00.png",
        "itemId": 5739,
        "name": "Doom Boots - Light Armor",
      },
      "gloves": {
        "iconFile": "armor_t72_g_i00.png",
        "itemId": 5723,
        "name": "Doom Gloves - Light Armor",
      },
      "head": {
        "iconFile": "armor_leather_helmet_i00.png",
        "itemId": 2417,
        "name": "Doom Helmet",
      },
    },
  },
  {
    "bonusSkill": {
      "description": "Increases Speed, lung capacity and MP recovery rate. INT+2, MEN+1, WIT-3.",
      "effects": [
        {
          "op": "mul",
          "stat": "regMp",
          "value": 1.0524,
        },
        {
          "op": "add",
          "stat": "runSpd",
          "value": 7,
        },
        {
          "op": "add",
          "stat": "breath",
          "value": 200,
        },
        {
          "op": "add",
          "stat": "INT",
          "value": 2,
        },
        {
          "op": "add",
          "stat": "MEN",
          "value": 1,
        },
      ],
      "iconFile": null,
      "id": 3529,
      "level": 1,
      "name": "Doom Robe Set",
      "operateType": "OP_PASSIVE",
      "power": null,
      "skillType": "BUFF",
      "target": "TARGET_SELF",
    },
    "enchant6BonusSkill": {
      "description": "Increases P. Def. and weight capacity by enchanting set items.",
      "effects": [
        {
          "op": "mul",
          "stat": "maxLoad",
          "value": 1.3,
        },
        {
          "op": "add",
          "stat": "pDef",
          "value": 28,
        },
      ],
      "iconFile": null,
      "id": 3619,
      "level": 1,
      "name": "Enchant Robe (Grade B)",
      "operateType": "OP_PASSIVE",
      "power": null,
      "skillType": "BUFF",
      "target": "TARGET_SELF",
    },
    "id": 30,
    "name": "Doom Robe Set",
    "pieces": {
      "chest": {
        "iconFile": "armor_t73_u_i00.png",
        "itemId": 2399,
        "name": "Tunic of Doom",
      },
      "feet": {
        "iconFile": "armor_t73_b_i00.png",
        "itemId": 5740,
        "name": "Doom Boots - Robe",
      },
      "gloves": {
        "iconFile": "armor_t73_g_i00.png",
        "itemId": 5724,
        "name": "Doom Gloves - Robe",
      },
      "head": {
        "iconFile": "armor_leather_helmet_i00.png",
        "itemId": 2417,
        "name": "Doom Helmet",
      },
      "legs": {
        "iconFile": "armor_t73_l_i00.png",
        "itemId": 2404,
        "name": "Stockings of Doom",
      },
    },
  },
  {
    "bonusSkill": {
      "description": "Increases resistance to paralysis attacks and improves effectiveness of HP recovery magic. STR-2, CON+2.",
      "effects": [
        {
          "op": "mul",
          "stat": "gainHp",
          "value": 1.04,
        },
        {
          "op": "add",
          "stat": "CON",
          "value": 2,
        },
      ],
      "iconFile": null,
      "id": 3530,
      "level": 1,
      "name": "Dark Crystal Breastplate Heavy Armor Set",
      "operateType": "OP_PASSIVE",
      "power": null,
      "skillType": "BUFF",
      "target": "TARGET_SELF",
    },
    "enchant6BonusSkill": {
      "description": "Increases P. Def. and MP regeneration by enchanting set items.",
      "effects": [
        {
          "op": "add",
          "stat": "pDef",
          "value": 50,
        },
        {
          "op": "add",
          "stat": "regMp",
          "value": 2,
        },
      ],
      "iconFile": null,
      "id": 3620,
      "level": 1,
      "name": "Enchant Heavy Armor (Grade A)",
      "operateType": "OP_PASSIVE",
      "power": null,
      "skillType": "BUFF",
      "target": "TARGET_SELF",
    },
    "id": 31,
    "name": "Dark Crystal Heavy Set",
    "pieces": {
      "chest": {
        "iconFile": "armor_t74_u_i00.png",
        "itemId": 365,
        "name": "Dark Crystal Breastplate",
      },
      "feet": {
        "iconFile": "armor_t74_b_i00.png",
        "itemId": 5777,
        "name": "Dark Crystal Boots - Heavy Armor",
      },
      "gloves": {
        "iconFile": "armor_t74_g_i00.png",
        "itemId": 5765,
        "name": "Dark Crystal Gloves - Heavy Armor",
      },
      "head": {
        "iconFile": "armor_helmet_i00.png",
        "itemId": 512,
        "name": "Dark Crystal Helmet",
      },
      "legs": {
        "iconFile": "armor_t74_l_i00.png",
        "itemId": 388,
        "name": "Dark Crystal Gaiters",
      },
    },
    "shield": {
      "bonusSkill": {
        "description": "Increases shield defense rate.",
        "effects": [
          {
            "op": "mul",
            "stat": "rShld",
            "value": 1.18,
          },
        ],
        "iconFile": null,
        "id": 3550,
        "level": 1,
        "name": "Equipped with Shield",
        "operateType": "OP_PASSIVE",
        "power": null,
        "skillType": "BUFF",
        "target": "TARGET_SELF",
      },
      "piece": {
        "iconFile": "shield_dark_crystal_shield_i00.png",
        "itemId": 641,
        "name": "Dark Crystal Shield",
      },
    },
  },
  {
    "bonusSkill": {
      "description": "Increases resistance to paralysis attacks. Atk. Spd. and P. Atk. are also increased. STR+1, CON-1.",
      "effects": [
        {
          "op": "mul",
          "stat": "pAtkSpd",
          "value": 1.04,
        },
        {
          "op": "mul",
          "stat": "pAtk",
          "value": 1.04,
        },
        {
          "op": "add",
          "stat": "STR",
          "value": 1,
        },
      ],
      "iconFile": null,
      "id": 3532,
      "level": 1,
      "name": "Dark Crystal Light Armor Set",
      "operateType": "OP_PASSIVE",
      "power": null,
      "skillType": "BUFF",
      "target": "TARGET_SELF",
    },
    "enchant6BonusSkill": {
      "description": "Increases M. Def. and Evasion by enchanting set items.",
      "effects": [
        {
          "op": "add",
          "stat": "rEvas",
          "value": 2,
        },
        {
          "op": "add",
          "stat": "mDef",
          "value": 28,
        },
      ],
      "iconFile": null,
      "id": 3621,
      "level": 1,
      "name": "Enchant Light Armor (Grade A)",
      "operateType": "OP_PASSIVE",
      "power": null,
      "skillType": "BUFF",
      "target": "TARGET_SELF",
    },
    "id": 32,
    "name": "Dark Crystal Light Set",
    "pieces": {
      "chest": {
        "iconFile": "armor_t75_u_i00.png",
        "itemId": 2385,
        "name": "Dark Crystal Leather Armor",
      },
      "feet": {
        "iconFile": "armor_t75_b_i00.png",
        "itemId": 5778,
        "name": "Dark Crystal Boots - Light Armor",
      },
      "gloves": {
        "iconFile": "armor_t75_g_i00.png",
        "itemId": 5766,
        "name": "Dark Crystal Gloves - Light Armor",
      },
      "head": {
        "iconFile": "armor_helmet_i00.png",
        "itemId": 512,
        "name": "Dark Crystal Helmet",
      },
      "legs": {
        "iconFile": "armor_t75_l_i00.png",
        "itemId": 2389,
        "name": "Dark Crystal Leggings",
      },
    },
  },
  {
    "bonusSkill": {
      "description": "Decreases magic cancel rate and increases resistance to paralysis attacks. P. Def., Casting Spd. and Speed are also increased. WIT+2, MEN-2.",
      "effects": [
        {
          "op": "mul",
          "stat": "pDef",
          "value": 1.08,
        },
        {
          "op": "mul",
          "stat": "mAtkSpd",
          "value": 1.15,
        },
        {
          "op": "add",
          "stat": "runSpd",
          "value": 7,
        },
        {
          "op": "add",
          "stat": "WIT",
          "value": 2,
        },
      ],
      "iconFile": null,
      "id": 3535,
      "level": 1,
      "name": "Dark Crystal Robe Set",
      "operateType": "OP_PASSIVE",
      "power": null,
      "skillType": "BUFF",
      "target": "TARGET_SELF",
    },
    "enchant6BonusSkill": {
      "description": "Increases P. Def. and weight capacity by enchanting set items.",
      "effects": [
        {
          "op": "mul",
          "stat": "maxLoad",
          "value": 1.3,
        },
        {
          "op": "add",
          "stat": "pDef",
          "value": 32,
        },
      ],
      "iconFile": null,
      "id": 3622,
      "level": 1,
      "name": "Enchant Robe (Grade A)",
      "operateType": "OP_PASSIVE",
      "power": null,
      "skillType": "BUFF",
      "target": "TARGET_SELF",
    },
    "id": 33,
    "name": "Dark Crystal Robe Set",
    "pieces": {
      "chest": {
        "iconFile": "armor_t76_ul_i00.png",
        "itemId": 2407,
        "name": "Dark Crystal Robe",
      },
      "feet": {
        "iconFile": "armor_t76_b_i00.png",
        "itemId": 5779,
        "name": "Dark Crystal Boots - Robe",
      },
      "gloves": {
        "iconFile": "armor_t76_g_i00.png",
        "itemId": 5767,
        "name": "Dark Crystal Gloves - Robe",
      },
      "head": {
        "iconFile": "armor_helmet_i00.png",
        "itemId": 512,
        "name": "Dark Crystal Helmet",
      },
    },
  },
  {
    "bonusSkill": {
      "description": "Increases resistance to poison/bleeding attacks. Atk. Spd. and maximum weight limit are also increased. STR+2, CON-2.",
      "effects": [
        {
          "op": "mul",
          "stat": "pAtkSpd",
          "value": 1.08,
        },
        {
          "op": "add",
          "stat": "maxLoad",
          "value": 5759,
        },
        {
          "op": "add",
          "stat": "STR",
          "value": 2,
        },
      ],
      "iconFile": null,
      "id": 3531,
      "level": 1,
      "name": "Tallum Heavy Armor Set",
      "operateType": "OP_PASSIVE",
      "power": null,
      "skillType": "BUFF",
      "target": "TARGET_SELF",
    },
    "enchant6BonusSkill": {
      "description": "Increases P. Def. and MP regeneration by enchanting set items.",
      "effects": [
        {
          "op": "add",
          "stat": "pDef",
          "value": 50,
        },
        {
          "op": "add",
          "stat": "regMp",
          "value": 2,
        },
      ],
      "iconFile": null,
      "id": 3620,
      "level": 1,
      "name": "Enchant Heavy Armor (Grade A)",
      "operateType": "OP_PASSIVE",
      "power": null,
      "skillType": "BUFF",
      "target": "TARGET_SELF",
    },
    "id": 34,
    "name": "Tallum Heavy Set",
    "pieces": {
      "chest": {
        "iconFile": "armor_t77_ul_i00.png",
        "itemId": 2382,
        "name": "Tallum Plate Armor",
      },
      "feet": {
        "iconFile": "armor_t77_b_i00.png",
        "itemId": 5780,
        "name": "Tallum Boots - Heavy Armor",
      },
      "gloves": {
        "iconFile": "armor_t77_g_i00.png",
        "itemId": 5768,
        "name": "Tallum Gloves - Heavy Armor",
      },
      "head": {
        "iconFile": "armor_helmet_i00.png",
        "itemId": 547,
        "name": "Tallum Helm",
      },
    },
  },
  {
    "bonusSkill": {
      "description": "Increases resistance to poison/bleeding attacks. MP recovery rate and Max MP are also increased. MEN+2, WIT-2.",
      "effects": [
        {
          "op": "mul",
          "stat": "regMp",
          "value": 1.08,
        },
        {
          "op": "add",
          "stat": "maxMp",
          "value": 222,
        },
        {
          "op": "add",
          "stat": "MEN",
          "value": 2,
        },
      ],
      "iconFile": null,
      "id": 3533,
      "level": 1,
      "name": "Tallum Light Armor Set",
      "operateType": "OP_PASSIVE",
      "power": null,
      "skillType": "BUFF",
      "target": "TARGET_SELF",
    },
    "enchant6BonusSkill": {
      "description": "Increases M. Def. and Evasion by enchanting set items.",
      "effects": [
        {
          "op": "add",
          "stat": "rEvas",
          "value": 2,
        },
        {
          "op": "add",
          "stat": "mDef",
          "value": 28,
        },
      ],
      "iconFile": null,
      "id": 3621,
      "level": 1,
      "name": "Enchant Light Armor (Grade A)",
      "operateType": "OP_PASSIVE",
      "power": null,
      "skillType": "BUFF",
      "target": "TARGET_SELF",
    },
    "id": 35,
    "name": "Tallum Light Set",
    "pieces": {
      "chest": {
        "iconFile": "armor_t78_ul_i00.png",
        "itemId": 2393,
        "name": "Tallum Leather Armor",
      },
      "feet": {
        "iconFile": "armor_t78_b_i00.png",
        "itemId": 5781,
        "name": "Tallum Boots - Light Armor",
      },
      "gloves": {
        "iconFile": "armor_t78_g_i00.png",
        "itemId": 5769,
        "name": "Tallum Gloves - Light Armor",
      },
      "head": {
        "iconFile": "armor_helmet_i00.png",
        "itemId": 547,
        "name": "Tallum Helm",
      },
    },
  },
  {
    "bonusSkill": {
      "description": "Increases resistance to poison/bleeding attacks. Casting Spd. and M. Def. are also increased. INT-2, WIT+2.",
      "effects": [
        {
          "op": "mul",
          "stat": "mAtkSpd",
          "value": 1.15,
        },
        {
          "op": "mul",
          "stat": "mDef",
          "value": 1.08,
        },
        {
          "op": "add",
          "stat": "WIT",
          "value": 2,
        },
      ],
      "iconFile": null,
      "id": 3534,
      "level": 1,
      "name": "Tallum Robe Set",
      "operateType": "OP_PASSIVE",
      "power": null,
      "skillType": "BUFF",
      "target": "TARGET_SELF",
    },
    "enchant6BonusSkill": {
      "description": "Increases P. Def. and weight capacity by enchanting set items.",
      "effects": [
        {
          "op": "mul",
          "stat": "maxLoad",
          "value": 1.3,
        },
        {
          "op": "add",
          "stat": "pDef",
          "value": 32,
        },
      ],
      "iconFile": null,
      "id": 3622,
      "level": 1,
      "name": "Enchant Robe (Grade A)",
      "operateType": "OP_PASSIVE",
      "power": null,
      "skillType": "BUFF",
      "target": "TARGET_SELF",
    },
    "id": 36,
    "name": "Tallum Robe Set",
    "pieces": {
      "chest": {
        "iconFile": "armor_t79_u_i00.png",
        "itemId": 2400,
        "name": "Tallum Tunic",
      },
      "feet": {
        "iconFile": "armor_t79_b_i00.png",
        "itemId": 5782,
        "name": "Tallum Boots - Robe",
      },
      "gloves": {
        "iconFile": "armor_t79_g_i00.png",
        "itemId": 5770,
        "name": "Tallum Gloves - Robe",
      },
      "head": {
        "iconFile": "armor_helmet_i00.png",
        "itemId": 547,
        "name": "Tallum Helm",
      },
      "legs": {
        "iconFile": "armor_t79_l_i00.png",
        "itemId": 2405,
        "name": "Tallum Stockings",
      },
    },
  },
  {
    "bonusSkill": {
      "description": "Increases P. Atk. and resistance to Sleep/Hold attack.. CON+2, DEX-2.",
      "effects": [
        {
          "op": "mul",
          "stat": "pAtk",
          "value": 1.04,
        },
        {
          "op": "add",
          "stat": "CON",
          "value": 2,
        },
      ],
      "iconFile": null,
      "id": 3536,
      "level": 1,
      "name": "Nightmare Heavy Armor Set",
      "operateType": "OP_PASSIVE",
      "power": null,
      "skillType": "BUFF",
      "target": "TARGET_SELF",
    },
    "enchant6BonusSkill": {
      "description": "Increases P. Def. and MP regeneration by enchanting set items.",
      "effects": [
        {
          "op": "add",
          "stat": "pDef",
          "value": 50,
        },
        {
          "op": "add",
          "stat": "regMp",
          "value": 2,
        },
      ],
      "iconFile": null,
      "id": 3620,
      "level": 1,
      "name": "Enchant Heavy Armor (Grade A)",
      "operateType": "OP_PASSIVE",
      "power": null,
      "skillType": "BUFF",
      "target": "TARGET_SELF",
    },
    "id": 37,
    "name": "Nightmare Heavy Set",
    "pieces": {
      "chest": {
        "iconFile": "armor_t80_ul_i00.png",
        "itemId": 374,
        "name": "Armor of Nightmare",
      },
      "feet": {
        "iconFile": "armor_t80_b_i00.png",
        "itemId": 5783,
        "name": "Boots of Nightmare - Heavy Armor",
      },
      "gloves": {
        "iconFile": "armor_t80_g_i00.png",
        "itemId": 5771,
        "name": "Gauntlets of Nightmare - Heavy Armor",
      },
      "head": {
        "iconFile": "armor_leather_helmet_i00.png",
        "itemId": 2418,
        "name": "Helm of Nightmare",
      },
    },
    "shield": {
      "bonusSkill": {
        "description": "Returns damage inflicted by enemy back upon him. Not applied to damage inflicted by a skill or remote attack.",
        "effects": [
          {
            "op": "add",
            "stat": "reflectDam",
            "value": 5,
          },
        ],
        "iconFile": null,
        "id": 3551,
        "level": 1,
        "name": "Equipped with Shield",
        "operateType": "OP_PASSIVE",
        "power": null,
        "skillType": "BUFF",
        "target": "TARGET_SELF",
      },
      "piece": {
        "iconFile": "shield_shield_of_nightmare_i00.png",
        "itemId": 2498,
        "name": "Shield of Nightmare",
      },
    },
  },
  {
    "bonusSkill": {
      "description": "Increases resistance to Sleep/Hold attack and M. Def. Restores HP by using part of the damage inflicted upon the enemy, excluding damage caused by skill or remote attack. DEX+1, CON-1.",
      "effects": [
        {
          "op": "mul",
          "stat": "mDef",
          "value": 1.04,
        },
        {
          "op": "add",
          "stat": "absorbDam",
          "value": 3,
        },
        {
          "op": "add",
          "stat": "DEX",
          "value": 1,
        },
      ],
      "iconFile": null,
      "id": 3538,
      "level": 1,
      "name": "Nightmarish Leather Light Armor Set",
      "operateType": "OP_PASSIVE",
      "power": null,
      "skillType": "BUFF",
      "target": "TARGET_SELF",
    },
    "enchant6BonusSkill": {
      "description": "Increases M. Def. and Evasion by enchanting set items.",
      "effects": [
        {
          "op": "add",
          "stat": "rEvas",
          "value": 2,
        },
        {
          "op": "add",
          "stat": "mDef",
          "value": 28,
        },
      ],
      "iconFile": null,
      "id": 3621,
      "level": 1,
      "name": "Enchant Light Armor (Grade A)",
      "operateType": "OP_PASSIVE",
      "power": null,
      "skillType": "BUFF",
      "target": "TARGET_SELF",
    },
    "id": 38,
    "name": "Nightmare Light Set",
    "pieces": {
      "chest": {
        "iconFile": "armor_t81_ul_i00.png",
        "itemId": 2394,
        "name": "Nightmarish Leather Armor",
      },
      "feet": {
        "iconFile": "armor_t81_b_i00.png",
        "itemId": 5784,
        "name": "Boots of Nightmare - Light Armor",
      },
      "gloves": {
        "iconFile": "armor_t81_g_i00.png",
        "itemId": 5772,
        "name": "Gauntlets of Nightmare - Light Armor",
      },
      "head": {
        "iconFile": "armor_leather_helmet_i00.png",
        "itemId": 2418,
        "name": "Helm of Nightmare",
      },
    },
  },
  {
    "bonusSkill": {
      "description": "Increases MP regeneration, M. Atk. and resistance to sleep/hold attacks. INT+2, WIT-2.",
      "effects": [
        {
          "op": "mul",
          "stat": "regMp",
          "value": 1.04,
        },
        {
          "op": "mul",
          "stat": "mAtk",
          "value": 1.08,
        },
        {
          "op": "add",
          "stat": "INT",
          "value": 2,
        },
      ],
      "iconFile": null,
      "id": 3540,
      "level": 1,
      "name": "Nightmare Robe Set",
      "operateType": "OP_PASSIVE",
      "power": null,
      "skillType": "BUFF",
      "target": "TARGET_SELF",
    },
    "enchant6BonusSkill": {
      "description": "Increases P. Def. and weight capacity by enchanting set items.",
      "effects": [
        {
          "op": "mul",
          "stat": "maxLoad",
          "value": 1.3,
        },
        {
          "op": "add",
          "stat": "pDef",
          "value": 32,
        },
      ],
      "iconFile": null,
      "id": 3622,
      "level": 1,
      "name": "Enchant Robe (Grade A)",
      "operateType": "OP_PASSIVE",
      "power": null,
      "skillType": "BUFF",
      "target": "TARGET_SELF",
    },
    "id": 39,
    "name": "Nightmare Robe Set",
    "pieces": {
      "chest": {
        "iconFile": "armor_t82_ul_i00.png",
        "itemId": 2408,
        "name": "Nightmare Robe",
      },
      "feet": {
        "iconFile": "armor_t82_b_i00.png",
        "itemId": 5785,
        "name": "Boots of Nightmare - Robe",
      },
      "gloves": {
        "iconFile": "armor_t82_g_i00.png",
        "itemId": 5773,
        "name": "Gauntlets of Nightmare - Robe",
      },
      "head": {
        "iconFile": "armor_leather_helmet_i00.png",
        "itemId": 2418,
        "name": "Helm of Nightmare",
      },
    },
  },
  {
    "bonusSkill": {
      "description": "Increases resistance to shock attacks. P. Atk. and Accuracy are also increased. STR+2. CON-2.",
      "effects": [
        {
          "op": "mul",
          "stat": "pAtk",
          "value": 1.04,
        },
        {
          "op": "add",
          "stat": "accCombat",
          "value": 3,
        },
        {
          "op": "add",
          "stat": "STR",
          "value": 2,
        },
      ],
      "iconFile": null,
      "id": 3537,
      "level": 1,
      "name": "Majestic Heavy Armor Set",
      "operateType": "OP_PASSIVE",
      "power": null,
      "skillType": "BUFF",
      "target": "TARGET_SELF",
    },
    "enchant6BonusSkill": {
      "description": "Increases P. Def. and MP regeneration by enchanting set items.",
      "effects": [
        {
          "op": "add",
          "stat": "pDef",
          "value": 50,
        },
        {
          "op": "add",
          "stat": "regMp",
          "value": 2,
        },
      ],
      "iconFile": null,
      "id": 3620,
      "level": 1,
      "name": "Enchant Heavy Armor (Grade A)",
      "operateType": "OP_PASSIVE",
      "power": null,
      "skillType": "BUFF",
      "target": "TARGET_SELF",
    },
    "id": 40,
    "name": "Majestic Heavy Set",
    "pieces": {
      "chest": {
        "iconFile": "armor_t83_ul_i00.png",
        "itemId": 2383,
        "name": "Majestic Plate Armor",
      },
      "feet": {
        "iconFile": "armor_t83_b_i00.png",
        "itemId": 5786,
        "name": "Majestic Boots - Heavy Armor",
      },
      "gloves": {
        "iconFile": "armor_t83_g_i00.png",
        "itemId": 5774,
        "name": "Majestic Gauntlets - Heavy Armor",
      },
      "head": {
        "iconFile": "armor_leather_helmet_i00.png",
        "itemId": 2419,
        "name": "Majestic Circlet",
      },
    },
  },
  {
    "bonusSkill": {
      "description": "Increases resistance to shock attacks. P. Atk., Max MP and maximum weight limit are also increased. DEX+1, CON-1.",
      "effects": [
        {
          "op": "mul",
          "stat": "pAtk",
          "value": 1.08,
        },
        {
          "op": "add",
          "stat": "maxMp",
          "value": 240,
        },
        {
          "op": "add",
          "stat": "maxLoad",
          "value": 5759,
        },
        {
          "op": "add",
          "stat": "DEX",
          "value": 1,
        },
      ],
      "iconFile": null,
      "id": 3539,
      "level": 1,
      "name": "Majestic Light Armor Set",
      "operateType": "OP_PASSIVE",
      "power": null,
      "skillType": "BUFF",
      "target": "TARGET_SELF",
    },
    "enchant6BonusSkill": {
      "description": "Increases M. Def. and Evasion by enchanting set items.",
      "effects": [
        {
          "op": "add",
          "stat": "rEvas",
          "value": 2,
        },
        {
          "op": "add",
          "stat": "mDef",
          "value": 28,
        },
      ],
      "iconFile": null,
      "id": 3621,
      "level": 1,
      "name": "Enchant Light Armor (Grade A)",
      "operateType": "OP_PASSIVE",
      "power": null,
      "skillType": "BUFF",
      "target": "TARGET_SELF",
    },
    "id": 41,
    "name": "Majestic Leather Set",
    "pieces": {
      "chest": {
        "iconFile": "armor_t84_ul_i00.png",
        "itemId": 2395,
        "name": "Majestic Leather Armor",
      },
      "feet": {
        "iconFile": "armor_t84_b_i00.png",
        "itemId": 5787,
        "name": "Majestic Boots - Light Armor",
      },
      "gloves": {
        "iconFile": "armor_t84_g_i00.png",
        "itemId": 5775,
        "name": "Majestic Gauntlets - Light Armor",
      },
      "head": {
        "iconFile": "armor_leather_helmet_i00.png",
        "itemId": 2419,
        "name": "Majestic Circlet",
      },
    },
  },
  {
    "bonusSkill": {
      "description": "Increases resistance to shock attacks. Max MP, Casting Spd. and MP recovery rate are also increased. MEN+1, INT-1.",
      "effects": [
        {
          "op": "mul",
          "stat": "mAtkSpd",
          "value": 1.15,
        },
        {
          "op": "mul",
          "stat": "regMp",
          "value": 1.08,
        },
        {
          "op": "add",
          "stat": "maxMp",
          "value": 240,
        },
        {
          "op": "add",
          "stat": "MEN",
          "value": 1,
        },
      ],
      "iconFile": null,
      "id": 3541,
      "level": 1,
      "name": "Majestic Robe Set",
      "operateType": "OP_PASSIVE",
      "power": null,
      "skillType": "BUFF",
      "target": "TARGET_SELF",
    },
    "enchant6BonusSkill": {
      "description": "Increases P. Def. and weight capacity by enchanting set items.",
      "effects": [
        {
          "op": "mul",
          "stat": "maxLoad",
          "value": 1.3,
        },
        {
          "op": "add",
          "stat": "pDef",
          "value": 32,
        },
      ],
      "iconFile": null,
      "id": 3622,
      "level": 1,
      "name": "Enchant Robe (Grade A)",
      "operateType": "OP_PASSIVE",
      "power": null,
      "skillType": "BUFF",
      "target": "TARGET_SELF",
    },
    "id": 42,
    "name": "Majestic Robe Set",
    "pieces": {
      "chest": {
        "iconFile": "armor_t85_ul_i00.png",
        "itemId": 2409,
        "name": "Majestic Robe",
      },
      "feet": {
        "iconFile": "armor_t85_b_i00.png",
        "itemId": 5788,
        "name": "Majestic Boots - Robe",
      },
      "gloves": {
        "iconFile": "armor_t85_g_i00.png",
        "itemId": 5776,
        "name": "Majestic Gauntlets - Robe",
      },
      "head": {
        "iconFile": "armor_leather_helmet_i00.png",
        "itemId": 2419,
        "name": "Majestic Circlet",
      },
    },
  },
  {
    "bonusSkill": {
      "description": "Increases Max HP, P. Def and resistance to sleep/hold attacks. STR+2, DEX-2.",
      "effects": [
        {
          "op": "mul",
          "stat": "pDef",
          "value": 1.08,
        },
        {
          "op": "add",
          "stat": "maxHp",
          "value": 445,
        },
        {
          "op": "add",
          "stat": "STR",
          "value": 2,
        },
      ],
      "iconFile": null,
      "id": 3553,
      "level": 1,
      "name": "Imperial Crusader Heavy Armor Set",
      "operateType": "OP_PASSIVE",
      "power": null,
      "skillType": "BUFF",
      "target": "TARGET_SELF",
    },
    "enchant6BonusSkill": {
      "description": "Increases P. Def. and MP regeneration by enchanting set items.",
      "effects": [
        {
          "op": "add",
          "stat": "pDef",
          "value": 56,
        },
        {
          "op": "add",
          "stat": "regMp",
          "value": 2,
        },
      ],
      "iconFile": null,
      "id": 3623,
      "level": 1,
      "name": "Enchant Heavy Armor (Grade S)",
      "operateType": "OP_PASSIVE",
      "power": null,
      "skillType": "BUFF",
      "target": "TARGET_SELF",
    },
    "id": 43,
    "name": "Imperial Crusader Set",
    "pieces": {
      "chest": {
        "iconFile": "armor_t88_u_i00.png",
        "itemId": 6373,
        "name": "Imperial Crusader Breastplate",
      },
      "feet": {
        "iconFile": "armor_t88_b_i00.png",
        "itemId": 6376,
        "name": "Imperial Crusader Boots",
      },
      "gloves": {
        "iconFile": "armor_t88_g_i00.png",
        "itemId": 6375,
        "name": "Imperial Crusader Gauntlets",
      },
      "head": {
        "iconFile": "armor_helmet_i00.png",
        "itemId": 6378,
        "name": "Imperial Crusader Helmet",
      },
      "legs": {
        "iconFile": "armor_t88_l_i00.png",
        "itemId": 6374,
        "name": "Imperial Crusader Gaiters",
      },
    },
    "shield": {
      "bonusSkill": {
        "description": "Additional resistance to Poison/Bleed.",
        "iconFile": null,
        "id": 3554,
        "level": 1,
        "name": "Equipped with Shield",
        "operateType": "OP_PASSIVE",
        "power": null,
        "skillType": "BUFF",
        "target": "TARGET_SELF",
      },
      "piece": {
        "iconFile": "shield_imperial_crusader_shield_i00.png",
        "itemId": 6377,
        "name": "Imperial Crusader Shield",
      },
    },
  },
  {
    "bonusSkill": {
      "description": "Increases Max MP, Atk. Spd, P. Atk, and maximum weight limit. DEX+1, STR+1, CON-2.",
      "effects": [
        {
          "op": "mul",
          "stat": "pAtkSpd",
          "value": 1.04,
        },
        {
          "op": "mul",
          "stat": "pAtk",
          "value": 1.04,
        },
        {
          "op": "add",
          "stat": "maxMp",
          "value": 289,
        },
        {
          "op": "add",
          "stat": "maxLoad",
          "value": 5759,
        },
        {
          "op": "add",
          "stat": "DEX",
          "value": 1,
        },
        {
          "op": "add",
          "stat": "STR",
          "value": 1,
        },
      ],
      "iconFile": null,
      "id": 3555,
      "level": 1,
      "name": "Draconic Light Armor Set",
      "operateType": "OP_PASSIVE",
      "power": null,
      "skillType": "BUFF",
      "target": "TARGET_SELF",
    },
    "enchant6BonusSkill": {
      "description": "Increases M. Def. and Evasion by enchanting set items.",
      "effects": [
        {
          "op": "add",
          "stat": "rEvas",
          "value": 2,
        },
        {
          "op": "add",
          "stat": "mDef",
          "value": 32,
        },
      ],
      "iconFile": null,
      "id": 3624,
      "level": 1,
      "name": "Enchant Light Armor (Grade S)",
      "operateType": "OP_PASSIVE",
      "power": null,
      "skillType": "BUFF",
      "target": "TARGET_SELF",
    },
    "id": 44,
    "name": "Draconic Leather Set",
    "pieces": {
      "chest": {
        "iconFile": "armor_t89_ul_i00.png",
        "itemId": 6379,
        "name": "Draconic Leather Armor",
      },
      "feet": {
        "iconFile": "armor_t89_b_i00.png",
        "itemId": 6381,
        "name": "Draconic Leather Boots",
      },
      "gloves": {
        "iconFile": "armor_t89_g_i00.png",
        "itemId": 6380,
        "name": "Draconic Leather Gloves",
      },
      "head": {
        "iconFile": "armor_leather_helmet_i00.png",
        "itemId": 6382,
        "name": "Draconic Leather Helmet",
      },
    },
  },
  {
    "bonusSkill": {
      "description": "Decreases chance of magic casting being canceled. Increases resistance to shock attacks, M. Atk., Speed and maximum weight limit. WIT+1, INT+1, MEN-2.",
      "effects": [
        {
          "op": "mul",
          "stat": "mAtk",
          "value": 1.17,
        },
        {
          "op": "add",
          "stat": "runSpd",
          "value": 7,
        },
        {
          "op": "add",
          "stat": "maxLoad",
          "value": 5759,
        },
        {
          "op": "add",
          "stat": "WIT",
          "value": 1,
        },
        {
          "op": "add",
          "stat": "INT",
          "value": 1,
        },
      ],
      "iconFile": null,
      "id": 3556,
      "level": 1,
      "name": "Major Arcana Robe Set",
      "operateType": "OP_PASSIVE",
      "power": null,
      "skillType": "BUFF",
      "target": "TARGET_SELF",
    },
    "enchant6BonusSkill": {
      "description": "Increases P. Def. and weight capacity by enchanting set items.",
      "effects": [
        {
          "op": "mul",
          "stat": "maxLoad",
          "value": 1.3,
        },
        {
          "op": "add",
          "stat": "pDef",
          "value": 36,
        },
      ],
      "iconFile": null,
      "id": 3625,
      "level": 1,
      "name": "Enchant Robe (Grade S)",
      "operateType": "OP_PASSIVE",
      "power": null,
      "skillType": "BUFF",
      "target": "TARGET_SELF",
    },
    "id": 45,
    "name": "Major Arcana Set",
    "pieces": {
      "chest": {
        "iconFile": "armor_t90_ul_i00.png",
        "itemId": 6383,
        "name": "Major Arcana Robe",
      },
      "feet": {
        "iconFile": "armor_t90_b_i00.png",
        "itemId": 6385,
        "name": "Major Arcana Boots",
      },
      "gloves": {
        "iconFile": "armor_t90_g_i00.png",
        "itemId": 6384,
        "name": "Major Arcana Gloves",
      },
      "head": {
        "iconFile": "armor_leather_helmet_i00.png",
        "itemId": 6386,
        "name": "Major Arcana Circlet",
      },
    },
  },
  {
    "bonusSkill": {
      "description": "Increases P. Def. and maximum HP.",
      "effects": [
        {
          "op": "mul",
          "stat": "pDef",
          "value": 1.05,
        },
        {
          "op": "add",
          "stat": "maxHp",
          "value": 85,
        },
      ],
      "iconFile": null,
      "id": 3605,
      "level": 1,
      "name": "Clan Oath Heavy Armor Set",
      "operateType": "OP_PASSIVE",
      "power": null,
      "skillType": "BUFF",
      "target": "TARGET_SELF",
    },
    "enchant6BonusSkill": {
      "description": "Increases P. Def. and MP regeneration by enchanting set items.",
      "effects": [
        {
          "op": "add",
          "stat": "pDef",
          "value": 25,
        },
        {
          "op": "add",
          "stat": "regMp",
          "value": 2,
        },
      ],
      "iconFile": null,
      "id": 3611,
      "level": 1,
      "name": "Enchant Heavy Armor (Grade D)",
      "operateType": "OP_PASSIVE",
      "power": null,
      "skillType": "BUFF",
      "target": "TARGET_SELF",
    },
    "id": 46,
    "name": "Clan Oath Heavy Set",
    "pieces": {
      "chest": {
        "iconFile": "armor_t1001_ul_i00.png",
        "itemId": 7851,
        "name": "Clan Oath Armor",
      },
      "feet": {
        "iconFile": "armor_t1001_b_i00.png",
        "itemId": 7853,
        "name": "Clan Oath Sabaton - Heavy Armor",
      },
      "gloves": {
        "iconFile": "armor_t1001_g_i00.png",
        "itemId": 7852,
        "name": "Clan Oath Gauntlets - Heavy Armor",
      },
      "head": {
        "iconFile": "armor_helmet_i00.png",
        "itemId": 7850,
        "name": "Clan Oath Helm",
      },
    },
  },
  {
    "bonusSkill": {
      "description": "Increases P. Def. and Evasion.",
      "effects": [
        {
          "op": "mul",
          "stat": "pDef",
          "value": 1.05,
        },
        {
          "op": "add",
          "stat": "rEvas",
          "value": 3,
        },
      ],
      "iconFile": null,
      "id": 3606,
      "level": 1,
      "name": "Clan Oath Light Armor Set",
      "operateType": "OP_PASSIVE",
      "power": null,
      "skillType": "BUFF",
      "target": "TARGET_SELF",
    },
    "enchant6BonusSkill": {
      "description": "Increases M. Def. and Evasion by enchanting set items.",
      "effects": [
        {
          "op": "add",
          "stat": "rEvas",
          "value": 2,
        },
        {
          "op": "add",
          "stat": "mDef",
          "value": 12,
        },
      ],
      "iconFile": null,
      "id": 3612,
      "level": 1,
      "name": "Enchant Light Armor (Grade D)",
      "operateType": "OP_PASSIVE",
      "power": null,
      "skillType": "BUFF",
      "target": "TARGET_SELF",
    },
    "id": 47,
    "name": "Clan Oath Light Set",
    "pieces": {
      "chest": {
        "iconFile": "armor_t1002_ul_i00.png",
        "itemId": 7854,
        "name": "Clan Oath Brigandine",
      },
      "feet": {
        "iconFile": "armor_t1002_b_i00.png",
        "itemId": 7856,
        "name": "Clan Oath Boots - Light Armor",
      },
      "gloves": {
        "iconFile": "armor_t1002_g_i00.png",
        "itemId": 7855,
        "name": "Clan Oath Leather Gloves - Light Armor",
      },
      "head": {
        "iconFile": "armor_helmet_i00.png",
        "itemId": 7850,
        "name": "Clan Oath Helm",
      },
    },
  },
  {
    "bonusSkill": {
      "description": "Increases P. Def. and Casting Spd.",
      "effects": [
        {
          "op": "mul",
          "stat": "pDef",
          "value": 1.05,
        },
        {
          "op": "mul",
          "stat": "mAtkSpd",
          "value": 1.05,
        },
      ],
      "iconFile": null,
      "id": 3607,
      "level": 1,
      "name": "Clan Oath Robe Set",
      "operateType": "OP_PASSIVE",
      "power": null,
      "skillType": "BUFF",
      "target": "TARGET_SELF",
    },
    "enchant6BonusSkill": {
      "description": "Increases P. Def. and weight capacity by enchanting set items.",
      "effects": [
        {
          "op": "mul",
          "stat": "maxLoad",
          "value": 1.3,
        },
        {
          "op": "add",
          "stat": "pDef",
          "value": 16,
        },
      ],
      "iconFile": null,
      "id": 3613,
      "level": 1,
      "name": "Enchant Robe (Grade D)",
      "operateType": "OP_PASSIVE",
      "power": null,
      "skillType": "BUFF",
      "target": "TARGET_SELF",
    },
    "id": 48,
    "name": "Clan Oath Robe Set",
    "pieces": {
      "chest": {
        "iconFile": "armor_t1003_ul_i00.png",
        "itemId": 7857,
        "name": "Clan Oath Aketon",
      },
      "feet": {
        "iconFile": "armor_t1003_b_i00.png",
        "itemId": 7859,
        "name": "Clan Oath Sandals - Robe",
      },
      "gloves": {
        "iconFile": "armor_t1003_g_i00.png",
        "itemId": 7858,
        "name": "Clan Oath Padded Gloves - Robe",
      },
      "head": {
        "iconFile": "armor_helmet_i00.png",
        "itemId": 7850,
        "name": "Clan Oath Helm",
      },
    },
  },
  {
    "bonusSkill": {
      "description": "Increases maximum CP/CP regeneration and decreases experience value penalty if killed by another player. Casts a hold on an attacking player at a certain rate.",
      "effects": [
        {
          "op": "mul",
          "stat": "regCp",
          "value": 1.4,
        },
        {
          "op": "add",
          "stat": "maxCp",
          "value": 232,
        },
      ],
      "iconFile": null,
      "id": 3608,
      "level": 1,
      "name": "Apella Heavy Armor Set",
      "operateType": "OP_PASSIVE",
      "power": null,
      "skillType": "BUFF",
      "target": "TARGET_SELF",
    },
    "enchant6BonusSkill": {
      "description": "Increases P. Def. and MP regeneration by enchanting set items.",
      "effects": [
        {
          "op": "add",
          "stat": "pDef",
          "value": 50,
        },
        {
          "op": "add",
          "stat": "regMp",
          "value": 2,
        },
      ],
      "iconFile": null,
      "id": 3620,
      "level": 1,
      "name": "Enchant Heavy Armor (Grade A)",
      "operateType": "OP_PASSIVE",
      "power": null,
      "skillType": "BUFF",
      "target": "TARGET_SELF",
    },
    "id": 49,
    "name": "Apella Heavy Set",
    "pieces": {
      "chest": {
        "iconFile": "armor_t1004_ul_i00.png",
        "itemId": 7861,
        "name": "Apella Plate Armor",
      },
      "feet": {
        "iconFile": "armor_t1004_b_i00.png",
        "itemId": 7863,
        "name": "Apella Solleret - Heavy Armor",
      },
      "gloves": {
        "iconFile": "armor_t1004_g_i00.png",
        "itemId": 7862,
        "name": "Apella Gauntlet - Heavy Armor",
      },
      "head": {
        "iconFile": "armor_helmet_i00.png",
        "itemId": 7860,
        "name": "Apella Helm",
      },
    },
  },
  {
    "bonusSkill": {
      "description": "Increases maximum CP/CP regeneration and decreases experience value penalty if killed by another player. Casts a Speed reduction curse on an attacking player.",
      "effects": [
        {
          "op": "mul",
          "stat": "regCp",
          "value": 1.4,
        },
        {
          "op": "add",
          "stat": "maxCp",
          "value": 195,
        },
      ],
      "iconFile": null,
      "id": 3609,
      "level": 1,
      "name": "Apella Light Armor Set",
      "operateType": "OP_PASSIVE",
      "power": null,
      "skillType": "BUFF",
      "target": "TARGET_SELF",
    },
    "enchant6BonusSkill": {
      "description": "Increases M. Def. and Evasion by enchanting set items.",
      "effects": [
        {
          "op": "add",
          "stat": "rEvas",
          "value": 2,
        },
        {
          "op": "add",
          "stat": "mDef",
          "value": 28,
        },
      ],
      "iconFile": null,
      "id": 3621,
      "level": 1,
      "name": "Enchant Light Armor (Grade A)",
      "operateType": "OP_PASSIVE",
      "power": null,
      "skillType": "BUFF",
      "target": "TARGET_SELF",
    },
    "id": 50,
    "name": "Apella Light Set",
    "pieces": {
      "chest": {
        "iconFile": "armor_t1005_ul_i00.png",
        "itemId": 7864,
        "name": "Apella Brigandine",
      },
      "feet": {
        "iconFile": "armor_t1005_b_i00.png",
        "itemId": 7866,
        "name": "Apella Boots - Light Armor",
      },
      "gloves": {
        "iconFile": "armor_t1005_g_i00.png",
        "itemId": 7865,
        "name": "Apella Leather Gloves - Light Armor",
      },
      "head": {
        "iconFile": "armor_helmet_i00.png",
        "itemId": 7860,
        "name": "Apella Helm",
      },
    },
  },
  {
    "bonusSkill": {
      "description": "Increases maximum CP/CP regeneration and decreases experience value penalty if killed by a player. Casts an Atk. Spd. reduction curse on attacking player.",
      "effects": [
        {
          "op": "mul",
          "stat": "regCp",
          "value": 1.4,
        },
        {
          "op": "add",
          "stat": "maxCp",
          "value": 177,
        },
      ],
      "iconFile": null,
      "id": 3610,
      "level": 1,
      "name": "Apella Robe Set",
      "operateType": "OP_PASSIVE",
      "power": null,
      "skillType": "BUFF",
      "target": "TARGET_SELF",
    },
    "enchant6BonusSkill": {
      "description": "Increases P. Def. and weight capacity by enchanting set items.",
      "effects": [
        {
          "op": "mul",
          "stat": "maxLoad",
          "value": 1.3,
        },
        {
          "op": "add",
          "stat": "pDef",
          "value": 32,
        },
      ],
      "iconFile": null,
      "id": 3622,
      "level": 1,
      "name": "Enchant Robe (Grade A)",
      "operateType": "OP_PASSIVE",
      "power": null,
      "skillType": "BUFF",
      "target": "TARGET_SELF",
    },
    "id": 51,
    "name": "Apella Robe Set",
    "pieces": {
      "chest": {
        "iconFile": "armor_t1006_ul_i00.png",
        "itemId": 7867,
        "name": "Apella Doublet",
      },
      "feet": {
        "iconFile": "armor_t1006_b_i00.png",
        "itemId": 7869,
        "name": "Apella Sandals - Robe",
      },
      "gloves": {
        "iconFile": "armor_t1006_g_i00.png",
        "itemId": 7868,
        "name": "Apella Silk Gloves - Robe",
      },
      "head": {
        "iconFile": "armor_helmet_i00.png",
        "itemId": 7860,
        "name": "Apella Helm",
      },
    },
  },
]
`;
