// Vitest Snapshot v1, https://vitest.dev/guide/snapshot.html

exports[`armor set DTO "Avadon Heavy Set" matches snapshot 1`] = `
{
  "bonusSkill": {
    "description": "Increases maximum HP.",
    "effects": [
      {
        "op": "add",
        "stat": "maxHp",
        "value": 294,
      },
    ],
    "iconFile": null,
    "id": 3519,
    "level": 1,
    "name": "Avadon Breastplate Heavy Armor Set",
    "operateType": "OP_PASSIVE",
    "power": null,
    "skillType": "BUFF",
    "target": "TARGET_SELF",
  },
  "enchant6BonusSkill": {
    "description": "Increases P. Def. and MP regeneration by enchanting set items.",
    "effects": [
      {
        "op": "add",
        "stat": "pDef",
        "value": 44,
      },
      {
        "op": "add",
        "stat": "regMp",
        "value": 2,
      },
    ],
    "iconFile": null,
    "id": 3617,
    "level": 1,
    "name": "Enchant Heavy Armor (Grade B)",
    "operateType": "OP_PASSIVE",
    "power": null,
    "skillType": "BUFF",
    "target": "TARGET_SELF",
  },
  "id": 22,
  "name": "Avadon Heavy Set",
  "pieces": {
    "chest": {
      "iconFile": "armor_t66_u_i00.png",
      "itemId": 2376,
      "name": "Avadon Breastplate",
    },
    "feet": {
      "iconFile": "armor_t66_b_i00.png",
      "itemId": 5730,
      "name": "Avadon Boots - Heavy Armor",
    },
    "gloves": {
      "iconFile": "armor_t66_g_i00.png",
      "itemId": 5714,
      "name": "Avadon Gloves - Heavy Armor",
    },
    "head": {
      "iconFile": "armor_leather_helmet_i00.png",
      "itemId": 2415,
      "name": "Avadon Circlet",
    },
    "legs": {
      "iconFile": "armor_t66_l_i00.png",
      "itemId": 2379,
      "name": "Avadon Gaiters",
    },
  },
  "shield": {
    "bonusSkill": {
      "description": "Increases shield defense rate.",
      "effects": [
        {
          "op": "mul",
          "stat": "rShld",
          "value": 1.24,
        },
      ],
      "iconFile": null,
      "id": 3548,
      "level": 1,
      "name": "Equipped with Shield",
      "operateType": "OP_PASSIVE",
      "power": null,
      "skillType": "BUFF",
      "target": "TARGET_SELF",
    },
    "piece": {
      "iconFile": "shield_avadon_shield_i00.png",
      "itemId": 673,
      "name": "Avadon Shield",
    },
  },
}
`;

exports[`armor set DTO "Imperial Crusader Set" matches snapshot 1`] = `
{
  "bonusSkill": {
    "description": "Increases Max HP, P. Def and resistance to sleep/hold attacks. STR+2, DEX-2.",
    "effects": [
      {
        "op": "mul",
        "stat": "pDef",
        "value": 1.08,
      },
      {
        "op": "add",
        "stat": "maxHp",
        "value": 445,
      },
      {
        "op": "add",
        "stat": "STR",
        "value": 2,
      },
    ],
    "iconFile": null,
    "id": 3553,
    "level": 1,
    "name": "Imperial Crusader Heavy Armor Set",
    "operateType": "OP_PASSIVE",
    "power": null,
    "skillType": "BUFF",
    "target": "TARGET_SELF",
  },
  "enchant6BonusSkill": {
    "description": "Increases P. Def. and MP regeneration by enchanting set items.",
    "effects": [
      {
        "op": "add",
        "stat": "pDef",
        "value": 56,
      },
      {
        "op": "add",
        "stat": "regMp",
        "value": 2,
      },
    ],
    "iconFile": null,
    "id": 3623,
    "level": 1,
    "name": "Enchant Heavy Armor (Grade S)",
    "operateType": "OP_PASSIVE",
    "power": null,
    "skillType": "BUFF",
    "target": "TARGET_SELF",
  },
  "id": 43,
  "name": "Imperial Crusader Set",
  "pieces": {
    "chest": {
      "iconFile": "armor_t88_u_i00.png",
      "itemId": 6373,
      "name": "Imperial Crusader Breastplate",
    },
    "feet": {
      "iconFile": "armor_t88_b_i00.png",
      "itemId": 6376,
      "name": "Imperial Crusader Boots",
    },
    "gloves": {
      "iconFile": "armor_t88_g_i00.png",
      "itemId": 6375,
      "name": "Imperial Crusader Gauntlets",
    },
    "head": {
      "iconFile": "armor_helmet_i00.png",
      "itemId": 6378,
      "name": "Imperial Crusader Helmet",
    },
    "legs": {
      "iconFile": "armor_t88_l_i00.png",
      "itemId": 6374,
      "name": "Imperial Crusader Gaiters",
    },
  },
  "shield": {
    "bonusSkill": {
      "description": "Additional resistance to Poison/Bleed.",
      "iconFile": null,
      "id": 3554,
      "level": 1,
      "name": "Equipped with Shield",
      "operateType": "OP_PASSIVE",
      "power": null,
      "skillType": "BUFF",
      "target": "TARGET_SELF",
    },
    "piece": {
      "iconFile": "shield_imperial_crusader_shield_i00.png",
      "itemId": 6377,
      "name": "Imperial Crusader Shield",
    },
  },
}
`;

exports[`armor set DTO "Major Arcana Set" matches snapshot 1`] = `
{
  "bonusSkill": {
    "description": "Decreases chance of magic casting being canceled. Increases resistance to shock attacks, M. Atk., Speed and maximum weight limit. WIT+1, INT+1, MEN-2.",
    "effects": [
      {
        "op": "mul",
        "stat": "mAtk",
        "value": 1.17,
      },
      {
        "op": "add",
        "stat": "runSpd",
        "value": 7,
      },
      {
        "op": "add",
        "stat": "maxLoad",
        "value": 5759,
      },
      {
        "op": "add",
        "stat": "WIT",
        "value": 1,
      },
      {
        "op": "add",
        "stat": "INT",
        "value": 1,
      },
    ],
    "iconFile": null,
    "id": 3556,
    "level": 1,
    "name": "Major Arcana Robe Set",
    "operateType": "OP_PASSIVE",
    "power": null,
    "skillType": "BUFF",
    "target": "TARGET_SELF",
  },
  "enchant6BonusSkill": {
    "description": "Increases P. Def. and weight capacity by enchanting set items.",
    "effects": [
      {
        "op": "mul",
        "stat": "maxLoad",
        "value": 1.3,
      },
      {
        "op": "add",
        "stat": "pDef",
        "value": 36,
      },
    ],
    "iconFile": null,
    "id": 3625,
    "level": 1,
    "name": "Enchant Robe (Grade S)",
    "operateType": "OP_PASSIVE",
    "power": null,
    "skillType": "BUFF",
    "target": "TARGET_SELF",
  },
  "id": 45,
  "name": "Major Arcana Set",
  "pieces": {
    "chest": {
      "iconFile": "armor_t90_ul_i00.png",
      "itemId": 6383,
      "name": "Major Arcana Robe",
    },
    "feet": {
      "iconFile": "armor_t90_b_i00.png",
      "itemId": 6385,
      "name": "Major Arcana Boots",
    },
    "gloves": {
      "iconFile": "armor_t90_g_i00.png",
      "itemId": 6384,
      "name": "Major Arcana Gloves",
    },
    "head": {
      "iconFile": "armor_leather_helmet_i00.png",
      "itemId": 6386,
      "name": "Major Arcana Circlet",
    },
  },
}
`;

exports[`armor set DTO "Tallum Heavy Set" matches snapshot 1`] = `
{
  "bonusSkill": {
    "description": "Increases resistance to poison/bleeding attacks. Atk. Spd. and maximum weight limit are also increased. STR+2, CON-2.",
    "effects": [
      {
        "op": "mul",
        "stat": "pAtkSpd",
        "value": 1.08,
      },
      {
        "op": "add",
        "stat": "maxLoad",
        "value": 5759,
      },
      {
        "op": "add",
        "stat": "STR",
        "value": 2,
      },
    ],
    "iconFile": null,
    "id": 3531,
    "level": 1,
    "name": "Tallum Heavy Armor Set",
    "operateType": "OP_PASSIVE",
    "power": null,
    "skillType": "BUFF",
    "target": "TARGET_SELF",
  },
  "enchant6BonusSkill": {
    "description": "Increases P. Def. and MP regeneration by enchanting set items.",
    "effects": [
      {
        "op": "add",
        "stat": "pDef",
        "value": 50,
      },
      {
        "op": "add",
        "stat": "regMp",
        "value": 2,
      },
    ],
    "iconFile": null,
    "id": 3620,
    "level": 1,
    "name": "Enchant Heavy Armor (Grade A)",
    "operateType": "OP_PASSIVE",
    "power": null,
    "skillType": "BUFF",
    "target": "TARGET_SELF",
  },
  "id": 34,
  "name": "Tallum Heavy Set",
  "pieces": {
    "chest": {
      "iconFile": "armor_t77_ul_i00.png",
      "itemId": 2382,
      "name": "Tallum Plate Armor",
    },
    "feet": {
      "iconFile": "armor_t77_b_i00.png",
      "itemId": 5780,
      "name": "Tallum Boots - Heavy Armor",
    },
    "gloves": {
      "iconFile": "armor_t77_g_i00.png",
      "itemId": 5768,
      "name": "Tallum Gloves - Heavy Armor",
    },
    "head": {
      "iconFile": "armor_helmet_i00.png",
      "itemId": 547,
      "name": "Tallum Helm",
    },
  },
}
`;

exports[`armor set DTO "Wooden Set" matches snapshot 1`] = `
{
  "bonusSkill": {
    "description": "Increases P. Def. and Max HP.",
    "effects": [
      {
        "op": "mul",
        "stat": "pDef",
        "value": 1.02,
      },
      {
        "op": "add",
        "stat": "maxHp",
        "value": 41,
      },
    ],
    "iconFile": null,
    "id": 3500,
    "level": 1,
    "name": "Wooden Set",
    "operateType": "OP_PASSIVE",
    "power": null,
    "skillType": "BUFF",
    "target": "TARGET_SELF",
  },
  "id": 1,
  "name": "Wooden Set",
  "pieces": {
    "chest": {
      "iconFile": "armor_t06_u_i00.png",
      "itemId": 23,
      "name": "Wooden Breastplate",
    },
    "head": {
      "iconFile": "armor_leather_helmet_i00.png",
      "itemId": 43,
      "name": "Wooden Helmet",
    },
    "legs": {
      "iconFile": "armor_t06_l_i00.png",
      "itemId": 2386,
      "name": "Wooden Gaiters",
    },
  },
}
`;

exports[`armor sets list DTO (first page) matches snapshot 1`] = `
{
  "items": [
    {
      "id": 1,
      "name": "Wooden Set",
      "pieceCount": 3,
    },
    {
      "id": 2,
      "name": "Devotion Set",
      "pieceCount": 3,
    },
    {
      "id": 3,
      "name": "Mithril Robe Set",
      "pieceCount": 3,
    },
    {
      "id": 4,
      "name": "Brigandine Set",
      "pieceCount": 3,
    },
    {
      "id": 5,
      "name": "Reinforced Leather Set",
      "pieceCount": 3,
    },
    {
      "id": 6,
      "name": "Manticore Skin Set",
      "pieceCount": 3,
    },
    {
      "id": 7,
      "name": "Knowledge Set",
      "pieceCount": 3,
    },
    {
      "id": 8,
      "name": "Mithril Robe Set",
      "pieceCount": 3,
    },
    {
      "id": 9,
      "name": "Chain Mail Set",
      "pieceCount": 3,
    },
    {
      "id": 10,
      "name": "Composite Set",
      "pieceCount": 2,
    },
    {
      "id": 11,
      "name": "Full Plate Set",
      "pieceCount": 2,
    },
    {
      "id": 12,
      "name": "Mithril Light Set",
      "pieceCount": 3,
    },
    {
      "id": 13,
      "name": "Plated Leather Set",
      "pieceCount": 3,
    },
    {
      "id": 14,
      "name": "Theca Leather Set",
      "pieceCount": 3,
    },
    {
      "id": 15,
      "name": "Drake Leather Set",
      "pieceCount": 2,
    },
    {
      "id": 16,
      "name": "Karmian Set",
      "pieceCount": 3,
    },
    {
      "id": 17,
      "name": "Demon Set",
      "pieceCount": 3,
    },
    {
      "id": 18,
      "name": "Divine Set",
      "pieceCount": 3,
    },
    {
      "id": 19,
      "name": "Zubei Heavy Set",
      "pieceCount": 5,
    },
    {
      "id": 20,
      "name": "Zubei Light Set",
      "pieceCount": 5,
    },
    {
      "id": 21,
      "name": "Zubei Robe Set",
      "pieceCount": 5,
    },
    {
      "id": 22,
      "name": "Avadon Heavy Set",
      "pieceCount": 5,
    },
    {
      "id": 23,
      "name": "Avadon Light Set",
      "pieceCount": 4,
    },
    {
      "id": 24,
      "name": "Avadon Robe Set",
      "pieceCount": 4,
    },
    {
      "id": 25,
      "name": "Blue Wolf Heavy Set",
      "pieceCount": 5,
    },
    {
      "id": 26,
      "name": "Blue Wolf Light Set",
      "pieceCount": 4,
    },
    {
      "id": 27,
      "name": "Blue Wolf Robe Set",
      "pieceCount": 5,
    },
    {
      "id": 28,
      "name": "Doom Heavy Set",
      "pieceCount": 4,
    },
    {
      "id": 29,
      "name": "Doom Light Set",
      "pieceCount": 4,
    },
    {
      "id": 30,
      "name": "Doom Robe Set",
      "pieceCount": 5,
    },
    {
      "id": 31,
      "name": "Dark Crystal Heavy Set",
      "pieceCount": 5,
    },
    {
      "id": 32,
      "name": "Dark Crystal Light Set",
      "pieceCount": 5,
    },
    {
      "id": 33,
      "name": "Dark Crystal Robe Set",
      "pieceCount": 4,
    },
    {
      "id": 34,
      "name": "Tallum Heavy Set",
      "pieceCount": 4,
    },
    {
      "id": 35,
      "name": "Tallum Light Set",
      "pieceCount": 4,
    },
    {
      "id": 36,
      "name": "Tallum Robe Set",
      "pieceCount": 5,
    },
    {
      "id": 37,
      "name": "Nightmare Heavy Set",
      "pieceCount": 4,
    },
    {
      "id": 38,
      "name": "Nightmare Light Set",
      "pieceCount": 4,
    },
    {
      "id": 39,
      "name": "Nightmare Robe Set",
      "pieceCount": 4,
    },
    {
      "id": 40,
      "name": "Majestic Heavy Set",
      "pieceCount": 4,
    },
    {
      "id": 41,
      "name": "Majestic Leather Set",
      "pieceCount": 4,
    },
    {
      "id": 42,
      "name": "Majestic Robe Set",
      "pieceCount": 4,
    },
    {
      "id": 43,
      "name": "Imperial Crusader Set",
      "pieceCount": 5,
    },
    {
      "id": 44,
      "name": "Draconic Leather Set",
      "pieceCount": 4,
    },
    {
      "id": 45,
      "name": "Major Arcana Set",
      "pieceCount": 4,
    },
    {
      "id": 46,
      "name": "Clan Oath Heavy Set",
      "pieceCount": 4,
    },
    {
      "id": 47,
      "name": "Clan Oath Light Set",
      "pieceCount": 4,
    },
    {
      "id": 48,
      "name": "Clan Oath Robe Set",
      "pieceCount": 4,
    },
    {
      "id": 49,
      "name": "Apella Heavy Set",
      "pieceCount": 4,
    },
    {
      "id": 50,
      "name": "Apella Light Set",
      "pieceCount": 4,
    },
  ],
  "total": 51,
}
`;
