// Vitest Snapshot v1, https://vitest.dev/guide/snapshot.html

exports[`class 0 (Human Fighter) detail DTO matches snapshot 1`] = `
{
  "childClassIds": [
    1,
    4,
    7,
  ],
  "id": 0,
  "name": "Human Fighter",
  "parentClassId": null,
  "professionLevel": 0,
  "race": "Human",
  "skills": [
    {
      "description": "Gathers power for a fierce strike. Used when equipped with a sword or blunt weapon. Over-hit is possible.  Power 25.",
      "iconFile": "skill0003.png",
      "minPlayerLevel": 5,
      "mpConsume": 10,
      "name": "Power Strike",
      "skillId": 3,
      "skillLevel": 1,
      "spCost": 50,
    },
    {
      "description": "Gathers power for a fierce strike. Used when equipped with a sword or blunt weapon. Over-hit is possible.  Power 27.",
      "iconFile": "skill0003.png",
      "minPlayerLevel": 5,
      "mpConsume": 10,
      "name": "Power Strike",
      "skillId": 3,
      "skillLevel": 2,
      "spCost": 50,
    },
    {
      "description": "Gathers power for a fierce strike. Used when equipped with a sword or blunt weapon. Over-hit is possible.  Power 30.",
      "iconFile": "skill0003.png",
      "minPlayerLevel": 5,
      "mpConsume": 11,
      "name": "Power Strike",
      "skillId": 3,
      "skillLevel": 3,
      "spCost": 50,
    },
    {
      "description": "Gathers power for a fierce strike. Used when equipped with a sword or blunt weapon. Over-hit is possible.  Power 39.",
      "iconFile": "skill0003.png",
      "minPlayerLevel": 10,
      "mpConsume": 13,
      "name": "Power Strike",
      "skillId": 3,
      "skillLevel": 4,
      "spCost": 370,
    },
    {
      "description": "Gathers power for a fierce strike. Used when equipped with a sword or blunt weapon. Over-hit is possible.  Power 42.",
      "iconFile": "skill0003.png",
      "minPlayerLevel": 10,
      "mpConsume": 13,
      "name": "Power Strike",
      "skillId": 3,
      "skillLevel": 5,
      "spCost": 370,
    },
    {
      "description": "Gathers power for a fierce strike. Used when equipped with a sword or blunt weapon. Over-hit is possible.  Power 46.",
      "iconFile": "skill0003.png",
      "minPlayerLevel": 10,
      "mpConsume": 14,
      "name": "Power Strike",
      "skillId": 3,
      "skillLevel": 6,
      "spCost": 370,
    },
    {
      "description": "Gathers power for a fierce strike. Used when equipped with a sword or blunt weapon. Over-hit is possible.  Power 60.",
      "iconFile": "skill0003.png",
      "minPlayerLevel": 15,
      "mpConsume": 17,
      "name": "Power Strike",
      "skillId": 3,
      "skillLevel": 7,
      "spCost": 1300,
    },
    {
      "description": "Gathers power for a fierce strike. Used when equipped with a sword or blunt weapon. Over-hit is possible.  Power 65.",
      "iconFile": "skill0003.png",
      "minPlayerLevel": 15,
      "mpConsume": 18,
      "name": "Power Strike",
      "skillId": 3,
      "skillLevel": 8,
      "spCost": 1300,
    },
    {
      "description": "Gathers power for a fierce strike. Used when equipped with a sword or blunt weapon. Over-hit is possible.  Power 70.",
      "iconFile": "skill0003.png",
      "minPlayerLevel": 15,
      "mpConsume": 19,
      "name": "Power Strike",
      "skillId": 3,
      "skillLevel": 9,
      "spCost": 1300,
    },
    {
      "description": "A potentially deadly attack. An equipped dagger weapon is required to use this skill. Power 73.",
      "iconFile": "skill0016.png",
      "minPlayerLevel": 5,
      "mpConsume": 9,
      "name": "Mortal Blow",
      "skillId": 16,
      "skillLevel": 1,
      "spCost": 50,
    },
    {
      "description": "A potentially deadly attack. An equipped dagger weapon is required to use this skill. Power 80.",
      "iconFile": "skill0016.png",
      "minPlayerLevel": 5,
      "mpConsume": 9,
      "name": "Mortal Blow",
      "skillId": 16,
      "skillLevel": 2,
      "spCost": 50,
    },
    {
      "description": "A potentially deadly attack. An equipped dagger weapon is required to use this skill. Power 88.",
      "iconFile": "skill0016.png",
      "minPlayerLevel": 5,
      "mpConsume": 10,
      "name": "Mortal Blow",
      "skillId": 16,
      "skillLevel": 3,
      "spCost": 50,
    },
    {
      "description": "A potentially deadly attack. An equipped dagger weapon is required to use this skill. Power 115.",
      "iconFile": "skill0016.png",
      "minPlayerLevel": 10,
      "mpConsume": 11,
      "name": "Mortal Blow",
      "skillId": 16,
      "skillLevel": 4,
      "spCost": 370,
    },
    {
      "description": "A potentially deadly attack. An equipped dagger weapon is required to use this skill. Power 126.",
      "iconFile": "skill0016.png",
      "minPlayerLevel": 10,
      "mpConsume": 12,
      "name": "Mortal Blow",
      "skillId": 16,
      "skillLevel": 5,
      "spCost": 370,
    },
    {
      "description": "A potentially deadly attack. An equipped dagger weapon is required to use this skill. Power 137.",
      "iconFile": "skill0016.png",
      "minPlayerLevel": 10,
      "mpConsume": 13,
      "name": "Mortal Blow",
      "skillId": 16,
      "skillLevel": 6,
      "spCost": 370,
    },
    {
      "description": "A potentially deadly attack. An equipped dagger weapon is required to use this skill. Power 178.",
      "iconFile": "skill0016.png",
      "minPlayerLevel": 15,
      "mpConsume": 16,
      "name": "Mortal Blow",
      "skillId": 16,
      "skillLevel": 7,
      "spCost": 1300,
    },
    {
      "description": "A potentially deadly attack. An equipped dagger weapon is required to use this skill. Power 193.",
      "iconFile": "skill0016.png",
      "minPlayerLevel": 15,
      "mpConsume": 16,
      "name": "Mortal Blow",
      "skillId": 16,
      "skillLevel": 8,
      "spCost": 1300,
    },
    {
      "description": "A potentially deadly attack. An equipped dagger weapon is required to use this skill. Power 210.",
      "iconFile": "skill0016.png",
      "minPlayerLevel": 15,
      "mpConsume": 17,
      "name": "Mortal Blow",
      "skillId": 16,
      "skillLevel": 9,
      "spCost": 1300,
    },
    {
      "description": "A deadly damage-dealing volley from a bow. Power 65. Over-hit possible.",
      "iconFile": "skill0056.png",
      "minPlayerLevel": 5,
      "mpConsume": 19,
      "name": "Power Shot",
      "skillId": 56,
      "skillLevel": 1,
      "spCost": 50,
    },
    {
      "description": "A deadly damage-dealing volley from a bow. Power 71. Over-hit possible.",
      "iconFile": "skill0056.png",
      "minPlayerLevel": 5,
      "mpConsume": 20,
      "name": "Power Shot",
      "skillId": 56,
      "skillLevel": 2,
      "spCost": 50,
    },
    {
      "description": "A deadly damage-dealing volley from a bow. Power 78. Over-hit possible.",
      "iconFile": "skill0056.png",
      "minPlayerLevel": 5,
      "mpConsume": 21,
      "name": "Power Shot",
      "skillId": 56,
      "skillLevel": 3,
      "spCost": 50,
    },
    {
      "description": "A deadly damage-dealing volley from a bow. Power 102. Over-hit possible.",
      "iconFile": "skill0056.png",
      "minPlayerLevel": 10,
      "mpConsume": 25,
      "name": "Power Shot",
      "skillId": 56,
      "skillLevel": 4,
      "spCost": 370,
    },
    {
      "description": "A deadly damage-dealing volley from a bow. Power 112. Over-hit possible.",
      "iconFile": "skill0056.png",
      "minPlayerLevel": 10,
      "mpConsume": 26,
      "name": "Power Shot",
      "skillId": 56,
      "skillLevel": 5,
      "spCost": 370,
    },
    {
      "description": "A deadly damage-dealing volley from a bow. Power 122. Over-hit possible.",
      "iconFile": "skill0056.png",
      "minPlayerLevel": 10,
      "mpConsume": 27,
      "name": "Power Shot",
      "skillId": 56,
      "skillLevel": 6,
      "spCost": 370,
    },
    {
      "description": "A deadly damage-dealing volley from a bow. Power 158. Over-hit possible.",
      "iconFile": "skill0056.png",
      "minPlayerLevel": 15,
      "mpConsume": 34,
      "name": "Power Shot",
      "skillId": 56,
      "skillLevel": 7,
      "spCost": 1300,
    },
    {
      "description": "A deadly damage-dealing volley from a bow. Power 172. Over-hit possible.",
      "iconFile": "skill0056.png",
      "minPlayerLevel": 15,
      "mpConsume": 36,
      "name": "Power Shot",
      "skillId": 56,
      "skillLevel": 8,
      "spCost": 1300,
    },
    {
      "description": "A deadly damage-dealing volley from a bow. Power 187. Over-hit possible.",
      "iconFile": "skill0056.png",
      "minPlayerLevel": 15,
      "mpConsume": 37,
      "name": "Power Shot",
      "skillId": 56,
      "skillLevel": 9,
      "spCost": 1300,
    },
    {
      "description": "Attack power increase.",
      "iconFile": "skill0141.png",
      "minPlayerLevel": 5,
      "mpConsume": null,
      "name": "Weapon Mastery",
      "skillId": 141,
      "skillLevel": 1,
      "spCost": 160,
    },
    {
      "description": "Attack power increase.",
      "iconFile": "skill0141.png",
      "minPlayerLevel": 10,
      "mpConsume": null,
      "name": "Weapon Mastery",
      "skillId": 141,
      "skillLevel": 2,
      "spCost": 1100,
    },
    {
      "description": "Attack power increase.",
      "iconFile": "skill0141.png",
      "minPlayerLevel": 15,
      "mpConsume": null,
      "name": "Weapon Mastery",
      "skillId": 141,
      "skillLevel": 3,
      "spCost": 4000,
    },
    {
      "description": "Defense increase.",
      "iconFile": "skill0142.png",
      "minPlayerLevel": 5,
      "mpConsume": null,
      "name": "Armor Mastery",
      "skillId": 142,
      "skillLevel": 1,
      "spCost": 160,
    },
    {
      "description": "Defense increase.",
      "iconFile": "skill0142.png",
      "minPlayerLevel": 10,
      "mpConsume": null,
      "name": "Armor Mastery",
      "skillId": 142,
      "skillLevel": 2,
      "spCost": 550,
    },
    {
      "description": "Defense increase.",
      "iconFile": "skill0142.png",
      "minPlayerLevel": 10,
      "mpConsume": null,
      "name": "Armor Mastery",
      "skillId": 142,
      "skillLevel": 3,
      "spCost": 550,
    },
    {
      "description": "Increases defense when wearing heavy equipment. Increases defense and evasion when wearing light equipment.",
      "iconFile": "skill0142.png",
      "minPlayerLevel": 15,
      "mpConsume": null,
      "name": "Armor Mastery",
      "skillId": 142,
      "skillLevel": 4,
      "spCost": 2000,
    },
    {
      "description": "Increases defense when wearing heavy equipment. Increases defense and evasion when wearing light equipment.",
      "iconFile": "skill0142.png",
      "minPlayerLevel": 15,
      "mpConsume": null,
      "name": "Armor Mastery",
      "skillId": 142,
      "skillLevel": 5,
      "spCost": 2000,
    },
    {
      "description": "Prevents the Death Penalty while you are Level 9 or lower.",
      "iconFile": "skill0194.png",
      "minPlayerLevel": 1,
      "mpConsume": null,
      "name": "Lucky",
      "skillId": 194,
      "skillLevel": 1,
      "spCost": 0,
    },
    {
      "description": "Recovers HP quickly when sitting.",
      "iconFile": "skill0226.png",
      "minPlayerLevel": 5,
      "mpConsume": 2,
      "name": "Relax",
      "skillId": 226,
      "skillLevel": 1,
      "spCost": 160,
    },
    {
      "description": "You become familiar with D-grade equipment.",
      "iconFile": "skill0239.png",
      "minPlayerLevel": 20,
      "mpConsume": null,
      "name": "Expertise S",
      "skillId": 239,
      "skillLevel": 1,
      "spCost": 0,
    },
    {
      "description": "You become familiar with C-Grade equipment.",
      "iconFile": "skill0239.png",
      "minPlayerLevel": 40,
      "mpConsume": null,
      "name": "Expertise S",
      "skillId": 239,
      "skillLevel": 2,
      "spCost": 0,
    },
    {
      "description": "You become familiar with B-Grade equipment.",
      "iconFile": "skill0239.png",
      "minPlayerLevel": 52,
      "mpConsume": null,
      "name": "Expertise S",
      "skillId": 239,
      "skillLevel": 3,
      "spCost": 0,
    },
    {
      "description": "You become familiar with A-Grade equipment.",
      "iconFile": "skill0239.png",
      "minPlayerLevel": 61,
      "mpConsume": null,
      "name": "Expertise S",
      "skillId": 239,
      "skillLevel": 4,
      "spCost": 0,
    },
    {
      "description": "You become familiar with S-Grade equipment.",
      "iconFile": "skill0239.png",
      "minPlayerLevel": 76,
      "mpConsume": null,
      "name": "Expertise S",
      "skillId": 239,
      "skillLevel": 5,
      "spCost": 0,
    },
    {
      "description": "Creates level 1 common items.",
      "iconFile": null,
      "minPlayerLevel": 1,
      "mpConsume": null,
      "name": "Create Common Item",
      "skillId": 1320,
      "skillLevel": 1,
      "spCost": 0,
    },
    {
      "description": "Creates level 2 common items.",
      "iconFile": null,
      "minPlayerLevel": 20,
      "mpConsume": null,
      "name": "Create Common Item",
      "skillId": 1320,
      "skillLevel": 2,
      "spCost": 0,
    },
    {
      "description": "Creates level 3 common items.",
      "iconFile": null,
      "minPlayerLevel": 28,
      "mpConsume": null,
      "name": "Create Common Item",
      "skillId": 1320,
      "skillLevel": 3,
      "spCost": 0,
    },
    {
      "description": "Creates level 4 common items.",
      "iconFile": null,
      "minPlayerLevel": 36,
      "mpConsume": null,
      "name": "Create Common Item",
      "skillId": 1320,
      "skillLevel": 4,
      "spCost": 0,
    },
    {
      "description": "Creates level 5 common items.",
      "iconFile": null,
      "minPlayerLevel": 43,
      "mpConsume": null,
      "name": "Create Common Item",
      "skillId": 1320,
      "skillLevel": 5,
      "spCost": 0,
    },
    {
      "description": "Creates level 6 common items.",
      "iconFile": null,
      "minPlayerLevel": 49,
      "mpConsume": null,
      "name": "Create Common Item",
      "skillId": 1320,
      "skillLevel": 6,
      "spCost": 0,
    },
    {
      "description": "Creates level 7 common items.",
      "iconFile": null,
      "minPlayerLevel": 55,
      "mpConsume": null,
      "name": "Create Common Item",
      "skillId": 1320,
      "skillLevel": 7,
      "spCost": 0,
    },
    {
      "description": "Creates level 8 common items.",
      "iconFile": null,
      "minPlayerLevel": 62,
      "mpConsume": null,
      "name": "Create Common Item",
      "skillId": 1320,
      "skillLevel": 8,
      "spCost": 0,
    },
    {
      "description": "Creates level 9 common items.",
      "iconFile": null,
      "minPlayerLevel": 70,
      "mpConsume": null,
      "name": "Create Common Item",
      "skillId": 1320,
      "skillLevel": 9,
      "spCost": 0,
    },
    {
      "description": "Can read common recipe books.",
      "iconFile": null,
      "minPlayerLevel": 1,
      "mpConsume": null,
      "name": "Common Craft",
      "skillId": 1322,
      "skillLevel": 1,
      "spCost": 0,
    },
  ],
  "type": "Fighter",
}
`;

exports[`class 4 (Human Knight) detail DTO matches snapshot 1`] = `
{
  "childClassIds": [
    5,
    6,
  ],
  "id": 4,
  "name": "Human Knight",
  "parentClassId": 0,
  "professionLevel": 1,
  "race": "Human",
  "skills": [
    {
      "description": "Provokes a target to attack. Power 655.",
      "iconFile": "skill0028.png",
      "minPlayerLevel": 24,
      "mpConsume": 20,
      "name": "Aggression",
      "skillId": 28,
      "skillLevel": 1,
      "spCost": 3300,
    },
    {
      "description": "Provokes a target to attack. Power 679.",
      "iconFile": "skill0028.png",
      "minPlayerLevel": 24,
      "mpConsume": 21,
      "name": "Aggression",
      "skillId": 28,
      "skillLevel": 2,
      "spCost": 3300,
    },
    {
      "description": "Provokes a target to attack. Power 703.",
      "iconFile": "skill0028.png",
      "minPlayerLevel": 24,
      "mpConsume": 22,
      "name": "Aggression",
      "skillId": 28,
      "skillLevel": 3,
      "spCost": 3300,
    },
    {
      "description": "Provokes a target to attack. Power 752.",
      "iconFile": "skill0028.png",
      "minPlayerLevel": 28,
      "mpConsume": 23,
      "name": "Aggression",
      "skillId": 28,
      "skillLevel": 4,
      "spCost": 4000,
    },
    {
      "description": "Provokes a target to attack. Power 777.",
      "iconFile": "skill0028.png",
      "minPlayerLevel": 28,
      "mpConsume": 24,
      "name": "Aggression",
      "skillId": 28,
      "skillLevel": 5,
      "spCost": 4000,
    },
    {
      "description": "Provokes a target to attack. Power 803.",
      "iconFile": "skill0028.png",
      "minPlayerLevel": 28,
      "mpConsume": 25,
      "name": "Aggression",
      "skillId": 28,
      "skillLevel": 6,
      "spCost": 4000,
    },
    {
      "description": "Provokes a target to attack. Power 855.",
      "iconFile": "skill0028.png",
      "minPlayerLevel": 32,
      "mpConsume": 26,
      "name": "Aggression",
      "skillId": 28,
      "skillLevel": 7,
      "spCost": 8300,
    },
    {
      "description": "Provokes a target to attack. Power 882.",
      "iconFile": "skill0028.png",
      "minPlayerLevel": 32,
      "mpConsume": 27,
      "name": "Aggression",
      "skillId": 28,
      "skillLevel": 8,
      "spCost": 8300,
    },
    {
      "description": "Provokes a target to attack. Power 909.",
      "iconFile": "skill0028.png",
      "minPlayerLevel": 32,
      "mpConsume": 28,
      "name": "Aggression",
      "skillId": 28,
      "skillLevel": 9,
      "spCost": 8300,
    },
    {
      "description": "Provokes a target to attack. Power 965.",
      "iconFile": "skill0028.png",
      "minPlayerLevel": 36,
      "mpConsume": 29,
      "name": "Aggression",
      "skillId": 28,
      "skillLevel": 10,
      "spCost": 13000,
    },
    {
      "description": "Provokes a target to attack. Power 993.",
      "iconFile": "skill0028.png",
      "minPlayerLevel": 36,
      "mpConsume": 30,
      "name": "Aggression",
      "skillId": 28,
      "skillLevel": 11,
      "spCost": 13000,
    },
    {
      "description": "Provokes a target to attack. Power 1021.",
      "iconFile": "skill0028.png",
      "minPlayerLevel": 36,
      "mpConsume": 31,
      "name": "Aggression",
      "skillId": 28,
      "skillLevel": 12,
      "spCost": 13000,
    },
    {
      "description": "Recover HP. Power 143.",
      "iconFile": "skill0045.png",
      "minPlayerLevel": 28,
      "mpConsume": 60,
      "name": "Divine Heal",
      "skillId": 45,
      "skillLevel": 1,
      "spCost": 4000,
      "spellbook": {
        "iconFile": "etc_spell_books_hfighter_i00.png",
        "itemId": 1378,
        "name": "Spellbook: Divine Heal",
      },
    },
    {
      "description": "Recover HP. Power 150.",
      "iconFile": "skill0045.png",
      "minPlayerLevel": 28,
      "mpConsume": 63,
      "name": "Divine Heal",
      "skillId": 45,
      "skillLevel": 2,
      "spCost": 4000,
    },
    {
      "description": "Recover HP. Power 157.",
      "iconFile": "skill0045.png",
      "minPlayerLevel": 28,
      "mpConsume": 66,
      "name": "Divine Heal",
      "skillId": 45,
      "skillLevel": 3,
      "spCost": 4000,
    },
    {
      "description": "Recover HP. Power 171.",
      "iconFile": "skill0045.png",
      "minPlayerLevel": 32,
      "mpConsume": 70,
      "name": "Divine Heal",
      "skillId": 45,
      "skillLevel": 4,
      "spCost": 8300,
    },
    {
      "description": "Recover HP. Power 179.",
      "iconFile": "skill0045.png",
      "minPlayerLevel": 32,
      "mpConsume": 70,
      "name": "Divine Heal",
      "skillId": 45,
      "skillLevel": 5,
      "spCost": 8300,
    },
    {
      "description": "Recover HP. Power 187.",
      "iconFile": "skill0045.png",
      "minPlayerLevel": 32,
      "mpConsume": 73,
      "name": "Divine Heal",
      "skillId": 45,
      "skillLevel": 6,
      "spCost": 8300,
    },
    {
      "description": "Recover HP. Power 203.",
      "iconFile": "skill0045.png",
      "minPlayerLevel": 36,
      "mpConsume": 79,
      "name": "Divine Heal",
      "skillId": 45,
      "skillLevel": 7,
      "spCost": 13000,
    },
    {
      "description": "Recover HP. Power 211.",
      "iconFile": "skill0045.png",
      "minPlayerLevel": 36,
      "mpConsume": 82,
      "name": "Divine Heal",
      "skillId": 45,
      "skillLevel": 8,
      "spCost": 13000,
    },
    {
      "description": "Recover HP. Power 219.",
      "iconFile": "skill0045.png",
      "minPlayerLevel": 36,
      "mpConsume": 85,
      "name": "Divine Heal",
      "skillId": 45,
      "skillLevel": 9,
      "spCost": 13000,
    },
    {
      "description": "Transfers HP from a target to yourself. Power 20.",
      "iconFile": "skill0070.png",
      "minPlayerLevel": 20,
      "mpConsume": 9,
      "name": "Drain Health",
      "skillId": 70,
      "skillLevel": 1,
      "spCost": 2300,
      "spellbook": {
        "iconFile": "etc_spell_books_defighter_i00.png",
        "itemId": 1097,
        "name": "Spellbook: Drain Health",
      },
    },
    {
      "description": "Transfers HP from a target to yourself. Power 22.",
      "iconFile": "skill0070.png",
      "minPlayerLevel": 20,
      "mpConsume": 10,
      "name": "Drain Health",
      "skillId": 70,
      "skillLevel": 2,
      "spCost": 2300,
    },
    {
      "description": "Transfers HP from a target to yourself. Power 24.",
      "iconFile": "skill0070.png",
      "minPlayerLevel": 24,
      "mpConsume": 11,
      "name": "Drain Health",
      "skillId": 70,
      "skillLevel": 3,
      "spCost": 5000,
    },
    {
      "description": "Transfers HP from a target to yourself. Power 26.",
      "iconFile": "skill0070.png",
      "minPlayerLevel": 24,
      "mpConsume": 12,
      "name": "Drain Health",
      "skillId": 70,
      "skillLevel": 4,
      "spCost": 5000,
    },
    {
      "description": "Transfers HP from a target to yourself. Power 28.",
      "iconFile": "skill0070.png",
      "minPlayerLevel": 28,
      "mpConsume": 12,
      "name": "Drain Health",
      "skillId": 70,
      "skillLevel": 5,
      "spCost": 4000,
    },
    {
      "description": "Transfers HP from a target to yourself. Power 29.",
      "iconFile": "skill0070.png",
      "minPlayerLevel": 28,
      "mpConsume": 13,
      "name": "Drain Health",
      "skillId": 70,
      "skillLevel": 6,
      "spCost": 4000,
    },
    {
      "description": "Transfers HP from a target to yourself. Power 31.",
      "iconFile": "skill0070.png",
      "minPlayerLevel": 28,
      "mpConsume": 13,
      "name": "Drain Health",
      "skillId": 70,
      "skillLevel": 7,
      "spCost": 4000,
    },
    {
      "description": "Transfers HP from a target to yourself. Power 33.",
      "iconFile": "skill0070.png",
      "minPlayerLevel": 32,
      "mpConsume": 14,
      "name": "Drain Health",
      "skillId": 70,
      "skillLevel": 8,
      "spCost": 8300,
    },
    {
      "description": "Transfers HP from a target to yourself. Power 34.",
      "iconFile": "skill0070.png",
      "minPlayerLevel": 32,
      "mpConsume": 15,
      "name": "Drain Health",
      "skillId": 70,
      "skillLevel": 9,
      "spCost": 8300,
    },
    {
      "description": "Transfers HP from a target to yourself. Power 35.",
      "iconFile": "skill0070.png",
      "minPlayerLevel": 32,
      "mpConsume": 15,
      "name": "Drain Health",
      "skillId": 70,
      "skillLevel": 10,
      "spCost": 8300,
    },
    {
      "description": "Transfers HP from a target to yourself. Power 38.",
      "iconFile": "skill0070.png",
      "minPlayerLevel": 36,
      "mpConsume": 16,
      "name": "Drain Health",
      "skillId": 70,
      "skillLevel": 11,
      "spCost": 13000,
    },
    {
      "description": "Transfers HP from a target to yourself. Power 39.",
      "iconFile": "skill0070.png",
      "minPlayerLevel": 36,
      "mpConsume": 16,
      "name": "Drain Health",
      "skillId": 70,
      "skillLevel": 12,
      "spCost": 13000,
    },
    {
      "description": "Transfers HP from a target to yourself. Power 40.",
      "iconFile": "skill0070.png",
      "minPlayerLevel": 36,
      "mpConsume": 17,
      "name": "Drain Health",
      "skillId": 70,
      "skillLevel": 13,
      "spCost": 13000,
    },
    {
      "description": "Temporarily increase P. Def while decreasing Evasion. Effect 1.",
      "iconFile": "skill0082.png",
      "minPlayerLevel": 20,
      "mpConsume": 10,
      "name": "Majesty",
      "skillId": 82,
      "skillLevel": 1,
      "spCost": 4700,
    },
    {
      "description": "A brutal shield bash that stuns your target. The target cannot be stunned, shocked or dazed again while this is in effect. A shield must be equipped in order to use this skill.",
      "iconFile": "skill0092.png",
      "minPlayerLevel": 20,
      "mpConsume": 11,
      "name": "Shield Stun",
      "skillId": 92,
      "skillLevel": 1,
      "spCost": 1500,
    },
    {
      "description": "A brutal shield bash that stuns your target. The target cannot be stunned, shocked or dazed again while this is in effect. A shield must be equipped in order to use this skill.",
      "iconFile": "skill0092.png",
      "minPlayerLevel": 20,
      "mpConsume": 11,
      "name": "Shield Stun",
      "skillId": 92,
      "skillLevel": 2,
      "spCost": 1500,
    },
    {
      "description": "A brutal shield bash that stuns your target. The target cannot be stunned, shocked or dazed again while this is in effect. A shield must be equipped in order to use this skill.",
      "iconFile": "skill0092.png",
      "minPlayerLevel": 20,
      "mpConsume": 11,
      "name": "Shield Stun",
      "skillId": 92,
      "skillLevel": 3,
      "spCost": 1500,
    },
    {
      "description": "A brutal shield bash that stuns your target. The target cannot be stunned, shocked or dazed again while this is in effect. A shield must be equipped in order to use this skill.",
      "iconFile": "skill0092.png",
      "minPlayerLevel": 24,
      "mpConsume": 12,
      "name": "Shield Stun",
      "skillId": 92,
      "skillLevel": 4,
      "spCost": 3300,
    },
    {
      "description": "A brutal shield bash that stuns your target. The target cannot be stunned, shocked or dazed again while this is in effect. A shield must be equipped in order to use this skill.",
      "iconFile": "skill0092.png",
      "minPlayerLevel": 24,
      "mpConsume": 12,
      "name": "Shield Stun",
      "skillId": 92,
      "skillLevel": 5,
      "spCost": 3300,
    },
    {
      "description": "A brutal shield bash that stuns your target. The target cannot be stunned, shocked or dazed again while this is in effect. A shield must be equipped in order to use this skill.",
      "iconFile": "skill0092.png",
      "minPlayerLevel": 24,
      "mpConsume": 13,
      "name": "Shield Stun",
      "skillId": 92,
      "skillLevel": 6,
      "spCost": 3300,
    },
    {
      "description": "A brutal shield bash that stuns your target. The target cannot be stunned, shocked or dazed again while this is in effect. A shield must be equipped in order to use this skill.",
      "iconFile": "skill0092.png",
      "minPlayerLevel": 28,
      "mpConsume": 14,
      "name": "Shield Stun",
      "skillId": 92,
      "skillLevel": 7,
      "spCost": 4000,
    },
    {
      "description": "A brutal shield bash that stuns your target. The target cannot be stunned, shocked or dazed again while this is in effect. A shield must be equipped in order to use this skill.",
      "iconFile": "skill0092.png",
      "minPlayerLevel": 28,
      "mpConsume": 15,
      "name": "Shield Stun",
      "skillId": 92,
      "skillLevel": 8,
      "spCost": 4000,
    },
    {
      "description": "A brutal shield bash that stuns your target. The target cannot be stunned, shocked or dazed again while this is in effect. A shield must be equipped in order to use this skill.",
      "iconFile": "skill0092.png",
      "minPlayerLevel": 28,
      "mpConsume": 15,
      "name": "Shield Stun",
      "skillId": 92,
      "skillLevel": 9,
      "spCost": 4000,
    },
    {
      "description": "A brutal shield bash that stuns your target. The target cannot be stunned, shocked or dazed again while this is in effect. A shield must be equipped in order to use this skill.",
      "iconFile": "skill0092.png",
      "minPlayerLevel": 32,
      "mpConsume": 16,
      "name": "Shield Stun",
      "skillId": 92,
      "skillLevel": 10,
      "spCost": 8300,
    },
    {
      "description": "A brutal shield bash that stuns your target. The target cannot be stunned, shocked or dazed again while this is in effect. A shield must be equipped in order to use this skill.",
      "iconFile": "skill0092.png",
      "minPlayerLevel": 32,
      "mpConsume": 16,
      "name": "Shield Stun",
      "skillId": 92,
      "skillLevel": 11,
      "spCost": 8300,
    },
    {
      "description": "A brutal shield bash that stuns your target. The target cannot be stunned, shocked or dazed again while this is in effect. A shield must be equipped in order to use this skill.",
      "iconFile": "skill0092.png",
      "minPlayerLevel": 32,
      "mpConsume": 17,
      "name": "Shield Stun",
      "skillId": 92,
      "skillLevel": 12,
      "spCost": 8300,
    },
    {
      "description": "A brutal shield bash that stuns your target. The target cannot be stunned, shocked or dazed again while this is in effect. A shield must be equipped in order to use this skill.",
      "iconFile": "skill0092.png",
      "minPlayerLevel": 36,
      "mpConsume": 18,
      "name": "Shield Stun",
      "skillId": 92,
      "skillLevel": 13,
      "spCost": 13000,
    },
    {
      "description": "A brutal shield bash that stuns your target. The target cannot be stunned, shocked or dazed again while this is in effect. A shield must be equipped in order to use this skill.",
      "iconFile": "skill0092.png",
      "minPlayerLevel": 36,
      "mpConsume": 18,
      "name": "Shield Stun",
      "skillId": 92,
      "skillLevel": 14,
      "spCost": 13000,
    },
    {
      "description": "A brutal shield bash that stuns your target. The target cannot be stunned, shocked or dazed again while this is in effect. A shield must be equipped in order to use this skill.",
      "iconFile": "skill0092.png",
      "minPlayerLevel": 36,
      "mpConsume": 19,
      "name": "Shield Stun",
      "skillId": 92,
      "skillLevel": 15,
      "spCost": 13000,
    },
    {
      "description": "Instantly increases P. Def., M. Def. and resistance to buff-lifting attacks. User cannot move for its duration. Effect 1.",
      "iconFile": "skill0110.png",
      "minPlayerLevel": 20,
      "mpConsume": 10,
      "name": "Ultimate Defense",
      "skillId": 110,
      "skillLevel": 1,
      "spCost": 4700,
    },
    {
      "description": "Increases defense against bow attacks. Effect 1.",
      "iconFile": "skill0112.png",
      "minPlayerLevel": 24,
      "mpConsume": 11,
      "name": "Deflect Arrow",
      "skillId": 112,
      "skillLevel": 1,
      "spCost": 10000,
    },
    {
      "description": "Increases defense against bow attacks. Effect 2.",
      "iconFile": "skill0112.png",
      "minPlayerLevel": 32,
      "mpConsume": 14,
      "name": "Deflect Arrow",
      "skillId": 112,
      "skillLevel": 2,
      "spCost": 25000,
    },
    {
      "description": "Increases M. Def.",
      "iconFile": "skill0147.png",
      "minPlayerLevel": 20,
      "mpConsume": null,
      "name": "Magic Resistance",
      "skillId": 147,
      "skillLevel": 1,
      "spCost": 2300,
    },
    {
      "description": "Increases M. Def.",
      "iconFile": "skill0147.png",
      "minPlayerLevel": 20,
      "mpConsume": null,
      "name": "Magic Resistance",
      "skillId": 147,
      "skillLevel": 2,
      "spCost": 2300,
    },
    {
      "description": "Increases M. Def.",
      "iconFile": "skill0147.png",
      "minPlayerLevel": 24,
      "mpConsume": null,
      "name": "Magic Resistance",
      "skillId": 147,
      "skillLevel": 3,
      "spCost": 3300,
    },
    {
      "description": "Increases M. Def.",
      "iconFile": "skill0147.png",
      "minPlayerLevel": 24,
      "mpConsume": null,
      "name": "Magic Resistance",
      "skillId": 147,
      "skillLevel": 4,
      "spCost": 3300,
    },
    {
      "description": "Increases M. Def.",
      "iconFile": "skill0147.png",
      "minPlayerLevel": 24,
      "mpConsume": null,
      "name": "Magic Resistance",
      "skillId": 147,
      "skillLevel": 5,
      "spCost": 3300,
    },
    {
      "description": "Increases M. Def.",
      "iconFile": "skill0147.png",
      "minPlayerLevel": 28,
      "mpConsume": null,
      "name": "Magic Resistance",
      "skillId": 147,
      "skillLevel": 6,
      "spCost": 4000,
    },
    {
      "description": "Increases M. Def.",
      "iconFile": "skill0147.png",
      "minPlayerLevel": 28,
      "mpConsume": null,
      "name": "Magic Resistance",
      "skillId": 147,
      "skillLevel": 7,
      "spCost": 4000,
    },
    {
      "description": "Increases M. Def.",
      "iconFile": "skill0147.png",
      "minPlayerLevel": 28,
      "mpConsume": null,
      "name": "Magic Resistance",
      "skillId": 147,
      "skillLevel": 8,
      "spCost": 4000,
    },
    {
      "description": "Increases M. Def.",
      "iconFile": "skill0147.png",
      "minPlayerLevel": 32,
      "mpConsume": null,
      "name": "Magic Resistance",
      "skillId": 147,
      "skillLevel": 9,
      "spCost": 8300,
    },
    {
      "description": "Increases M. Def.",
      "iconFile": "skill0147.png",
      "minPlayerLevel": 32,
      "mpConsume": null,
      "name": "Magic Resistance",
      "skillId": 147,
      "skillLevel": 10,
      "spCost": 8300,
    },
    {
      "description": "Increases M. Def.",
      "iconFile": "skill0147.png",
      "minPlayerLevel": 32,
      "mpConsume": null,
      "name": "Magic Resistance",
      "skillId": 147,
      "skillLevel": 11,
      "spCost": 8300,
    },
    {
      "description": "Increases M. Def.",
      "iconFile": "skill0147.png",
      "minPlayerLevel": 36,
      "mpConsume": null,
      "name": "Magic Resistance",
      "skillId": 147,
      "skillLevel": 12,
      "spCost": 13000,
    },
    {
      "description": "Increases M. Def.",
      "iconFile": "skill0147.png",
      "minPlayerLevel": 36,
      "mpConsume": null,
      "name": "Magic Resistance",
      "skillId": 147,
      "skillLevel": 13,
      "spCost": 13000,
    },
    {
      "description": "Increases M. Def.",
      "iconFile": "skill0147.png",
      "minPlayerLevel": 36,
      "mpConsume": null,
      "name": "Magic Resistance",
      "skillId": 147,
      "skillLevel": 14,
      "spCost": 13000,
    },
    {
      "description": "Shield defense increases.",
      "iconFile": "skill0153.png",
      "minPlayerLevel": 20,
      "mpConsume": null,
      "name": "Shield Mastery",
      "skillId": 153,
      "skillLevel": 1,
      "spCost": 4700,
    },
    {
      "description": "Shield defense increases.",
      "iconFile": "skill0153.png",
      "minPlayerLevel": 28,
      "mpConsume": null,
      "name": "Shield Mastery",
      "skillId": 153,
      "skillLevel": 2,
      "spCost": 12000,
    },
    {
      "description": "Increases MP regeneration.",
      "iconFile": "skill0191.png",
      "minPlayerLevel": 36,
      "mpConsume": null,
      "name": "Focus Mind",
      "skillId": 191,
      "skillLevel": 1,
      "spCost": 39000,
    },
    {
      "description": "Increases P. Atk. when using a sword or blunt weapon.",
      "iconFile": "skill0217.png",
      "minPlayerLevel": 20,
      "mpConsume": null,
      "name": "Sword Blunt Mastery",
      "skillId": 217,
      "skillLevel": 1,
      "spCost": 4700,
    },
    {
      "description": "Increases P. Atk. when using a sword or blunt weapon.",
      "iconFile": "skill0217.png",
      "minPlayerLevel": 24,
      "mpConsume": null,
      "name": "Sword Blunt Mastery",
      "skillId": 217,
      "skillLevel": 2,
      "spCost": 10000,
    },
    {
      "description": "Increases P. Atk. when using a sword or blunt weapon.",
      "iconFile": "skill0217.png",
      "minPlayerLevel": 28,
      "mpConsume": null,
      "name": "Sword Blunt Mastery",
      "skillId": 217,
      "skillLevel": 3,
      "spCost": 6000,
    },
    {
      "description": "Increases P. Atk. when using a sword or blunt weapon.",
      "iconFile": "skill0217.png",
      "minPlayerLevel": 28,
      "mpConsume": null,
      "name": "Sword Blunt Mastery",
      "skillId": 217,
      "skillLevel": 4,
      "spCost": 6000,
    },
    {
      "description": "Increases P. Atk. when using a sword or blunt weapon.",
      "iconFile": "skill0217.png",
      "minPlayerLevel": 32,
      "mpConsume": null,
      "name": "Sword Blunt Mastery",
      "skillId": 217,
      "skillLevel": 5,
      "spCost": 13000,
    },
    {
      "description": "Increases P. Atk. when using a sword or blunt weapon.",
      "iconFile": "skill0217.png",
      "minPlayerLevel": 32,
      "mpConsume": null,
      "name": "Sword Blunt Mastery",
      "skillId": 217,
      "skillLevel": 6,
      "spCost": 13000,
    },
    {
      "description": "Increases P. Atk. when using a sword or blunt weapon.",
      "iconFile": "skill0217.png",
      "minPlayerLevel": 36,
      "mpConsume": null,
      "name": "Sword Blunt Mastery",
      "skillId": 217,
      "skillLevel": 7,
      "spCost": 19000,
    },
    {
      "description": "Increases P. Atk. when using a sword or blunt weapon.",
      "iconFile": "skill0217.png",
      "minPlayerLevel": 36,
      "mpConsume": null,
      "name": "Sword Blunt Mastery",
      "skillId": 217,
      "skillLevel": 8,
      "spCost": 19000,
    },
    {
      "description": "Increases P. Def. when wearing heavy armor.",
      "iconFile": "skill0232.png",
      "minPlayerLevel": 20,
      "mpConsume": null,
      "name": "Heavy Armor Mastery",
      "skillId": 232,
      "skillLevel": 1,
      "spCost": 1500,
    },
    {
      "description": "Increases P. Def. when wearing heavy armor.",
      "iconFile": "skill0232.png",
      "minPlayerLevel": 20,
      "mpConsume": null,
      "name": "Heavy Armor Mastery",
      "skillId": 232,
      "skillLevel": 2,
      "spCost": 1500,
    },
    {
      "description": "Increases P. Def. when wearing heavy armor.",
      "iconFile": "skill0232.png",
      "minPlayerLevel": 20,
      "mpConsume": null,
      "name": "Heavy Armor Mastery",
      "skillId": 232,
      "skillLevel": 3,
      "spCost": 1500,
    },
    {
      "description": "Increases P. Def. when wearing heavy armor.",
      "iconFile": "skill0232.png",
      "minPlayerLevel": 24,
      "mpConsume": null,
      "name": "Heavy Armor Mastery",
      "skillId": 232,
      "skillLevel": 4,
      "spCost": 3300,
    },
    {
      "description": "Increases P. Def. when wearing heavy armor.",
      "iconFile": "skill0232.png",
      "minPlayerLevel": 24,
      "mpConsume": null,
      "name": "Heavy Armor Mastery",
      "skillId": 232,
      "skillLevel": 5,
      "spCost": 3300,
    },
    {
      "description": "Increases P. Def. when wearing heavy armor.",
      "iconFile": "skill0232.png",
      "minPlayerLevel": 24,
      "mpConsume": null,
      "name": "Heavy Armor Mastery",
      "skillId": 232,
      "skillLevel": 6,
      "spCost": 3300,
    },
    {
      "description": "Increases P. Def. when wearing heavy armor.",
      "iconFile": "skill0232.png",
      "minPlayerLevel": 28,
      "mpConsume": null,
      "name": "Heavy Armor Mastery",
      "skillId": 232,
      "skillLevel": 7,
      "spCost": 4000,
    },
    {
      "description": "Increases P. Def. when wearing heavy armor.",
      "iconFile": "skill0232.png",
      "minPlayerLevel": 28,
      "mpConsume": null,
      "name": "Heavy Armor Mastery",
      "skillId": 232,
      "skillLevel": 8,
      "spCost": 4000,
    },
    {
      "description": "Increases P. Def. when wearing heavy armor.",
      "iconFile": "skill0232.png",
      "minPlayerLevel": 28,
      "mpConsume": null,
      "name": "Heavy Armor Mastery",
      "skillId": 232,
      "skillLevel": 9,
      "spCost": 4000,
    },
    {
      "description": "Increases P. Def. when wearing heavy armor.",
      "iconFile": "skill0232.png",
      "minPlayerLevel": 32,
      "mpConsume": null,
      "name": "Heavy Armor Mastery",
      "skillId": 232,
      "skillLevel": 10,
      "spCost": 8300,
    },
    {
      "description": "Increases P. Def. when wearing heavy armor.",
      "iconFile": "skill0232.png",
      "minPlayerLevel": 32,
      "mpConsume": null,
      "name": "Heavy Armor Mastery",
      "skillId": 232,
      "skillLevel": 11,
      "spCost": 8300,
    },
    {
      "description": "Increases P. Def. when wearing heavy armor.",
      "iconFile": "skill0232.png",
      "minPlayerLevel": 32,
      "mpConsume": null,
      "name": "Heavy Armor Mastery",
      "skillId": 232,
      "skillLevel": 12,
      "spCost": 8300,
    },
    {
      "description": "Increases P. Def. when wearing heavy armor.",
      "iconFile": "skill0232.png",
      "minPlayerLevel": 36,
      "mpConsume": null,
      "name": "Heavy Armor Mastery",
      "skillId": 232,
      "skillLevel": 13,
      "spCost": 13000,
    },
    {
      "description": "Increases P. Def. when wearing heavy armor.",
      "iconFile": "skill0232.png",
      "minPlayerLevel": 36,
      "mpConsume": null,
      "name": "Heavy Armor Mastery",
      "skillId": 232,
      "skillLevel": 14,
      "spCost": 13000,
    },
    {
      "description": "Increases P. Def. when wearing heavy armor.",
      "iconFile": "skill0232.png",
      "minPlayerLevel": 36,
      "mpConsume": null,
      "name": "Heavy Armor Mastery",
      "skillId": 232,
      "skillLevel": 15,
      "spCost": 13000,
    },
  ],
  "type": "Fighter",
}
`;

exports[`class 90 (Phoenix Knight) detail DTO matches snapshot 1`] = `
{
  "childClassIds": [],
  "id": 90,
  "name": "Phoenix Knight",
  "parentClassId": 5,
  "professionLevel": 3,
  "race": "Human",
  "skills": [
    {
      "description": "Increases resistance to Hold, Sleep, and Mental attacks.",
      "iconFile": "skill0328.png",
      "minPlayerLevel": 76,
      "mpConsume": null,
      "name": "Wisdom",
      "skillId": 328,
      "skillLevel": 1,
      "spCost": 10000000,
    },
    {
      "description": "Increases resistance to Poison and Bleed.",
      "iconFile": "skill0329.png",
      "minPlayerLevel": 76,
      "mpConsume": null,
      "name": "Health",
      "skillId": 329,
      "skillLevel": 1,
      "spCost": 10000000,
    },
    {
      "description": "Increases resistance to Shock/Paralysis attacks significantly. Continuously consumes MP.",
      "iconFile": "skill0335.png",
      "minPlayerLevel": 76,
      "mpConsume": 35,
      "name": "Fortitude",
      "skillId": 335,
      "skillLevel": 1,
      "spCost": 10000000,
    },
    {
      "description": "Sacrifices one's own HP to bestow a sacred blessing on another character, restoring lost HP. Also temporarily but significantly increases HP regeneration, resistance to buff-lifting attacks, debuff attacks and the effect of one's own HP regeneration magic.",
      "iconFile": "skill0341.png",
      "minPlayerLevel": 78,
      "mpConsume": null,
      "name": "Touch of Life",
      "skillId": 341,
      "skillLevel": 1,
      "spCost": 21340000,
    },
    {
      "description": "A shield power that reflects back buffs/de-buffs one receives from physical skill attacks.  An equipped shield is required to use this skill.",
      "iconFile": "skill0350.png",
      "minPlayerLevel": 78,
      "mpConsume": 36,
      "name": "Physical Mirror",
      "skillId": 350,
      "skillLevel": 1,
      "spCost": 21340000,
    },
    {
      "description": "A shield attack that interrupts an enemy's physical attack and causes them to lose their target. An equipped shield is required to use this skill.",
      "iconFile": "skill0353.png",
      "minPlayerLevel": 77,
      "mpConsume": 35,
      "name": "Shield Slam",
      "skillId": 353,
      "skillLevel": 1,
      "spCost": 13000000,
    },
    {
      "description": "Instantly increases resistance to P. Def/M. Def buff-lifting attacks. Provokes nearby enemies to target the caster. The caster is immobile for the skill's duration. Usable when equipped with a shield. Power 3994. Effect 3.",
      "iconFile": "skill0368.png",
      "minPlayerLevel": 77,
      "mpConsume": 35,
      "name": "Vengeance",
      "skillId": 368,
      "skillLevel": 1,
      "spCost": 13000000,
    },
    {
      "description": "Transfers your strength to a party member. The effect can be cancelled if you incur damage.",
      "iconFile": "skill0426.png",
      "minPlayerLevel": 77,
      "mpConsume": null,
      "name": "Battle Force",
      "skillId": 426,
      "skillLevel": 1,
      "spCost": 13000000,
    },
    {
      "description": "Increases P. Def. when wearing heavy armor. Shield defense is increased.",
      "iconFile": "skill0429.png",
      "minPlayerLevel": 78,
      "mpConsume": null,
      "name": "Knighthood",
      "skillId": 429,
      "skillLevel": 1,
      "spCost": 21340000,
    },
    {
      "description": "Grants you the ability to revive yourself from death with full health, retaining all buffs/debuffs except for Noblesse Blessing and Lucky Charm. Consumes 1 Blood of the Phoenix.",
      "iconFile": "skill0438.png",
      "minPlayerLevel": 79,
      "mpConsume": 250,
      "name": "Soul of the Phoenix",
      "skillId": 438,
      "skillLevel": 1,
      "spCost": 80000000,
      "spellbook": {
        "iconFile": "etc_spell_books_element_i00.png",
        "itemId": 8877,
        "name": "Spellbook: Soul of the Phoenix",
      },
    },
    {
      "description": "Generates a symbol that maximizes the defense abilities of those nearby. Applies to all targets within the affected area. The effect disappears if you leave the area. Level 2 or higher Battle Force required. Consumes 1 Battle Symbol.",
      "iconFile": "skill0454.png",
      "minPlayerLevel": 80,
      "mpConsume": 44,
      "name": "Symbol of Defense",
      "skillId": 454,
      "skillLevel": 1,
      "spCost": 150000000,
      "spellbook": {
        "iconFile": "etc_spell_books_assistance_i00.png",
        "itemId": 8892,
        "name": "Ancient Tactical Manual: Symbol of Defense",
      },
    },
    {
      "description": "Increases the number of buffs you can receive.",
      "iconFile": "skill1405.png",
      "minPlayerLevel": 76,
      "mpConsume": null,
      "name": "Divine Inspiration",
      "skillId": 1405,
      "skillLevel": 3,
      "spCost": -1,
    },
    {
      "description": "Increases the number of buffs you can receive.",
      "iconFile": "skill1405.png",
      "minPlayerLevel": 76,
      "mpConsume": null,
      "name": "Divine Inspiration",
      "skillId": 1405,
      "skillLevel": 4,
      "spCost": -1,
    },
  ],
  "type": "Fighter",
}
`;

exports[`classes list DTO matches snapshot 1`] = `
{
  "items": [
    {
      "id": 0,
      "name": "Human Fighter",
      "parentClassId": null,
      "professionLevel": 0,
      "race": "Human",
      "type": "Fighter",
    },
    {
      "id": 1,
      "name": "Warrior",
      "parentClassId": 0,
      "professionLevel": 1,
      "race": "Human",
      "type": "Fighter",
    },
    {
      "id": 2,
      "name": "Gladiator",
      "parentClassId": 1,
      "professionLevel": 2,
      "race": "Human",
      "type": "Fighter",
    },
    {
      "id": 3,
      "name": "Warlord",
      "parentClassId": 1,
      "professionLevel": 2,
      "race": "Human",
      "type": "Fighter",
    },
    {
      "id": 4,
      "name": "Human Knight",
      "parentClassId": 0,
      "professionLevel": 1,
      "race": "Human",
      "type": "Fighter",
    },
    {
      "id": 5,
      "name": "Paladin",
      "parentClassId": 4,
      "professionLevel": 2,
      "race": "Human",
      "type": "Fighter",
    },
    {
      "id": 6,
      "name": "Dark Avenger",
      "parentClassId": 4,
      "professionLevel": 2,
      "race": "Human",
      "type": "Fighter",
    },
    {
      "id": 7,
      "name": "Rogue",
      "parentClassId": 0,
      "professionLevel": 1,
      "race": "Human",
      "type": "Fighter",
    },
    {
      "id": 8,
      "name": "Treasure Hunter",
      "parentClassId": 7,
      "professionLevel": 2,
      "race": "Human",
      "type": "Fighter",
    },
    {
      "id": 9,
      "name": "Hawkeye",
      "parentClassId": 7,
      "professionLevel": 2,
      "race": "Human",
      "type": "Fighter",
    },
    {
      "id": 10,
      "name": "Human Mystic",
      "parentClassId": null,
      "professionLevel": 0,
      "race": "Human",
      "type": "Mystic",
    },
    {
      "id": 11,
      "name": "Human Wizard",
      "parentClassId": 10,
      "professionLevel": 1,
      "race": "Human",
      "type": "Mystic",
    },
    {
      "id": 12,
      "name": "Sorcerer",
      "parentClassId": 11,
      "professionLevel": 2,
      "race": "Human",
      "type": "Mystic",
    },
    {
      "id": 13,
      "name": "Necromancer",
      "parentClassId": 11,
      "professionLevel": 2,
      "race": "Human",
      "type": "Mystic",
    },
    {
      "id": 14,
      "name": "Warlock",
      "parentClassId": 11,
      "professionLevel": 2,
      "race": "Human",
      "type": "Mystic",
    },
    {
      "id": 15,
      "name": "Cleric",
      "parentClassId": 10,
      "professionLevel": 1,
      "race": "Human",
      "type": "Priest",
    },
    {
      "id": 16,
      "name": "Bishop",
      "parentClassId": 15,
      "professionLevel": 2,
      "race": "Human",
      "type": "Priest",
    },
    {
      "id": 17,
      "name": "Prophet",
      "parentClassId": 15,
      "professionLevel": 2,
      "race": "Human",
      "type": "Priest",
    },
    {
      "id": 18,
      "name": "Elven Fighter",
      "parentClassId": null,
      "professionLevel": 0,
      "race": "Elf",
      "type": "Fighter",
    },
    {
      "id": 19,
      "name": "Elven Knight",
      "parentClassId": 18,
      "professionLevel": 1,
      "race": "Elf",
      "type": "Fighter",
    },
    {
      "id": 20,
      "name": "Temple Knight",
      "parentClassId": 19,
      "professionLevel": 2,
      "race": "Elf",
      "type": "Fighter",
    },
    {
      "id": 21,
      "name": "Sword Singer",
      "parentClassId": 19,
      "professionLevel": 2,
      "race": "Elf",
      "type": "Fighter",
    },
    {
      "id": 22,
      "name": "Elven Scout",
      "parentClassId": 18,
      "professionLevel": 1,
      "race": "Elf",
      "type": "Fighter",
    },
    {
      "id": 23,
      "name": "Plains Walker",
      "parentClassId": 22,
      "professionLevel": 2,
      "race": "Elf",
      "type": "Fighter",
    },
    {
      "id": 24,
      "name": "Silver Ranger",
      "parentClassId": 22,
      "professionLevel": 2,
      "race": "Elf",
      "type": "Fighter",
    },
    {
      "id": 25,
      "name": "Elven Mystic",
      "parentClassId": null,
      "professionLevel": 0,
      "race": "Elf",
      "type": "Mystic",
    },
    {
      "id": 26,
      "name": "Elven Wizard",
      "parentClassId": 25,
      "professionLevel": 1,
      "race": "Elf",
      "type": "Mystic",
    },
    {
      "id": 27,
      "name": "Spellsinger",
      "parentClassId": 26,
      "professionLevel": 2,
      "race": "Elf",
      "type": "Mystic",
    },
    {
      "id": 28,
      "name": "Elemental Summoner",
      "parentClassId": 26,
      "professionLevel": 2,
      "race": "Elf",
      "type": "Mystic",
    },
    {
      "id": 29,
      "name": "Elven Oracle",
      "parentClassId": 25,
      "professionLevel": 1,
      "race": "Elf",
      "type": "Priest",
    },
    {
      "id": 30,
      "name": "Elven Elder",
      "parentClassId": 29,
      "professionLevel": 2,
      "race": "Elf",
      "type": "Priest",
    },
    {
      "id": 31,
      "name": "Dark Fighter",
      "parentClassId": null,
      "professionLevel": 0,
      "race": "Dark Elf",
      "type": "Fighter",
    },
    {
      "id": 32,
      "name": "Palus Knight",
      "parentClassId": 31,
      "professionLevel": 1,
      "race": "Dark Elf",
      "type": "Fighter",
    },
    {
      "id": 33,
      "name": "Shillien Knight",
      "parentClassId": 32,
      "professionLevel": 2,
      "race": "Dark Elf",
      "type": "Fighter",
    },
    {
      "id": 34,
      "name": "Bladedancer",
      "parentClassId": 32,
      "professionLevel": 2,
      "race": "Dark Elf",
      "type": "Fighter",
    },
    {
      "id": 35,
      "name": "Assassin",
      "parentClassId": 31,
      "professionLevel": 1,
      "race": "Dark Elf",
      "type": "Fighter",
    },
    {
      "id": 36,
      "name": "Abyss Walker",
      "parentClassId": 35,
      "professionLevel": 2,
      "race": "Dark Elf",
      "type": "Fighter",
    },
    {
      "id": 37,
      "name": "Phantom Ranger",
      "parentClassId": 35,
      "professionLevel": 2,
      "race": "Dark Elf",
      "type": "Fighter",
    },
    {
      "id": 38,
      "name": "Dark Mystic",
      "parentClassId": null,
      "professionLevel": 0,
      "race": "Dark Elf",
      "type": "Mystic",
    },
    {
      "id": 39,
      "name": "Dark Wizard",
      "parentClassId": 38,
      "professionLevel": 1,
      "race": "Dark Elf",
      "type": "Mystic",
    },
    {
      "id": 40,
      "name": "Spellhowler",
      "parentClassId": 39,
      "professionLevel": 2,
      "race": "Dark Elf",
      "type": "Mystic",
    },
    {
      "id": 41,
      "name": "Phantom Summoner",
      "parentClassId": 39,
      "professionLevel": 2,
      "race": "Dark Elf",
      "type": "Mystic",
    },
    {
      "id": 42,
      "name": "Shillien Oracle",
      "parentClassId": 38,
      "professionLevel": 1,
      "race": "Dark Elf",
      "type": "Priest",
    },
    {
      "id": 43,
      "name": "Shillien Elder",
      "parentClassId": 42,
      "professionLevel": 2,
      "race": "Dark Elf",
      "type": "Priest",
    },
    {
      "id": 44,
      "name": "Orc Fighter",
      "parentClassId": null,
      "professionLevel": 0,
      "race": "Orc",
      "type": "Fighter",
    },
    {
      "id": 45,
      "name": "Orc Raider",
      "parentClassId": 44,
      "professionLevel": 1,
      "race": "Orc",
      "type": "Fighter",
    },
    {
      "id": 46,
      "name": "Destroyer",
      "parentClassId": 45,
      "professionLevel": 2,
      "race": "Orc",
      "type": "Fighter",
    },
    {
      "id": 47,
      "name": "Monk",
      "parentClassId": 44,
      "professionLevel": 1,
      "race": "Orc",
      "type": "Fighter",
    },
    {
      "id": 48,
      "name": "Tyrant",
      "parentClassId": 47,
      "professionLevel": 2,
      "race": "Orc",
      "type": "Fighter",
    },
    {
      "id": 49,
      "name": "Orc Mystic",
      "parentClassId": null,
      "professionLevel": 0,
      "race": "Orc",
      "type": "Mystic",
    },
    {
      "id": 50,
      "name": "Orc Shaman",
      "parentClassId": 49,
      "professionLevel": 1,
      "race": "Orc",
      "type": "Mystic",
    },
    {
      "id": 51,
      "name": "Overlord",
      "parentClassId": 50,
      "professionLevel": 2,
      "race": "Orc",
      "type": "Mystic",
    },
    {
      "id": 52,
      "name": "Warcryer",
      "parentClassId": 50,
      "professionLevel": 2,
      "race": "Orc",
      "type": "Mystic",
    },
    {
      "id": 53,
      "name": "Dwarven Fighter",
      "parentClassId": null,
      "professionLevel": 0,
      "race": "Dwarf",
      "type": "Fighter",
    },
    {
      "id": 54,
      "name": "Scavenger",
      "parentClassId": 53,
      "professionLevel": 1,
      "race": "Dwarf",
      "type": "Fighter",
    },
    {
      "id": 55,
      "name": "Bounty Hunter",
      "parentClassId": 54,
      "professionLevel": 2,
      "race": "Dwarf",
      "type": "Fighter",
    },
    {
      "id": 56,
      "name": "Artisan",
      "parentClassId": 53,
      "professionLevel": 1,
      "race": "Dwarf",
      "type": "Fighter",
    },
    {
      "id": 57,
      "name": "Warsmith",
      "parentClassId": 56,
      "professionLevel": 2,
      "race": "Dwarf",
      "type": "Fighter",
    },
    {
      "id": 88,
      "name": "Duelist",
      "parentClassId": 2,
      "professionLevel": 3,
      "race": "Human",
      "type": "Fighter",
    },
    {
      "id": 89,
      "name": "Dreadnought",
      "parentClassId": 3,
      "professionLevel": 3,
      "race": "Human",
      "type": "Fighter",
    },
    {
      "id": 90,
      "name": "Phoenix Knight",
      "parentClassId": 5,
      "professionLevel": 3,
      "race": "Human",
      "type": "Fighter",
    },
    {
      "id": 91,
      "name": "Hell Knight",
      "parentClassId": 6,
      "professionLevel": 3,
      "race": "Human",
      "type": "Fighter",
    },
    {
      "id": 92,
      "name": "Sagittarius",
      "parentClassId": 9,
      "professionLevel": 3,
      "race": "Human",
      "type": "Fighter",
    },
    {
      "id": 93,
      "name": "Adventurer",
      "parentClassId": 8,
      "professionLevel": 3,
      "race": "Human",
      "type": "Fighter",
    },
    {
      "id": 94,
      "name": "Archmage",
      "parentClassId": 12,
      "professionLevel": 3,
      "race": "Human",
      "type": "Mystic",
    },
    {
      "id": 95,
      "name": "Soultaker",
      "parentClassId": 13,
      "professionLevel": 3,
      "race": "Human",
      "type": "Mystic",
    },
    {
      "id": 96,
      "name": "Arcana Lord",
      "parentClassId": 14,
      "professionLevel": 3,
      "race": "Human",
      "type": "Mystic",
    },
    {
      "id": 97,
      "name": "Cardinal",
      "parentClassId": 16,
      "professionLevel": 3,
      "race": "Human",
      "type": "Priest",
    },
    {
      "id": 98,
      "name": "Hierophant",
      "parentClassId": 17,
      "professionLevel": 3,
      "race": "Human",
      "type": "Priest",
    },
    {
      "id": 99,
      "name": "Eva's Templar",
      "parentClassId": 20,
      "professionLevel": 3,
      "race": "Elf",
      "type": "Fighter",
    },
    {
      "id": 100,
      "name": "Sword Muse",
      "parentClassId": 21,
      "professionLevel": 3,
      "race": "Elf",
      "type": "Fighter",
    },
    {
      "id": 101,
      "name": "Wind Rider",
      "parentClassId": 23,
      "professionLevel": 3,
      "race": "Elf",
      "type": "Fighter",
    },
    {
      "id": 102,
      "name": "Moonlight Sentinel",
      "parentClassId": 24,
      "professionLevel": 3,
      "race": "Elf",
      "type": "Fighter",
    },
    {
      "id": 103,
      "name": "Mystic Muse",
      "parentClassId": 27,
      "professionLevel": 3,
      "race": "Elf",
      "type": "Mystic",
    },
    {
      "id": 104,
      "name": "Elemental Master",
      "parentClassId": 28,
      "professionLevel": 3,
      "race": "Elf",
      "type": "Mystic",
    },
    {
      "id": 105,
      "name": "Eva's Saint",
      "parentClassId": 30,
      "professionLevel": 3,
      "race": "Elf",
      "type": "Priest",
    },
    {
      "id": 106,
      "name": "Shillien Templar",
      "parentClassId": 33,
      "professionLevel": 3,
      "race": "Dark Elf",
      "type": "Fighter",
    },
    {
      "id": 107,
      "name": "Spectral Dancer",
      "parentClassId": 34,
      "professionLevel": 3,
      "race": "Dark Elf",
      "type": "Fighter",
    },
    {
      "id": 108,
      "name": "Ghost Hunter",
      "parentClassId": 36,
      "professionLevel": 3,
      "race": "Dark Elf",
      "type": "Fighter",
    },
    {
      "id": 109,
      "name": "Ghost Sentinel",
      "parentClassId": 37,
      "professionLevel": 3,
      "race": "Dark Elf",
      "type": "Fighter",
    },
    {
      "id": 110,
      "name": "Storm Screamer",
      "parentClassId": 40,
      "professionLevel": 3,
      "race": "Dark Elf",
      "type": "Mystic",
    },
    {
      "id": 111,
      "name": "Spectral Master",
      "parentClassId": 41,
      "professionLevel": 3,
      "race": "Dark Elf",
      "type": "Mystic",
    },
    {
      "id": 112,
      "name": "Shillien Saint",
      "parentClassId": 43,
      "professionLevel": 3,
      "race": "Dark Elf",
      "type": "Priest",
    },
    {
      "id": 113,
      "name": "Titan",
      "parentClassId": 46,
      "professionLevel": 3,
      "race": "Orc",
      "type": "Fighter",
    },
    {
      "id": 114,
      "name": "Grand Khavatari",
      "parentClassId": 48,
      "professionLevel": 3,
      "race": "Orc",
      "type": "Fighter",
    },
    {
      "id": 115,
      "name": "Dominator",
      "parentClassId": 51,
      "professionLevel": 3,
      "race": "Orc",
      "type": "Mystic",
    },
    {
      "id": 116,
      "name": "Doom Cryer",
      "parentClassId": 52,
      "professionLevel": 3,
      "race": "Orc",
      "type": "Mystic",
    },
    {
      "id": 117,
      "name": "Fortune Seeker",
      "parentClassId": 55,
      "professionLevel": 3,
      "race": "Dwarf",
      "type": "Fighter",
    },
    {
      "id": 118,
      "name": "Maestro",
      "parentClassId": 57,
      "professionLevel": 3,
      "race": "Dwarf",
      "type": "Fighter",
    },
  ],
  "total": 89,
}
`;
