// Vitest Snapshot v1, https://vitest.dev/guide/snapshot.html

exports[`class 0 (Human Fighter) detail DTO matches snapshot 1`] = `
{
  "childClassIds": [
    1,
    4,
    7,
  ],
  "id": 0,
  "name": "Human Fighter",
  "parentClassId": null,
  "professionLevel": 0,
  "race": "Human",
  "skills": [
    {
      "iconFile": "skill0003.png",
      "minPlayerLevel": 5,
      "name": "Power Strike",
      "skillId": 3,
      "skillLevel": 1,
      "spCost": 50,
    },
    {
      "iconFile": "skill0003.png",
      "minPlayerLevel": 5,
      "name": "Power Strike",
      "skillId": 3,
      "skillLevel": 2,
      "spCost": 50,
    },
    {
      "iconFile": "skill0003.png",
      "minPlayerLevel": 5,
      "name": "Power Strike",
      "skillId": 3,
      "skillLevel": 3,
      "spCost": 50,
    },
    {
      "iconFile": "skill0003.png",
      "minPlayerLevel": 10,
      "name": "Power Strike",
      "skillId": 3,
      "skillLevel": 4,
      "spCost": 370,
    },
    {
      "iconFile": "skill0003.png",
      "minPlayerLevel": 10,
      "name": "Power Strike",
      "skillId": 3,
      "skillLevel": 5,
      "spCost": 370,
    },
    {
      "iconFile": "skill0003.png",
      "minPlayerLevel": 10,
      "name": "Power Strike",
      "skillId": 3,
      "skillLevel": 6,
      "spCost": 370,
    },
    {
      "iconFile": "skill0003.png",
      "minPlayerLevel": 15,
      "name": "Power Strike",
      "skillId": 3,
      "skillLevel": 7,
      "spCost": 1300,
    },
    {
      "iconFile": "skill0003.png",
      "minPlayerLevel": 15,
      "name": "Power Strike",
      "skillId": 3,
      "skillLevel": 8,
      "spCost": 1300,
    },
    {
      "iconFile": "skill0003.png",
      "minPlayerLevel": 15,
      "name": "Power Strike",
      "skillId": 3,
      "skillLevel": 9,
      "spCost": 1300,
    },
    {
      "iconFile": "skill0016.png",
      "minPlayerLevel": 5,
      "name": "Mortal Blow",
      "skillId": 16,
      "skillLevel": 1,
      "spCost": 50,
    },
    {
      "iconFile": "skill0016.png",
      "minPlayerLevel": 5,
      "name": "Mortal Blow",
      "skillId": 16,
      "skillLevel": 2,
      "spCost": 50,
    },
    {
      "iconFile": "skill0016.png",
      "minPlayerLevel": 5,
      "name": "Mortal Blow",
      "skillId": 16,
      "skillLevel": 3,
      "spCost": 50,
    },
    {
      "iconFile": "skill0016.png",
      "minPlayerLevel": 10,
      "name": "Mortal Blow",
      "skillId": 16,
      "skillLevel": 4,
      "spCost": 370,
    },
    {
      "iconFile": "skill0016.png",
      "minPlayerLevel": 10,
      "name": "Mortal Blow",
      "skillId": 16,
      "skillLevel": 5,
      "spCost": 370,
    },
    {
      "iconFile": "skill0016.png",
      "minPlayerLevel": 10,
      "name": "Mortal Blow",
      "skillId": 16,
      "skillLevel": 6,
      "spCost": 370,
    },
    {
      "iconFile": "skill0016.png",
      "minPlayerLevel": 15,
      "name": "Mortal Blow",
      "skillId": 16,
      "skillLevel": 7,
      "spCost": 1300,
    },
    {
      "iconFile": "skill0016.png",
      "minPlayerLevel": 15,
      "name": "Mortal Blow",
      "skillId": 16,
      "skillLevel": 8,
      "spCost": 1300,
    },
    {
      "iconFile": "skill0016.png",
      "minPlayerLevel": 15,
      "name": "Mortal Blow",
      "skillId": 16,
      "skillLevel": 9,
      "spCost": 1300,
    },
    {
      "iconFile": "skill0056.png",
      "minPlayerLevel": 5,
      "name": "Power Shot",
      "skillId": 56,
      "skillLevel": 1,
      "spCost": 50,
    },
    {
      "iconFile": "skill0056.png",
      "minPlayerLevel": 5,
      "name": "Power Shot",
      "skillId": 56,
      "skillLevel": 2,
      "spCost": 50,
    },
    {
      "iconFile": "skill0056.png",
      "minPlayerLevel": 5,
      "name": "Power Shot",
      "skillId": 56,
      "skillLevel": 3,
      "spCost": 50,
    },
    {
      "iconFile": "skill0056.png",
      "minPlayerLevel": 10,
      "name": "Power Shot",
      "skillId": 56,
      "skillLevel": 4,
      "spCost": 370,
    },
    {
      "iconFile": "skill0056.png",
      "minPlayerLevel": 10,
      "name": "Power Shot",
      "skillId": 56,
      "skillLevel": 5,
      "spCost": 370,
    },
    {
      "iconFile": "skill0056.png",
      "minPlayerLevel": 10,
      "name": "Power Shot",
      "skillId": 56,
      "skillLevel": 6,
      "spCost": 370,
    },
    {
      "iconFile": "skill0056.png",
      "minPlayerLevel": 15,
      "name": "Power Shot",
      "skillId": 56,
      "skillLevel": 7,
      "spCost": 1300,
    },
    {
      "iconFile": "skill0056.png",
      "minPlayerLevel": 15,
      "name": "Power Shot",
      "skillId": 56,
      "skillLevel": 8,
      "spCost": 1300,
    },
    {
      "iconFile": "skill0056.png",
      "minPlayerLevel": 15,
      "name": "Power Shot",
      "skillId": 56,
      "skillLevel": 9,
      "spCost": 1300,
    },
    {
      "iconFile": "skill0141.png",
      "minPlayerLevel": 5,
      "name": "Weapon Mastery",
      "skillId": 141,
      "skillLevel": 1,
      "spCost": 160,
    },
    {
      "iconFile": "skill0141.png",
      "minPlayerLevel": 10,
      "name": "Weapon Mastery",
      "skillId": 141,
      "skillLevel": 2,
      "spCost": 1100,
    },
    {
      "iconFile": "skill0141.png",
      "minPlayerLevel": 15,
      "name": "Weapon Mastery",
      "skillId": 141,
      "skillLevel": 3,
      "spCost": 4000,
    },
    {
      "iconFile": "skill0142.png",
      "minPlayerLevel": 5,
      "name": "Armor Mastery",
      "skillId": 142,
      "skillLevel": 1,
      "spCost": 160,
    },
    {
      "iconFile": "skill0142.png",
      "minPlayerLevel": 10,
      "name": "Armor Mastery",
      "skillId": 142,
      "skillLevel": 2,
      "spCost": 550,
    },
    {
      "iconFile": "skill0142.png",
      "minPlayerLevel": 10,
      "name": "Armor Mastery",
      "skillId": 142,
      "skillLevel": 3,
      "spCost": 550,
    },
    {
      "iconFile": "skill0142.png",
      "minPlayerLevel": 15,
      "name": "Armor Mastery",
      "skillId": 142,
      "skillLevel": 4,
      "spCost": 2000,
    },
    {
      "iconFile": "skill0142.png",
      "minPlayerLevel": 15,
      "name": "Armor Mastery",
      "skillId": 142,
      "skillLevel": 5,
      "spCost": 2000,
    },
    {
      "iconFile": "skill0194.png",
      "minPlayerLevel": 1,
      "name": "Lucky",
      "skillId": 194,
      "skillLevel": 1,
      "spCost": 0,
    },
    {
      "iconFile": "skill0226.png",
      "minPlayerLevel": 5,
      "name": "Relax",
      "skillId": 226,
      "skillLevel": 1,
      "spCost": 160,
    },
    {
      "iconFile": "skill0239.png",
      "minPlayerLevel": 20,
      "name": "Expertise S",
      "skillId": 239,
      "skillLevel": 1,
      "spCost": 0,
    },
    {
      "iconFile": "skill0239.png",
      "minPlayerLevel": 40,
      "name": "Expertise S",
      "skillId": 239,
      "skillLevel": 2,
      "spCost": 0,
    },
    {
      "iconFile": "skill0239.png",
      "minPlayerLevel": 52,
      "name": "Expertise S",
      "skillId": 239,
      "skillLevel": 3,
      "spCost": 0,
    },
    {
      "iconFile": "skill0239.png",
      "minPlayerLevel": 61,
      "name": "Expertise S",
      "skillId": 239,
      "skillLevel": 4,
      "spCost": 0,
    },
    {
      "iconFile": "skill0239.png",
      "minPlayerLevel": 76,
      "name": "Expertise S",
      "skillId": 239,
      "skillLevel": 5,
      "spCost": 0,
    },
    {
      "iconFile": null,
      "minPlayerLevel": 1,
      "name": "Create Common Item",
      "skillId": 1320,
      "skillLevel": 1,
      "spCost": 0,
    },
    {
      "iconFile": null,
      "minPlayerLevel": 20,
      "name": "Create Common Item",
      "skillId": 1320,
      "skillLevel": 2,
      "spCost": 0,
    },
    {
      "iconFile": null,
      "minPlayerLevel": 28,
      "name": "Create Common Item",
      "skillId": 1320,
      "skillLevel": 3,
      "spCost": 0,
    },
    {
      "iconFile": null,
      "minPlayerLevel": 36,
      "name": "Create Common Item",
      "skillId": 1320,
      "skillLevel": 4,
      "spCost": 0,
    },
    {
      "iconFile": null,
      "minPlayerLevel": 43,
      "name": "Create Common Item",
      "skillId": 1320,
      "skillLevel": 5,
      "spCost": 0,
    },
    {
      "iconFile": null,
      "minPlayerLevel": 49,
      "name": "Create Common Item",
      "skillId": 1320,
      "skillLevel": 6,
      "spCost": 0,
    },
    {
      "iconFile": null,
      "minPlayerLevel": 55,
      "name": "Create Common Item",
      "skillId": 1320,
      "skillLevel": 7,
      "spCost": 0,
    },
    {
      "iconFile": null,
      "minPlayerLevel": 62,
      "name": "Create Common Item",
      "skillId": 1320,
      "skillLevel": 8,
      "spCost": 0,
    },
    {
      "iconFile": null,
      "minPlayerLevel": 70,
      "name": "Create Common Item",
      "skillId": 1320,
      "skillLevel": 9,
      "spCost": 0,
    },
    {
      "iconFile": null,
      "minPlayerLevel": 1,
      "name": "Common Craft",
      "skillId": 1322,
      "skillLevel": 1,
      "spCost": 0,
    },
  ],
  "type": "Fighter",
}
`;

exports[`class 4 (Human Knight) detail DTO matches snapshot 1`] = `
{
  "childClassIds": [
    5,
    6,
  ],
  "id": 4,
  "name": "Human Knight",
  "parentClassId": 0,
  "professionLevel": 1,
  "race": "Human",
  "skills": [
    {
      "iconFile": "skill0028.png",
      "minPlayerLevel": 24,
      "name": "Aggression",
      "skillId": 28,
      "skillLevel": 1,
      "spCost": 3300,
    },
    {
      "iconFile": "skill0028.png",
      "minPlayerLevel": 24,
      "name": "Aggression",
      "skillId": 28,
      "skillLevel": 2,
      "spCost": 3300,
    },
    {
      "iconFile": "skill0028.png",
      "minPlayerLevel": 24,
      "name": "Aggression",
      "skillId": 28,
      "skillLevel": 3,
      "spCost": 3300,
    },
    {
      "iconFile": "skill0028.png",
      "minPlayerLevel": 28,
      "name": "Aggression",
      "skillId": 28,
      "skillLevel": 4,
      "spCost": 4000,
    },
    {
      "iconFile": "skill0028.png",
      "minPlayerLevel": 28,
      "name": "Aggression",
      "skillId": 28,
      "skillLevel": 5,
      "spCost": 4000,
    },
    {
      "iconFile": "skill0028.png",
      "minPlayerLevel": 28,
      "name": "Aggression",
      "skillId": 28,
      "skillLevel": 6,
      "spCost": 4000,
    },
    {
      "iconFile": "skill0028.png",
      "minPlayerLevel": 32,
      "name": "Aggression",
      "skillId": 28,
      "skillLevel": 7,
      "spCost": 8300,
    },
    {
      "iconFile": "skill0028.png",
      "minPlayerLevel": 32,
      "name": "Aggression",
      "skillId": 28,
      "skillLevel": 8,
      "spCost": 8300,
    },
    {
      "iconFile": "skill0028.png",
      "minPlayerLevel": 32,
      "name": "Aggression",
      "skillId": 28,
      "skillLevel": 9,
      "spCost": 8300,
    },
    {
      "iconFile": "skill0028.png",
      "minPlayerLevel": 36,
      "name": "Aggression",
      "skillId": 28,
      "skillLevel": 10,
      "spCost": 13000,
    },
    {
      "iconFile": "skill0028.png",
      "minPlayerLevel": 36,
      "name": "Aggression",
      "skillId": 28,
      "skillLevel": 11,
      "spCost": 13000,
    },
    {
      "iconFile": "skill0028.png",
      "minPlayerLevel": 36,
      "name": "Aggression",
      "skillId": 28,
      "skillLevel": 12,
      "spCost": 13000,
    },
    {
      "iconFile": "skill0045.png",
      "minPlayerLevel": 28,
      "name": "Divine Heal",
      "skillId": 45,
      "skillLevel": 1,
      "spCost": 4000,
      "spellbookItemId": 1378,
    },
    {
      "iconFile": "skill0045.png",
      "minPlayerLevel": 28,
      "name": "Divine Heal",
      "skillId": 45,
      "skillLevel": 2,
      "spCost": 4000,
      "spellbookItemId": 1378,
    },
    {
      "iconFile": "skill0045.png",
      "minPlayerLevel": 28,
      "name": "Divine Heal",
      "skillId": 45,
      "skillLevel": 3,
      "spCost": 4000,
      "spellbookItemId": 1378,
    },
    {
      "iconFile": "skill0045.png",
      "minPlayerLevel": 32,
      "name": "Divine Heal",
      "skillId": 45,
      "skillLevel": 4,
      "spCost": 8300,
      "spellbookItemId": 1378,
    },
    {
      "iconFile": "skill0045.png",
      "minPlayerLevel": 32,
      "name": "Divine Heal",
      "skillId": 45,
      "skillLevel": 5,
      "spCost": 8300,
      "spellbookItemId": 1378,
    },
    {
      "iconFile": "skill0045.png",
      "minPlayerLevel": 32,
      "name": "Divine Heal",
      "skillId": 45,
      "skillLevel": 6,
      "spCost": 8300,
      "spellbookItemId": 1378,
    },
    {
      "iconFile": "skill0045.png",
      "minPlayerLevel": 36,
      "name": "Divine Heal",
      "skillId": 45,
      "skillLevel": 7,
      "spCost": 13000,
      "spellbookItemId": 1378,
    },
    {
      "iconFile": "skill0045.png",
      "minPlayerLevel": 36,
      "name": "Divine Heal",
      "skillId": 45,
      "skillLevel": 8,
      "spCost": 13000,
      "spellbookItemId": 1378,
    },
    {
      "iconFile": "skill0045.png",
      "minPlayerLevel": 36,
      "name": "Divine Heal",
      "skillId": 45,
      "skillLevel": 9,
      "spCost": 13000,
      "spellbookItemId": 1378,
    },
    {
      "iconFile": "skill0070.png",
      "minPlayerLevel": 20,
      "name": "Drain Health",
      "skillId": 70,
      "skillLevel": 1,
      "spCost": 2300,
      "spellbookItemId": 1097,
    },
    {
      "iconFile": "skill0070.png",
      "minPlayerLevel": 20,
      "name": "Drain Health",
      "skillId": 70,
      "skillLevel": 2,
      "spCost": 2300,
      "spellbookItemId": 1097,
    },
    {
      "iconFile": "skill0070.png",
      "minPlayerLevel": 24,
      "name": "Drain Health",
      "skillId": 70,
      "skillLevel": 3,
      "spCost": 5000,
      "spellbookItemId": 1097,
    },
    {
      "iconFile": "skill0070.png",
      "minPlayerLevel": 24,
      "name": "Drain Health",
      "skillId": 70,
      "skillLevel": 4,
      "spCost": 5000,
      "spellbookItemId": 1097,
    },
    {
      "iconFile": "skill0070.png",
      "minPlayerLevel": 28,
      "name": "Drain Health",
      "skillId": 70,
      "skillLevel": 5,
      "spCost": 4000,
      "spellbookItemId": 1097,
    },
    {
      "iconFile": "skill0070.png",
      "minPlayerLevel": 28,
      "name": "Drain Health",
      "skillId": 70,
      "skillLevel": 6,
      "spCost": 4000,
      "spellbookItemId": 1097,
    },
    {
      "iconFile": "skill0070.png",
      "minPlayerLevel": 28,
      "name": "Drain Health",
      "skillId": 70,
      "skillLevel": 7,
      "spCost": 4000,
      "spellbookItemId": 1097,
    },
    {
      "iconFile": "skill0070.png",
      "minPlayerLevel": 32,
      "name": "Drain Health",
      "skillId": 70,
      "skillLevel": 8,
      "spCost": 8300,
      "spellbookItemId": 1097,
    },
    {
      "iconFile": "skill0070.png",
      "minPlayerLevel": 32,
      "name": "Drain Health",
      "skillId": 70,
      "skillLevel": 9,
      "spCost": 8300,
      "spellbookItemId": 1097,
    },
    {
      "iconFile": "skill0070.png",
      "minPlayerLevel": 32,
      "name": "Drain Health",
      "skillId": 70,
      "skillLevel": 10,
      "spCost": 8300,
      "spellbookItemId": 1097,
    },
    {
      "iconFile": "skill0070.png",
      "minPlayerLevel": 36,
      "name": "Drain Health",
      "skillId": 70,
      "skillLevel": 11,
      "spCost": 13000,
      "spellbookItemId": 1097,
    },
    {
      "iconFile": "skill0070.png",
      "minPlayerLevel": 36,
      "name": "Drain Health",
      "skillId": 70,
      "skillLevel": 12,
      "spCost": 13000,
      "spellbookItemId": 1097,
    },
    {
      "iconFile": "skill0070.png",
      "minPlayerLevel": 36,
      "name": "Drain Health",
      "skillId": 70,
      "skillLevel": 13,
      "spCost": 13000,
      "spellbookItemId": 1097,
    },
    {
      "iconFile": "skill0082.png",
      "minPlayerLevel": 20,
      "name": "Majesty",
      "skillId": 82,
      "skillLevel": 1,
      "spCost": 4700,
    },
    {
      "iconFile": "skill0092.png",
      "minPlayerLevel": 20,
      "name": "Shield Stun",
      "skillId": 92,
      "skillLevel": 1,
      "spCost": 1500,
    },
    {
      "iconFile": "skill0092.png",
      "minPlayerLevel": 20,
      "name": "Shield Stun",
      "skillId": 92,
      "skillLevel": 2,
      "spCost": 1500,
    },
    {
      "iconFile": "skill0092.png",
      "minPlayerLevel": 20,
      "name": "Shield Stun",
      "skillId": 92,
      "skillLevel": 3,
      "spCost": 1500,
    },
    {
      "iconFile": "skill0092.png",
      "minPlayerLevel": 24,
      "name": "Shield Stun",
      "skillId": 92,
      "skillLevel": 4,
      "spCost": 3300,
    },
    {
      "iconFile": "skill0092.png",
      "minPlayerLevel": 24,
      "name": "Shield Stun",
      "skillId": 92,
      "skillLevel": 5,
      "spCost": 3300,
    },
    {
      "iconFile": "skill0092.png",
      "minPlayerLevel": 24,
      "name": "Shield Stun",
      "skillId": 92,
      "skillLevel": 6,
      "spCost": 3300,
    },
    {
      "iconFile": "skill0092.png",
      "minPlayerLevel": 28,
      "name": "Shield Stun",
      "skillId": 92,
      "skillLevel": 7,
      "spCost": 4000,
    },
    {
      "iconFile": "skill0092.png",
      "minPlayerLevel": 28,
      "name": "Shield Stun",
      "skillId": 92,
      "skillLevel": 8,
      "spCost": 4000,
    },
    {
      "iconFile": "skill0092.png",
      "minPlayerLevel": 28,
      "name": "Shield Stun",
      "skillId": 92,
      "skillLevel": 9,
      "spCost": 4000,
    },
    {
      "iconFile": "skill0092.png",
      "minPlayerLevel": 32,
      "name": "Shield Stun",
      "skillId": 92,
      "skillLevel": 10,
      "spCost": 8300,
    },
    {
      "iconFile": "skill0092.png",
      "minPlayerLevel": 32,
      "name": "Shield Stun",
      "skillId": 92,
      "skillLevel": 11,
      "spCost": 8300,
    },
    {
      "iconFile": "skill0092.png",
      "minPlayerLevel": 32,
      "name": "Shield Stun",
      "skillId": 92,
      "skillLevel": 12,
      "spCost": 8300,
    },
    {
      "iconFile": "skill0092.png",
      "minPlayerLevel": 36,
      "name": "Shield Stun",
      "skillId": 92,
      "skillLevel": 13,
      "spCost": 13000,
    },
    {
      "iconFile": "skill0092.png",
      "minPlayerLevel": 36,
      "name": "Shield Stun",
      "skillId": 92,
      "skillLevel": 14,
      "spCost": 13000,
    },
    {
      "iconFile": "skill0092.png",
      "minPlayerLevel": 36,
      "name": "Shield Stun",
      "skillId": 92,
      "skillLevel": 15,
      "spCost": 13000,
    },
    {
      "iconFile": "skill0110.png",
      "minPlayerLevel": 20,
      "name": "Ultimate Defense",
      "skillId": 110,
      "skillLevel": 1,
      "spCost": 4700,
    },
    {
      "iconFile": "skill0112.png",
      "minPlayerLevel": 24,
      "name": "Deflect Arrow",
      "skillId": 112,
      "skillLevel": 1,
      "spCost": 10000,
    },
    {
      "iconFile": "skill0112.png",
      "minPlayerLevel": 32,
      "name": "Deflect Arrow",
      "skillId": 112,
      "skillLevel": 2,
      "spCost": 25000,
    },
    {
      "iconFile": "skill0147.png",
      "minPlayerLevel": 20,
      "name": "Magic Resistance",
      "skillId": 147,
      "skillLevel": 1,
      "spCost": 2300,
    },
    {
      "iconFile": "skill0147.png",
      "minPlayerLevel": 20,
      "name": "Magic Resistance",
      "skillId": 147,
      "skillLevel": 2,
      "spCost": 2300,
    },
    {
      "iconFile": "skill0147.png",
      "minPlayerLevel": 24,
      "name": "Magic Resistance",
      "skillId": 147,
      "skillLevel": 3,
      "spCost": 3300,
    },
    {
      "iconFile": "skill0147.png",
      "minPlayerLevel": 24,
      "name": "Magic Resistance",
      "skillId": 147,
      "skillLevel": 4,
      "spCost": 3300,
    },
    {
      "iconFile": "skill0147.png",
      "minPlayerLevel": 24,
      "name": "Magic Resistance",
      "skillId": 147,
      "skillLevel": 5,
      "spCost": 3300,
    },
    {
      "iconFile": "skill0147.png",
      "minPlayerLevel": 28,
      "name": "Magic Resistance",
      "skillId": 147,
      "skillLevel": 6,
      "spCost": 4000,
    },
    {
      "iconFile": "skill0147.png",
      "minPlayerLevel": 28,
      "name": "Magic Resistance",
      "skillId": 147,
      "skillLevel": 7,
      "spCost": 4000,
    },
    {
      "iconFile": "skill0147.png",
      "minPlayerLevel": 28,
      "name": "Magic Resistance",
      "skillId": 147,
      "skillLevel": 8,
      "spCost": 4000,
    },
    {
      "iconFile": "skill0147.png",
      "minPlayerLevel": 32,
      "name": "Magic Resistance",
      "skillId": 147,
      "skillLevel": 9,
      "spCost": 8300,
    },
    {
      "iconFile": "skill0147.png",
      "minPlayerLevel": 32,
      "name": "Magic Resistance",
      "skillId": 147,
      "skillLevel": 10,
      "spCost": 8300,
    },
    {
      "iconFile": "skill0147.png",
      "minPlayerLevel": 32,
      "name": "Magic Resistance",
      "skillId": 147,
      "skillLevel": 11,
      "spCost": 8300,
    },
    {
      "iconFile": "skill0147.png",
      "minPlayerLevel": 36,
      "name": "Magic Resistance",
      "skillId": 147,
      "skillLevel": 12,
      "spCost": 13000,
    },
    {
      "iconFile": "skill0147.png",
      "minPlayerLevel": 36,
      "name": "Magic Resistance",
      "skillId": 147,
      "skillLevel": 13,
      "spCost": 13000,
    },
    {
      "iconFile": "skill0147.png",
      "minPlayerLevel": 36,
      "name": "Magic Resistance",
      "skillId": 147,
      "skillLevel": 14,
      "spCost": 13000,
    },
    {
      "iconFile": "skill0153.png",
      "minPlayerLevel": 20,
      "name": "Shield Mastery",
      "skillId": 153,
      "skillLevel": 1,
      "spCost": 4700,
    },
    {
      "iconFile": "skill0153.png",
      "minPlayerLevel": 28,
      "name": "Shield Mastery",
      "skillId": 153,
      "skillLevel": 2,
      "spCost": 12000,
    },
    {
      "iconFile": "skill0191.png",
      "minPlayerLevel": 36,
      "name": "Focus Mind",
      "skillId": 191,
      "skillLevel": 1,
      "spCost": 39000,
    },
    {
      "iconFile": "skill0217.png",
      "minPlayerLevel": 20,
      "name": "Sword Blunt Mastery",
      "skillId": 217,
      "skillLevel": 1,
      "spCost": 4700,
    },
    {
      "iconFile": "skill0217.png",
      "minPlayerLevel": 24,
      "name": "Sword Blunt Mastery",
      "skillId": 217,
      "skillLevel": 2,
      "spCost": 10000,
    },
    {
      "iconFile": "skill0217.png",
      "minPlayerLevel": 28,
      "name": "Sword Blunt Mastery",
      "skillId": 217,
      "skillLevel": 3,
      "spCost": 6000,
    },
    {
      "iconFile": "skill0217.png",
      "minPlayerLevel": 28,
      "name": "Sword Blunt Mastery",
      "skillId": 217,
      "skillLevel": 4,
      "spCost": 6000,
    },
    {
      "iconFile": "skill0217.png",
      "minPlayerLevel": 32,
      "name": "Sword Blunt Mastery",
      "skillId": 217,
      "skillLevel": 5,
      "spCost": 13000,
    },
    {
      "iconFile": "skill0217.png",
      "minPlayerLevel": 32,
      "name": "Sword Blunt Mastery",
      "skillId": 217,
      "skillLevel": 6,
      "spCost": 13000,
    },
    {
      "iconFile": "skill0217.png",
      "minPlayerLevel": 36,
      "name": "Sword Blunt Mastery",
      "skillId": 217,
      "skillLevel": 7,
      "spCost": 19000,
    },
    {
      "iconFile": "skill0217.png",
      "minPlayerLevel": 36,
      "name": "Sword Blunt Mastery",
      "skillId": 217,
      "skillLevel": 8,
      "spCost": 19000,
    },
    {
      "iconFile": "skill0232.png",
      "minPlayerLevel": 20,
      "name": "Heavy Armor Mastery",
      "skillId": 232,
      "skillLevel": 1,
      "spCost": 1500,
    },
    {
      "iconFile": "skill0232.png",
      "minPlayerLevel": 20,
      "name": "Heavy Armor Mastery",
      "skillId": 232,
      "skillLevel": 2,
      "spCost": 1500,
    },
    {
      "iconFile": "skill0232.png",
      "minPlayerLevel": 20,
      "name": "Heavy Armor Mastery",
      "skillId": 232,
      "skillLevel": 3,
      "spCost": 1500,
    },
    {
      "iconFile": "skill0232.png",
      "minPlayerLevel": 24,
      "name": "Heavy Armor Mastery",
      "skillId": 232,
      "skillLevel": 4,
      "spCost": 3300,
    },
    {
      "iconFile": "skill0232.png",
      "minPlayerLevel": 24,
      "name": "Heavy Armor Mastery",
      "skillId": 232,
      "skillLevel": 5,
      "spCost": 3300,
    },
    {
      "iconFile": "skill0232.png",
      "minPlayerLevel": 24,
      "name": "Heavy Armor Mastery",
      "skillId": 232,
      "skillLevel": 6,
      "spCost": 3300,
    },
    {
      "iconFile": "skill0232.png",
      "minPlayerLevel": 28,
      "name": "Heavy Armor Mastery",
      "skillId": 232,
      "skillLevel": 7,
      "spCost": 4000,
    },
    {
      "iconFile": "skill0232.png",
      "minPlayerLevel": 28,
      "name": "Heavy Armor Mastery",
      "skillId": 232,
      "skillLevel": 8,
      "spCost": 4000,
    },
    {
      "iconFile": "skill0232.png",
      "minPlayerLevel": 28,
      "name": "Heavy Armor Mastery",
      "skillId": 232,
      "skillLevel": 9,
      "spCost": 4000,
    },
    {
      "iconFile": "skill0232.png",
      "minPlayerLevel": 32,
      "name": "Heavy Armor Mastery",
      "skillId": 232,
      "skillLevel": 10,
      "spCost": 8300,
    },
    {
      "iconFile": "skill0232.png",
      "minPlayerLevel": 32,
      "name": "Heavy Armor Mastery",
      "skillId": 232,
      "skillLevel": 11,
      "spCost": 8300,
    },
    {
      "iconFile": "skill0232.png",
      "minPlayerLevel": 32,
      "name": "Heavy Armor Mastery",
      "skillId": 232,
      "skillLevel": 12,
      "spCost": 8300,
    },
    {
      "iconFile": "skill0232.png",
      "minPlayerLevel": 36,
      "name": "Heavy Armor Mastery",
      "skillId": 232,
      "skillLevel": 13,
      "spCost": 13000,
    },
    {
      "iconFile": "skill0232.png",
      "minPlayerLevel": 36,
      "name": "Heavy Armor Mastery",
      "skillId": 232,
      "skillLevel": 14,
      "spCost": 13000,
    },
    {
      "iconFile": "skill0232.png",
      "minPlayerLevel": 36,
      "name": "Heavy Armor Mastery",
      "skillId": 232,
      "skillLevel": 15,
      "spCost": 13000,
    },
  ],
  "type": "Fighter",
}
`;

exports[`class 90 (Phoenix Knight) detail DTO matches snapshot 1`] = `
{
  "childClassIds": [],
  "id": 90,
  "name": "Phoenix Knight",
  "parentClassId": 5,
  "professionLevel": 3,
  "race": "Human",
  "skills": [
    {
      "iconFile": "skill0328.png",
      "minPlayerLevel": 76,
      "name": "Wisdom",
      "skillId": 328,
      "skillLevel": 1,
      "spCost": 10000000,
    },
    {
      "iconFile": "skill0329.png",
      "minPlayerLevel": 76,
      "name": "Health",
      "skillId": 329,
      "skillLevel": 1,
      "spCost": 10000000,
    },
    {
      "iconFile": "skill0335.png",
      "minPlayerLevel": 76,
      "name": "Fortitude",
      "skillId": 335,
      "skillLevel": 1,
      "spCost": 10000000,
    },
    {
      "iconFile": "skill0341.png",
      "minPlayerLevel": 78,
      "name": "Touch of Life",
      "skillId": 341,
      "skillLevel": 1,
      "spCost": 21340000,
    },
    {
      "iconFile": "skill0350.png",
      "minPlayerLevel": 78,
      "name": "Physical Mirror",
      "skillId": 350,
      "skillLevel": 1,
      "spCost": 21340000,
    },
    {
      "iconFile": "skill0353.png",
      "minPlayerLevel": 77,
      "name": "Shield Slam",
      "skillId": 353,
      "skillLevel": 1,
      "spCost": 13000000,
    },
    {
      "iconFile": "skill0368.png",
      "minPlayerLevel": 77,
      "name": "Vengeance",
      "skillId": 368,
      "skillLevel": 1,
      "spCost": 13000000,
    },
    {
      "iconFile": "skill0426.png",
      "minPlayerLevel": 77,
      "name": "Battle Force",
      "skillId": 426,
      "skillLevel": 1,
      "spCost": 13000000,
    },
    {
      "iconFile": "skill0429.png",
      "minPlayerLevel": 78,
      "name": "Knighthood",
      "skillId": 429,
      "skillLevel": 1,
      "spCost": 21340000,
    },
    {
      "iconFile": "skill0438.png",
      "minPlayerLevel": 79,
      "name": "Soul of the Phoenix",
      "skillId": 438,
      "skillLevel": 1,
      "spCost": 80000000,
      "spellbookItemId": 8877,
    },
    {
      "iconFile": "skill0454.png",
      "minPlayerLevel": 80,
      "name": "Symbol of Defense",
      "skillId": 454,
      "skillLevel": 1,
      "spCost": 150000000,
      "spellbookItemId": 8892,
    },
    {
      "iconFile": "skill1405.png",
      "minPlayerLevel": 76,
      "name": "Divine Inspiration",
      "skillId": 1405,
      "skillLevel": 3,
      "spCost": -1,
    },
    {
      "iconFile": "skill1405.png",
      "minPlayerLevel": 76,
      "name": "Divine Inspiration",
      "skillId": 1405,
      "skillLevel": 4,
      "spCost": -1,
    },
  ],
  "type": "Fighter",
}
`;

exports[`classes list DTO matches snapshot 1`] = `
{
  "items": [
    {
      "id": 0,
      "name": "Human Fighter",
      "parentClassId": null,
      "professionLevel": 0,
      "race": "Human",
      "type": "Fighter",
    },
    {
      "id": 1,
      "name": "Warrior",
      "parentClassId": 0,
      "professionLevel": 1,
      "race": "Human",
      "type": "Fighter",
    },
    {
      "id": 2,
      "name": "Gladiator",
      "parentClassId": 1,
      "professionLevel": 2,
      "race": "Human",
      "type": "Fighter",
    },
    {
      "id": 3,
      "name": "Warlord",
      "parentClassId": 1,
      "professionLevel": 2,
      "race": "Human",
      "type": "Fighter",
    },
    {
      "id": 4,
      "name": "Human Knight",
      "parentClassId": 0,
      "professionLevel": 1,
      "race": "Human",
      "type": "Fighter",
    },
    {
      "id": 5,
      "name": "Paladin",
      "parentClassId": 4,
      "professionLevel": 2,
      "race": "Human",
      "type": "Fighter",
    },
    {
      "id": 6,
      "name": "Dark Avenger",
      "parentClassId": 4,
      "professionLevel": 2,
      "race": "Human",
      "type": "Fighter",
    },
    {
      "id": 7,
      "name": "Rogue",
      "parentClassId": 0,
      "professionLevel": 1,
      "race": "Human",
      "type": "Fighter",
    },
    {
      "id": 8,
      "name": "Treasure Hunter",
      "parentClassId": 7,
      "professionLevel": 2,
      "race": "Human",
      "type": "Fighter",
    },
    {
      "id": 9,
      "name": "Hawkeye",
      "parentClassId": 7,
      "professionLevel": 2,
      "race": "Human",
      "type": "Fighter",
    },
    {
      "id": 10,
      "name": "Human Mystic",
      "parentClassId": null,
      "professionLevel": 0,
      "race": "Human",
      "type": "Mystic",
    },
    {
      "id": 11,
      "name": "Human Wizard",
      "parentClassId": 10,
      "professionLevel": 1,
      "race": "Human",
      "type": "Mystic",
    },
    {
      "id": 12,
      "name": "Sorcerer",
      "parentClassId": 11,
      "professionLevel": 2,
      "race": "Human",
      "type": "Mystic",
    },
    {
      "id": 13,
      "name": "Necromancer",
      "parentClassId": 11,
      "professionLevel": 2,
      "race": "Human",
      "type": "Mystic",
    },
    {
      "id": 14,
      "name": "Warlock",
      "parentClassId": 11,
      "professionLevel": 2,
      "race": "Human",
      "type": "Mystic",
    },
    {
      "id": 15,
      "name": "Cleric",
      "parentClassId": 10,
      "professionLevel": 1,
      "race": "Human",
      "type": "Priest",
    },
    {
      "id": 16,
      "name": "Bishop",
      "parentClassId": 15,
      "professionLevel": 2,
      "race": "Human",
      "type": "Priest",
    },
    {
      "id": 17,
      "name": "Prophet",
      "parentClassId": 15,
      "professionLevel": 2,
      "race": "Human",
      "type": "Priest",
    },
    {
      "id": 18,
      "name": "Elven Fighter",
      "parentClassId": null,
      "professionLevel": 0,
      "race": "Elf",
      "type": "Fighter",
    },
    {
      "id": 19,
      "name": "Elven Knight",
      "parentClassId": 18,
      "professionLevel": 1,
      "race": "Elf",
      "type": "Fighter",
    },
    {
      "id": 20,
      "name": "Temple Knight",
      "parentClassId": 19,
      "professionLevel": 2,
      "race": "Elf",
      "type": "Fighter",
    },
    {
      "id": 21,
      "name": "Sword Singer",
      "parentClassId": 19,
      "professionLevel": 2,
      "race": "Elf",
      "type": "Fighter",
    },
    {
      "id": 22,
      "name": "Elven Scout",
      "parentClassId": 18,
      "professionLevel": 1,
      "race": "Elf",
      "type": "Fighter",
    },
    {
      "id": 23,
      "name": "Plains Walker",
      "parentClassId": 22,
      "professionLevel": 2,
      "race": "Elf",
      "type": "Fighter",
    },
    {
      "id": 24,
      "name": "Silver Ranger",
      "parentClassId": 22,
      "professionLevel": 2,
      "race": "Elf",
      "type": "Fighter",
    },
    {
      "id": 25,
      "name": "Elven Mystic",
      "parentClassId": null,
      "professionLevel": 0,
      "race": "Elf",
      "type": "Mystic",
    },
    {
      "id": 26,
      "name": "Elven Wizard",
      "parentClassId": 25,
      "professionLevel": 1,
      "race": "Elf",
      "type": "Mystic",
    },
    {
      "id": 27,
      "name": "Spellsinger",
      "parentClassId": 26,
      "professionLevel": 2,
      "race": "Elf",
      "type": "Mystic",
    },
    {
      "id": 28,
      "name": "Elemental Summoner",
      "parentClassId": 26,
      "professionLevel": 2,
      "race": "Elf",
      "type": "Mystic",
    },
    {
      "id": 29,
      "name": "Elven Oracle",
      "parentClassId": 25,
      "professionLevel": 1,
      "race": "Elf",
      "type": "Priest",
    },
    {
      "id": 30,
      "name": "Elven Elder",
      "parentClassId": 29,
      "professionLevel": 2,
      "race": "Elf",
      "type": "Priest",
    },
    {
      "id": 31,
      "name": "Dark Fighter",
      "parentClassId": null,
      "professionLevel": 0,
      "race": "Dark Elf",
      "type": "Fighter",
    },
    {
      "id": 32,
      "name": "Palus Knight",
      "parentClassId": 31,
      "professionLevel": 1,
      "race": "Dark Elf",
      "type": "Fighter",
    },
    {
      "id": 33,
      "name": "Shillien Knight",
      "parentClassId": 32,
      "professionLevel": 2,
      "race": "Dark Elf",
      "type": "Fighter",
    },
    {
      "id": 34,
      "name": "Bladedancer",
      "parentClassId": 32,
      "professionLevel": 2,
      "race": "Dark Elf",
      "type": "Fighter",
    },
    {
      "id": 35,
      "name": "Assassin",
      "parentClassId": 31,
      "professionLevel": 1,
      "race": "Dark Elf",
      "type": "Fighter",
    },
    {
      "id": 36,
      "name": "Abyss Walker",
      "parentClassId": 35,
      "professionLevel": 2,
      "race": "Dark Elf",
      "type": "Fighter",
    },
    {
      "id": 37,
      "name": "Phantom Ranger",
      "parentClassId": 35,
      "professionLevel": 2,
      "race": "Dark Elf",
      "type": "Fighter",
    },
    {
      "id": 38,
      "name": "Dark Mystic",
      "parentClassId": null,
      "professionLevel": 0,
      "race": "Dark Elf",
      "type": "Mystic",
    },
    {
      "id": 39,
      "name": "Dark Wizard",
      "parentClassId": 38,
      "professionLevel": 1,
      "race": "Dark Elf",
      "type": "Mystic",
    },
    {
      "id": 40,
      "name": "Spellhowler",
      "parentClassId": 39,
      "professionLevel": 2,
      "race": "Dark Elf",
      "type": "Mystic",
    },
    {
      "id": 41,
      "name": "Phantom Summoner",
      "parentClassId": 39,
      "professionLevel": 2,
      "race": "Dark Elf",
      "type": "Mystic",
    },
    {
      "id": 42,
      "name": "Shillien Oracle",
      "parentClassId": 38,
      "professionLevel": 1,
      "race": "Dark Elf",
      "type": "Priest",
    },
    {
      "id": 43,
      "name": "Shillien Elder",
      "parentClassId": 42,
      "professionLevel": 2,
      "race": "Dark Elf",
      "type": "Priest",
    },
    {
      "id": 44,
      "name": "Orc Fighter",
      "parentClassId": null,
      "professionLevel": 0,
      "race": "Orc",
      "type": "Fighter",
    },
    {
      "id": 45,
      "name": "Orc Raider",
      "parentClassId": 44,
      "professionLevel": 1,
      "race": "Orc",
      "type": "Fighter",
    },
    {
      "id": 46,
      "name": "Destroyer",
      "parentClassId": 45,
      "professionLevel": 2,
      "race": "Orc",
      "type": "Fighter",
    },
    {
      "id": 47,
      "name": "Monk",
      "parentClassId": 44,
      "professionLevel": 1,
      "race": "Orc",
      "type": "Fighter",
    },
    {
      "id": 48,
      "name": "Tyrant",
      "parentClassId": 47,
      "professionLevel": 2,
      "race": "Orc",
      "type": "Fighter",
    },
    {
      "id": 49,
      "name": "Orc Mystic",
      "parentClassId": null,
      "professionLevel": 0,
      "race": "Orc",
      "type": "Mystic",
    },
    {
      "id": 50,
      "name": "Orc Shaman",
      "parentClassId": 49,
      "professionLevel": 1,
      "race": "Orc",
      "type": "Mystic",
    },
    {
      "id": 51,
      "name": "Overlord",
      "parentClassId": 50,
      "professionLevel": 2,
      "race": "Orc",
      "type": "Mystic",
    },
    {
      "id": 52,
      "name": "Warcryer",
      "parentClassId": 50,
      "professionLevel": 2,
      "race": "Orc",
      "type": "Mystic",
    },
    {
      "id": 53,
      "name": "Dwarven Fighter",
      "parentClassId": null,
      "professionLevel": 0,
      "race": "Dwarf",
      "type": "Fighter",
    },
    {
      "id": 54,
      "name": "Scavenger",
      "parentClassId": 53,
      "professionLevel": 1,
      "race": "Dwarf",
      "type": "Fighter",
    },
    {
      "id": 55,
      "name": "Bounty Hunter",
      "parentClassId": 54,
      "professionLevel": 2,
      "race": "Dwarf",
      "type": "Fighter",
    },
    {
      "id": 56,
      "name": "Artisan",
      "parentClassId": 53,
      "professionLevel": 1,
      "race": "Dwarf",
      "type": "Fighter",
    },
    {
      "id": 57,
      "name": "Warsmith",
      "parentClassId": 56,
      "professionLevel": 2,
      "race": "Dwarf",
      "type": "Fighter",
    },
    {
      "id": 88,
      "name": "Duelist",
      "parentClassId": 2,
      "professionLevel": 3,
      "race": "Human",
      "type": "Fighter",
    },
    {
      "id": 89,
      "name": "Dreadnought",
      "parentClassId": 3,
      "professionLevel": 3,
      "race": "Human",
      "type": "Fighter",
    },
    {
      "id": 90,
      "name": "Phoenix Knight",
      "parentClassId": 5,
      "professionLevel": 3,
      "race": "Human",
      "type": "Fighter",
    },
    {
      "id": 91,
      "name": "Hell Knight",
      "parentClassId": 6,
      "professionLevel": 3,
      "race": "Human",
      "type": "Fighter",
    },
    {
      "id": 92,
      "name": "Sagittarius",
      "parentClassId": 9,
      "professionLevel": 3,
      "race": "Human",
      "type": "Fighter",
    },
    {
      "id": 93,
      "name": "Adventurer",
      "parentClassId": 8,
      "professionLevel": 3,
      "race": "Human",
      "type": "Fighter",
    },
    {
      "id": 94,
      "name": "Archmage",
      "parentClassId": 12,
      "professionLevel": 3,
      "race": "Human",
      "type": "Mystic",
    },
    {
      "id": 95,
      "name": "Soultaker",
      "parentClassId": 13,
      "professionLevel": 3,
      "race": "Human",
      "type": "Mystic",
    },
    {
      "id": 96,
      "name": "Arcana Lord",
      "parentClassId": 14,
      "professionLevel": 3,
      "race": "Human",
      "type": "Mystic",
    },
    {
      "id": 97,
      "name": "Cardinal",
      "parentClassId": 16,
      "professionLevel": 3,
      "race": "Human",
      "type": "Priest",
    },
    {
      "id": 98,
      "name": "Hierophant",
      "parentClassId": 17,
      "professionLevel": 3,
      "race": "Human",
      "type": "Priest",
    },
    {
      "id": 99,
      "name": "Eva's Templar",
      "parentClassId": 20,
      "professionLevel": 3,
      "race": "Elf",
      "type": "Fighter",
    },
    {
      "id": 100,
      "name": "Sword Muse",
      "parentClassId": 21,
      "professionLevel": 3,
      "race": "Elf",
      "type": "Fighter",
    },
    {
      "id": 101,
      "name": "Wind Rider",
      "parentClassId": 23,
      "professionLevel": 3,
      "race": "Elf",
      "type": "Fighter",
    },
    {
      "id": 102,
      "name": "Moonlight Sentinel",
      "parentClassId": 24,
      "professionLevel": 3,
      "race": "Elf",
      "type": "Fighter",
    },
    {
      "id": 103,
      "name": "Mystic Muse",
      "parentClassId": 27,
      "professionLevel": 3,
      "race": "Elf",
      "type": "Mystic",
    },
    {
      "id": 104,
      "name": "Elemental Master",
      "parentClassId": 28,
      "professionLevel": 3,
      "race": "Elf",
      "type": "Mystic",
    },
    {
      "id": 105,
      "name": "Eva's Saint",
      "parentClassId": 30,
      "professionLevel": 3,
      "race": "Elf",
      "type": "Priest",
    },
    {
      "id": 106,
      "name": "Shillien Templar",
      "parentClassId": 33,
      "professionLevel": 3,
      "race": "Dark Elf",
      "type": "Fighter",
    },
    {
      "id": 107,
      "name": "Spectral Dancer",
      "parentClassId": 34,
      "professionLevel": 3,
      "race": "Dark Elf",
      "type": "Fighter",
    },
    {
      "id": 108,
      "name": "Ghost Hunter",
      "parentClassId": 36,
      "professionLevel": 3,
      "race": "Dark Elf",
      "type": "Fighter",
    },
    {
      "id": 109,
      "name": "Ghost Sentinel",
      "parentClassId": 37,
      "professionLevel": 3,
      "race": "Dark Elf",
      "type": "Fighter",
    },
    {
      "id": 110,
      "name": "Storm Screamer",
      "parentClassId": 40,
      "professionLevel": 3,
      "race": "Dark Elf",
      "type": "Mystic",
    },
    {
      "id": 111,
      "name": "Spectral Master",
      "parentClassId": 41,
      "professionLevel": 3,
      "race": "Dark Elf",
      "type": "Mystic",
    },
    {
      "id": 112,
      "name": "Shillien Saint",
      "parentClassId": 43,
      "professionLevel": 3,
      "race": "Dark Elf",
      "type": "Priest",
    },
    {
      "id": 113,
      "name": "Titan",
      "parentClassId": 46,
      "professionLevel": 3,
      "race": "Orc",
      "type": "Fighter",
    },
    {
      "id": 114,
      "name": "Grand Khavatari",
      "parentClassId": 48,
      "professionLevel": 3,
      "race": "Orc",
      "type": "Fighter",
    },
    {
      "id": 115,
      "name": "Dominator",
      "parentClassId": 51,
      "professionLevel": 3,
      "race": "Orc",
      "type": "Mystic",
    },
    {
      "id": 116,
      "name": "Doom Cryer",
      "parentClassId": 52,
      "professionLevel": 3,
      "race": "Orc",
      "type": "Mystic",
    },
    {
      "id": 117,
      "name": "Fortune Seeker",
      "parentClassId": 55,
      "professionLevel": 3,
      "race": "Dwarf",
      "type": "Fighter",
    },
    {
      "id": 118,
      "name": "Maestro",
      "parentClassId": 57,
      "professionLevel": 3,
      "race": "Dwarf",
      "type": "Fighter",
    },
  ],
  "total": 89,
}
`;
