// Vitest Snapshot v1, https://vitest.dev/guide/snapshot.html

exports[`npc 27059 (Hatar (Q105 kill target)) DTO matches snapshot 1`] = `
{
  "baseStats": {
    "con": 43,
    "dex": 30,
    "int": 21,
    "men": 20,
    "str": 40,
    "wit": 20,
  },
  "behavior": {
    "aggroRange": 0,
    "assistRange": 300,
  },
  "id": 27059,
  "involvedInQuests": [
    {
      "id": 105,
      "levelMin": 10,
      "name": "Skirmish with the Orcs",
      "roles": [
        "kill",
      ],
    },
  ],
  "isAggressive": false,
  "level": 11,
  "name": "Uoph",
  "npcType": "Monster",
  "primaryLocation": {
    "id": 68,
    "minLevel": 8,
    "name": "Elven Forest",
  },
  "primaryRegion": {
    "id": 1,
    "name": "Elven Village",
  },
  "race": "Humanoid",
  "raceDescription": "They have two arms, two legs, and they walk upright. Culture and communal life varies by race.",
  "raceIconFile": "skill4295.png",
  "skills": [],
  "stats": {
    "atkSpd": 253,
    "crit": 4,
    "exp": 0,
    "hp": 185,
    "mAtk": 14,
    "mDef": 47,
    "mp": 116,
    "pAtk": 21,
    "pDef": 64,
    "runSpd": 110,
    "sp": 0,
    "walkSpd": 45,
  },
  "title": "Kaboo Chief",
}
`;

exports[`npc 30048 (Darin (Q001 start)) DTO matches snapshot 1`] = `
{
  "baseStats": {
    "con": 43,
    "dex": 30,
    "int": 21,
    "men": 20,
    "str": 40,
    "wit": 20,
  },
  "behavior": {
    "aggroRange": 0,
  },
  "id": 30048,
  "isAggressive": false,
  "level": 70,
  "name": "Darin",
  "npcType": "Folk",
  "primaryLocation": {
    "id": 48,
    "minLevel": null,
    "name": "Talking Island",
  },
  "primaryRegion": {
    "id": 0,
    "name": "Talking Island Village",
  },
  "race": "Human",
  "raceDescription": "The last race created by the gods, Humans won the race war for domination of the entire world. Their strong desire for domination is perhaps fueled by the fact that their life span is the shortest among all the races.",
  "raceIconFile": "skill4416_human.png",
  "skills": [
    {
      "description": "none",
      "iconFile": "skill0000.png",
      "id": 4045,
      "level": 1,
      "name": "Resist Full Magic Attack",
    },
  ],
  "startsQuests": [
    {
      "id": 1,
      "levelMin": 2,
      "name": "Letters of Love",
    },
  ],
  "stats": {
    "atkSpd": 253,
    "crit": 4,
    "exp": 0,
    "hp": 2444,
    "mAtk": 470,
    "mDef": 217,
    "mp": 1346,
    "pAtk": 689,
    "pDef": 296,
    "runSpd": 120,
    "sp": 0,
    "walkSpd": 50,
  },
}
`;
